*** Using Compiler 'V5.05 update 1 (build 106)', folder: 'D:\Keil_v5\ARM\ARMCC\Bin'
Build target 'Demo'
compiling usercode.c...
compiling task_irq.c...
compiling threadpool.c...
compiling task_handlemode.c...
compiling task_ipccmd.c...
compiling task_test.c...
..\Apply\Task\Src\task_test.c(10): warning:  #177-D: function "S_Test_Uart3_Function" was declared but never referenced
  static void S_Test_Uart3_Function(void)
..\Apply\Task\Src\task_test.c(53): warning:  #177-D: function "S_Test_AD4111_Function" was declared but never referenced
  static void S_Test_AD4111_Function(void)
..\Apply\Task\Src\task_test.c(66): warning:  #177-D: function "S_Test_MS5837_Function" was declared but never referenced
  static void S_Test_MS5837_Function(void)
..\Apply\Task\Src\task_test.c(81): warning:  #177-D: function "S_Test_JY901S_Function" was declared but never referenced
  static void S_Test_JY901S_Function(void)
..\Apply\Task\Src\task_test.c(116): warning:  #177-D: function "S_Test_DS1337_Function" was declared but never referenced
  static void S_Test_DS1337_Function(void)
..\Apply\Task\Src\task_test.c: 5 warnings, 0 errors
compiling task_motorsys.c...
compiling task_userinit.c...
compiling task_sysinit.c...
linking...
Program Size: Code=47556 RO-data=836 RW-data=5412 ZI-data=22540  
FromELF: creating hex file...
".\Objects\STM32.axf" - 0 Error(s), 5 Warning(s).
Build Time Elapsed:  00:01:27
