Component: ARM Compiler 5.05 update 1 (build 106) Tool: armlink [4d0efa]

==============================================================================

Section Cross References

    main.o(i.main) refers to task_userinit.o(i.Task_UserInit) for Task_UserInit
    main.o(i.main) refers to kservice.o(i.rt_kprintf) for rt_kprintf
    main.o(i.main) refers to usercode.o(i.UserLogic_Code) for UserLogic_Code
    usercode.o(i.UserLogic_Code) refers to ipc.o(i.rt_sem_create) for rt_sem_create
    usercode.o(i.UserLogic_Code) refers to ipc.o(i.rt_mq_create) for rt_mq_create
    usercode.o(i.UserLogic_Code) refers to thread.o(i.rt_thread_create) for rt_thread_create
    usercode.o(i.UserLogic_Code) refers to thread.o(i.rt_thread_startup) for rt_thread_startup
    usercode.o(i.UserLogic_Code) refers to usercode.o(.data) for JY901S_Sem
    usercode.o(i.UserLogic_Code) refers to threadpool.o(i.TestThread) for TestThread
    usercode.o(i.UserLogic_Code) refers to threadpool.o(i.ReportDataThread) for ReportDataThread
    usercode.o(i.UserLogic_Code) refers to threadpool.o(i.JY901Thread) for JY901Thread
    usercode.o(i.UserLogic_Code) refers to threadpool.o(i.MS5837Thread) for MS5837Thread
    usercode.o(i.UserLogic_Code) refers to threadpool.o(i.AD4111Thread) for AD4111Thread
    usercode.o(i.UserLogic_Code) refers to threadpool.o(i.IPCcmdThread) for IPCcmdThread
    usercode.o(i.UserLogic_Code) refers to threadpool.o(i.IMX6ULLThread) for IMX6ULLThread
    usercode.o(i.UserLogic_Code) refers to threadpool.o(i.DS1337Thread) for DS1337Thread
    usercode.o(i.UserLogic_Code) refers to threadpool.o(i.HandleModeThread) for HandleModeThread
    usercode.o(i.UserLogic_Code) refers to threadpool.o(i.AutoModeThread) for AutoModeThread
    usercode.o(i.UserLogic_Code) refers to threadpool.o(i.MotorSysThread) for MotorSysThread
    threadpool.o(i.AD4111Thread) refers to task_ad4111.o(i.Task_AD4111_Sync) for Task_AD4111_Sync
    threadpool.o(i.AD4111Thread) refers to task_ad4111.o(i.Task_AD4111_Handle) for Task_AD4111_Handle
    threadpool.o(i.AD4111Thread) refers to drv_hal_delay.o(i.Drv_Delay_Ms) for Drv_Delay_Ms
    threadpool.o(i.AutoModeThread) refers to thread.o(i.rt_thread_self) for rt_thread_self
    threadpool.o(i.AutoModeThread) refers to thread.o(i.rt_thread_suspend) for rt_thread_suspend
    threadpool.o(i.AutoModeThread) refers to scheduler.o(i.rt_schedule) for rt_schedule
    threadpool.o(i.AutoModeThread) refers to ipc.o(i.rt_mq_recv) for rt_mq_recv
    threadpool.o(i.AutoModeThread) refers to printfa.o(i.__0printf) for __2printf
    threadpool.o(i.AutoModeThread) refers to scheduler.o(i.rt_enter_critical) for rt_enter_critical
    threadpool.o(i.AutoModeThread) refers to thread.o(i.rt_thread_resume) for rt_thread_resume
    threadpool.o(i.AutoModeThread) refers to scheduler.o(i.rt_exit_critical) for rt_exit_critical
    threadpool.o(i.AutoModeThread) refers to task_automode.o(i.Task_AutoMode_Process) for Task_AutoMode_Process
    threadpool.o(i.AutoModeThread) refers to thread.o(i.rt_thread_yield) for rt_thread_yield
    threadpool.o(i.AutoModeThread) refers to usercode.o(.data) for AutoModemq
    threadpool.o(i.DS1337Thread) refers to task_ds1337.o(i.Task_DS1337_Handle) for Task_DS1337_Handle
    threadpool.o(i.DS1337Thread) refers to drv_hal_delay.o(i.Drv_Delay_Ms) for Drv_Delay_Ms
    threadpool.o(i.HandleModeThread) refers to ipc.o(i.rt_mq_recv) for rt_mq_recv
    threadpool.o(i.HandleModeThread) refers to printfa.o(i.__0printf) for __2printf
    threadpool.o(i.HandleModeThread) refers to scheduler.o(i.rt_enter_critical) for rt_enter_critical
    threadpool.o(i.HandleModeThread) refers to thread.o(i.rt_thread_self) for rt_thread_self
    threadpool.o(i.HandleModeThread) refers to thread.o(i.rt_thread_suspend) for rt_thread_suspend
    threadpool.o(i.HandleModeThread) refers to thread.o(i.rt_thread_resume) for rt_thread_resume
    threadpool.o(i.HandleModeThread) refers to scheduler.o(i.rt_exit_critical) for rt_exit_critical
    threadpool.o(i.HandleModeThread) refers to scheduler.o(i.rt_schedule) for rt_schedule
    threadpool.o(i.HandleModeThread) refers to task_handlemode.o(i.Task_HandleMode_Process) for Task_HandleMode_Process
    threadpool.o(i.HandleModeThread) refers to usercode.o(.data) for HandleModemq
    threadpool.o(i.IMX6ULLThread) refers to task_imx6ull.o(i.Task_IMX6ULL_Handle) for Task_IMX6ULL_Handle
    threadpool.o(i.IMX6ULLThread) refers to drv_hal_delay.o(i.Drv_Delay_Ms) for Drv_Delay_Ms
    threadpool.o(i.IPCcmdThread) refers to task_ipccmd.o(i.Task_IPCcmd_Handle) for Task_IPCcmd_Handle
    threadpool.o(i.IPCcmdThread) refers to drv_hal_delay.o(i.Drv_Delay_Ms) for Drv_Delay_Ms
    threadpool.o(i.JY901Thread) refers to task_jy901.o(i.Task_JY901_Handle) for Task_JY901_Handle
    threadpool.o(i.JY901Thread) refers to drv_hal_delay.o(i.Drv_Delay_Ms) for Drv_Delay_Ms
    threadpool.o(i.MS5837Thread) refers to task_ms5837.o(i.Task_MS5837_Handle) for Task_MS5837_Handle
[...]
    Drv_IICSoft_WaitAck                      0x0800237f   Thumb Code    76  drv_hal_iic_soft.o(i.Drv_IICSoft_WaitAck)
    Drv_PWM_HighLvTimeSet                    0x080023cd   Thumb Code    72  drv_hal_pwm.o(i.Drv_PWM_HighLvTimeSet)
    Drv_PWM_Init                             0x08002431   Thumb Code    88  drv_hal_pwm.o(i.Drv_PWM_Init)
    Drv_SPI_Init                             0x0800248d   Thumb Code    24  drv_hal_spi.o(i.Drv_SPI_Init)
    Drv_SPI_Transmit                         0x080024a5   Thumb Code    24  drv_hal_spi.o(i.Drv_SPI_Transmit)
    Drv_SPI_TransmitReceive                  0x080024bd   Thumb Code    36  drv_hal_spi.o(i.Drv_SPI_TransmitReceive)
    Drv_Uart_DMAInit                         0x080024e1   Thumb Code   150  drv_hal_uart.o(i.Drv_Uart_DMAInit)
    Drv_Uart_DMA_IRQHandler                  0x08002577   Thumb Code    34  drv_hal_uart.o(i.Drv_Uart_DMA_IRQHandler)
    Drv_Uart_DMA_RxHandler                   0x08002599   Thumb Code    82  drv_hal_uart.o(i.Drv_Uart_DMA_RxHandler)
    Drv_Uart_IRQHandler                      0x080025eb   Thumb Code    12  drv_hal_uart.o(i.Drv_Uart_IRQHandler)
    Drv_Uart_Receive_DMA                     0x080025f7   Thumb Code    52  drv_hal_uart.o(i.Drv_Uart_Receive_DMA)
    Drv_Uart_Transmit                        0x0800262b   Thumb Code    22  drv_hal_uart.o(i.Drv_Uart_Transmit)
    EXTI15_10_IRQHandler                     0x08002641   Thumb Code     2  task_irq.o(i.EXTI15_10_IRQHandler)
    EXTI9_5_IRQHandler                       0x08002643   Thumb Code     2  task_irq.o(i.EXTI9_5_IRQHandler)
    HAL_DMA_Abort                            0x08002645   Thumb Code    86  stm32f1xx_hal_dma.o(i.HAL_DMA_Abort)
    HAL_DMA_Abort_IT                         0x0800269d   Thumb Code   414  stm32f1xx_hal_dma.o(i.HAL_DMA_Abort_IT)
    HAL_DMA_IRQHandler                       0x08002845   Thumb Code   910  stm32f1xx_hal_dma.o(i.HAL_DMA_IRQHandler)
    HAL_DMA_Init                             0x08002bdd   Thumb Code   132  stm32f1xx_hal_dma.o(i.HAL_DMA_Init)
    HAL_DMA_Start_IT                         0x08002c69   Thumb Code   156  stm32f1xx_hal_dma.o(i.HAL_DMA_Start_IT)
    HAL_GPIO_Init                            0x08002d05   Thumb Code   792  stm32f1xx_hal_gpio.o(i.HAL_GPIO_Init)
    HAL_GPIO_ReadPin                         0x08003045   Thumb Code    16  stm32f1xx_hal_gpio.o(i.HAL_GPIO_ReadPin)
    HAL_GPIO_WritePin                        0x08003055   Thumb Code    12  stm32f1xx_hal_gpio.o(i.HAL_GPIO_WritePin)
    HAL_GetTick                              0x08003061   Thumb Code     6  stm32f1xx_hal.o(i.HAL_GetTick)
    HAL_Init                                 0x0800306d   Thumb Code    34  stm32f1xx_hal.o(i.HAL_Init)
    HAL_InitTick                             0x08003095   Thumb Code    64  stm32f1xx_hal.o(i.HAL_InitTick)
    HAL_MspInit                              0x080030e1   Thumb Code   158  drv_hal.o(i.HAL_MspInit)
    HAL_NVIC_EnableIRQ                       0x08003189   Thumb Code    32  stm32f1xx_hal_cortex.o(i.HAL_NVIC_EnableIRQ)
    HAL_NVIC_SetPriority                     0x080031a9   Thumb Code   124  stm32f1xx_hal_cortex.o(i.HAL_NVIC_SetPriority)
    HAL_NVIC_SetPriorityGrouping             0x08003225   Thumb Code    32  stm32f1xx_hal_cortex.o(i.HAL_NVIC_SetPriorityGrouping)
    HAL_RCC_ClockConfig                      0x0800324d   Thumb Code   376  stm32f1xx_hal_rcc.o(i.HAL_RCC_ClockConfig)
    HAL_RCC_GetHCLKFreq                      0x080033d9   Thumb Code     6  stm32f1xx_hal_rcc.o(i.HAL_RCC_GetHCLKFreq)
    HAL_RCC_GetPCLK1Freq                     0x080033e5   Thumb Code    22  stm32f1xx_hal_rcc.o(i.HAL_RCC_GetPCLK1Freq)
    HAL_RCC_GetPCLK2Freq                     0x08003405   Thumb Code    22  stm32f1xx_hal_rcc.o(i.HAL_RCC_GetPCLK2Freq)
    HAL_RCC_GetSysClockFreq                  0x08003425   Thumb Code   116  stm32f1xx_hal_rcc.o(i.HAL_RCC_GetSysClockFreq)
    HAL_RCC_OscConfig                        0x080034b9   Thumb Code  1114  stm32f1xx_hal_rcc.o(i.HAL_RCC_OscConfig)
    HAL_SPI_Init                             0x0800391d   Thumb Code   190  stm32f1xx_hal_spi.o(i.HAL_SPI_Init)
    HAL_SPI_MspInit                          0x080039db   Thumb Code     2  stm32f1xx_hal_spi.o(i.HAL_SPI_MspInit)
    HAL_SPI_Transmit                         0x080039dd   Thumb Code   430  stm32f1xx_hal_spi.o(i.HAL_SPI_Transmit)
    HAL_SPI_TransmitReceive                  0x08003b8b   Thumb Code   554  stm32f1xx_hal_spi.o(i.HAL_SPI_TransmitReceive)
    HAL_SYSTICK_CLKSourceConfig              0x08003db5   Thumb Code    40  stm32f1xx_hal_cortex.o(i.HAL_SYSTICK_CLKSourceConfig)
    HAL_SYSTICK_Config                       0x08003ddd   Thumb Code    52  stm32f1xx_hal_cortex.o(i.HAL_SYSTICK_Config)
    HAL_TIM_PWM_ConfigChannel                0x08003e11   Thumb Code   252  stm32f1xx_hal_tim.o(i.HAL_TIM_PWM_ConfigChannel)
    HAL_TIM_PWM_Init                         0x08003f0d   Thumb Code   102  stm32f1xx_hal_tim.o(i.HAL_TIM_PWM_Init)
    HAL_TIM_PWM_MspInit                      0x08003f73   Thumb Code     2  stm32f1xx_hal_tim.o(i.HAL_TIM_PWM_MspInit)
    HAL_TIM_PWM_Start                        0x08003f75   Thumb Code   222  stm32f1xx_hal_tim.o(i.HAL_TIM_PWM_Start)
    HAL_UART_DMAStop                         0x08004069   Thumb Code   102  stm32f1xx_hal_uart.o(i.HAL_UART_DMAStop)
    HAL_UART_ErrorCallback                   0x080040cf   Thumb Code     2  stm32f1xx_hal_uart.o(i.HAL_UART_ErrorCallback)
    HAL_UART_IRQHandler                      0x080040d1   Thumb Code   334  stm32f1xx_hal_uart.o(i.HAL_UART_IRQHandler)
    HAL_UART_Init                            0x08004225   Thumb Code   114  stm32f1xx_hal_uart.o(i.HAL_UART_Init)
    HAL_UART_MspInit                         0x08004297   Thumb Code     2  stm32f1xx_hal_uart.o(i.HAL_UART_MspInit)
    HAL_UART_Receive_DMA                     0x08004299   Thumb Code   182  stm32f1xx_hal_uart.o(i.HAL_UART_Receive_DMA)
    HAL_UART_RxCpltCallback                  0x0800435d   Thumb Code     2  stm32f1xx_hal_uart.o(i.HAL_UART_RxCpltCallback)
    HAL_UART_RxHalfCpltCallback              0x0800435f   Thumb Code     2  stm32f1xx_hal_uart.o(i.HAL_UART_RxHalfCpltCallback)
    HAL_UART_Transmit                        0x08004361   Thumb Code   210  stm32f1xx_hal_uart.o(i.HAL_UART_Transmit)
    HAL_UART_TxCpltCallback                  0x08004433   Thumb Code     2  stm32f1xx_hal_uart.o(i.HAL_UART_TxCpltCallback)
    HandleModeThread                         0x08004435   Thumb Code   102  threadpool.o(i.HandleModeThread)
    IMX6ULLThread                            0x080044c1   Thumb Code    14  threadpool.o(i.IMX6ULLThread)
    IPCcmdThread                             0x080044cf   Thumb Code    14  threadpool.o(i.IPCcmdThread)
    JY901Thread                              0x080044dd   Thumb Code    16  threadpool.o(i.JY901Thread)
    MS5837Thread                             0x080044ed   Thumb Code    16  threadpool.o(i.MS5837Thread)
    MemManage_Handler                        0x080044fd   Thumb Code     4  drv_hal.o(i.MemManage_Handler)
    MotorSysThread                           0x08004501   Thumb Code    36  threadpool.o(i.MotorSysThread)
    NMI_Handler                              0x08004529   Thumb Code     4  drv_hal.o(i.NMI_Handler)
    OCD_AD24BIT_Init                         0x0800452d   Thumb Code   276  ocd_ad24bit.o(i.OCD_AD24BIT_Init)
    OCD_AD24bit_GetResult                    0x08004645   Thumb Code   494  ocd_ad24bit.o(i.OCD_AD24bit_GetResult)
    OCD_DS3231_Init                          0x08004845   Thumb Code    54  ocd_ds3231.o(i.OCD_DS3231_Init)
    OCD_DS3231_TimeGetHex                    0x0800487b   Thumb Code    94  ocd_ds3231.o(i.OCD_DS3231_TimeGetHex)
    OCD_DS3231_TimeSetHex                    0x080048d9   Thumb Code   140  ocd_ds3231.o(i.OCD_DS3231_TimeSetHex)
    OCD_JY901_AxisConfig                     0x08004965   Thumb Code    32  ocd_jy901.o(i.OCD_JY901_AxisConfig)
    OCD_JY901_DMAInit                        0x0800498d   Thumb Code    56  ocd_jy901.o(i.OCD_JY901_DMAInit)
    OCD_JY901_DataConversion                 0x080049c5   Thumb Code   498  ocd_jy901.o(i.OCD_JY901_DataConversion)
    OCD_JY901_DataProcess                    0x08004bc1   Thumb Code   260  ocd_jy901.o(i.OCD_JY901_DataProcess)
    OCD_JY901_GyroAutoCorrect                0x08004cc5   Thumb Code    28  ocd_jy901.o(i.OCD_JY901_GyroAutoCorrect)
    OCD_JY901_OrientConfig                   0x08004ce9   Thumb Code    32  ocd_jy901.o(i.OCD_JY901_OrientConfig)
    OCD_JY901_RxBaudConfig                   0x08004d11   Thumb Code    30  ocd_jy901.o(i.OCD_JY901_RxBaudConfig)
    OCD_JY901_RxSpeedConfig                  0x08004d39   Thumb Code    32  ocd_jy901.o(i.OCD_JY901_RxSpeedConfig)
    OCD_JY901_RxTypeConfig                   0x08004d61   Thumb Code    44  ocd_jy901.o(i.OCD_JY901_RxTypeConfig)
    OCD_MS5837_GetData                       0x08004d95   Thumb Code   906  ocd_ms5837.o(i.OCD_MS5837_GetData)
    OCD_MS5837_Init                          0x08005165   Thumb Code    52  ocd_ms5837.o(i.OCD_MS5837_Init)
    ReportDataThread                         0x080051c1   Thumb Code    16  threadpool.o(i.ReportDataThread)
    SVC_Handler                              0x080052d1   Thumb Code     2  drv_hal.o(i.SVC_Handler)
    SysTick_Handler                          0x08007531   Thumb Code    16  board.o(i.SysTick_Handler)
    SystemCoreClockUpdate                    0x08007541   Thumb Code   142  system_stm32f1xx.o(i.SystemCoreClockUpdate)
    SystemInit                               0x080075e5   Thumb Code     2  system_stm32f1xx.o(i.SystemInit)
    TIM2_IRQHandler                          0x080075e7   Thumb Code     2  task_irq.o(i.TIM2_IRQHandler)
    TIM3_IRQHandler                          0x080075e9   Thumb Code     2  task_irq.o(i.TIM3_IRQHandler)
    TIM4_IRQHandler                          0x080075eb   Thumb Code     2  task_irq.o(i.TIM4_IRQHandler)
    TIM5_IRQHandler                          0x080075ed   Thumb Code     2  task_irq.o(i.TIM5_IRQHandler)
    TIM6_IRQHandler                          0x080075ef   Thumb Code     2  task_irq.o(i.TIM6_IRQHandler)
    TIM7_IRQHandler                          0x080075f1   Thumb Code     2  task_irq.o(i.TIM7_IRQHandler)
    TIM_Base_SetConfig                       0x080075f5   Thumb Code   134  stm32f1xx_hal_tim.o(i.TIM_Base_SetConfig)
    TIM_CCxChannelCmd                        0x08007691   Thumb Code    34  stm32f1xx_hal_tim.o(i.TIM_CCxChannelCmd)
    TIM_OC2_SetConfig                        0x08007725   Thumb Code   114  stm32f1xx_hal_tim.o(i.TIM_OC2_SetConfig)
    Task_AD4111_Handle                       0x0800786d   Thumb Code   254  task_ad4111.o(i.Task_AD4111_Handle)
    Task_AD4111_Sync                         0x08007981   Thumb Code    24  task_ad4111.o(i.Task_AD4111_Sync)
    Task_AutoMode_Process                    0x0800799d   Thumb Code     2  task_automode.o(i.Task_AutoMode_Process)
    Task_DS1337_Handle                       0x080079a1   Thumb Code    26  task_ds1337.o(i.Task_DS1337_Handle)
    Task_DS1337_SYNC                         0x080079c9   Thumb Code    56  task_ds1337.o(i.Task_DS1337_SYNC)
    Task_HandleMode_Process                  0x08007a05   Thumb Code   308  task_handlemode.o(i.Task_HandleMode_Process)
    Task_IMX6ULL_Handle                      0x08007b49   Thumb Code   154  task_imx6ull.o(i.Task_IMX6ULL_Handle)
    Task_IPCcmd_Handle                       0x08007c55   Thumb Code  1494  task_ipccmd.o(i.Task_IPCcmd_Handle)
    Task_JY901_Handle                        0x08008235   Thumb Code   162  task_jy901.o(i.Task_JY901_Handle)
    Task_MS5837_Handle                       0x080082e5   Thumb Code    46  task_ms5837.o(i.Task_MS5837_Handle)
    Task_MotorSys_Handle                     0x08008321   Thumb Code   882  task_motorsys.o(i.Task_MotorSys_Handle)
    Task_MotorSys_Init                       0x080086a5   Thumb Code    20  task_motorsys.o(i.Task_MotorSys_Init)
    Task_MotorSys_Steer_Angle_Set            0x080086bd   Thumb Code   282  task_motorsys.o(i.Task_MotorSys_Steer_Angle_Set)
    Task_MotorSys_Thruster_SpeedSet          0x08008811   Thumb Code    24  task_motorsys.o(i.Task_MotorSys_Thruster_SpeedSet)
    Task_ReportData_Handle                   0x0800882d   Thumb Code    36  task_reportdata.o(i.Task_ReportData_Handle)
    Task_Test_Handle                         0x08008855   Thumb Code    22  task_test.o(i.Task_Test_Handle)
    Task_UserInit                            0x08008875   Thumb Code   128  task_userinit.o(i.Task_UserInit)
    TestThread                               0x08008955   Thumb Code    12  threadpool.o(i.TestThread)
    UART4_IRQHandler                         0x08008961   Thumb Code    24  task_irq.o(i.UART4_IRQHandler)
    UART5_IRQHandler                         0x0800897d   Thumb Code     2  task_irq.o(i.UART5_IRQHandler)
    USART1_IRQHandler                        0x08008cf5   Thumb Code    32  task_irq.o(i.USART1_IRQHandler)
    USART2_IRQHandler                        0x08008d1d   Thumb Code    26  task_irq.o(i.USART2_IRQHandler)
    USART3_IRQHandler                        0x08008d41   Thumb Code    32  task_irq.o(i.USART3_IRQHandler)
    UsageFault_Handler                       0x08008d69   Thumb Code     4  drv_hal.o(i.UsageFault_Handler)
    UserLogic_Code                           0x08008d6d   Thumb Code   436  usercode.o(i.UserLogic_Code)
    __0printf                                0x08009081   Thumb Code    22  printfa.o(i.__0printf)
    __1printf                                0x08009081   Thumb Code     0  printfa.o(i.__0printf)
    __2printf                                0x08009081   Thumb Code     0  printfa.o(i.__0printf)
    __c89printf                              0x08009081   Thumb Code     0  printfa.o(i.__0printf)
    printf                                   0x08009081   Thumb Code     0  printfa.o(i.__0printf)
    __0vsnprintf                             0x080090a1   Thumb Code    32  printfa.o(i.__0vsnprintf)
    __1vsnprintf                             0x080090a1   Thumb Code     0  printfa.o(i.__0vsnprintf)
    __2vsnprintf                             0x080090a1   Thumb Code     0  printfa.o(i.__0vsnprintf)
    __c89vsnprintf                           0x080090a1   Thumb Code     0  printfa.o(i.__0vsnprintf)
    vsnprintf                                0x080090a1   Thumb Code     0  printfa.o(i.__0vsnprintf)
    __ARM_fpclassifyf                        0x080090c5   Thumb Code    38  fpclassifyf.o(i.__ARM_fpclassifyf)
    __aeabi_errno_addr                       0x08009125   Thumb Code     4  errno.o(i.__aeabi_errno_addr)
    __rt_errno_addr                          0x08009125   Thumb Code     0  errno.o(i.__aeabi_errno_addr)
    __mathlib_flt_infnan2                    0x0800912d   Thumb Code     4  funder.o(i.__mathlib_flt_infnan2)
    __mathlib_flt_overflow                   0x08009131   Thumb Code    10  funder.o(i.__mathlib_flt_overflow)
    __mathlib_flt_underflow                  0x0800913b   Thumb Code    10  funder.o(i.__mathlib_flt_underflow)
    __read_errno                             0x08009145   Thumb Code     6  errno.o(i.__read_errno)
    __rt_ffs                                 0x08009151   Thumb Code    70  kservice.o(i.__rt_ffs)
    __scatterload_copy                       0x0800919d   Thumb Code    14  handlers.o(i.__scatterload_copy)
    __scatterload_null                       0x080091ab   Thumb Code     2  handlers.o(i.__scatterload_null)
    __scatterload_zeroinit                   0x080091ad   Thumb Code    14  handlers.o(i.__scatterload_zeroinit)
    __set_errno                              0x080091bd   Thumb Code     6  errno.o(i.__set_errno)
    _is_digit                                0x0800932d   Thumb Code    14  scanf_fp.o(i._is_digit)
    atan2f                                   0x08009b99   Thumb Code   528  atan2f.o(i.atan2f)
    atof                                     0x08009df5   Thumb Code    42  atof.o(i.atof)
    fputc                                    0x08009e29   Thumb Code    48  drv_hal.o(i.fputc)
    free                                     0x08009e5d   Thumb Code    76  malloc.o(i.free)
    hypotf                                   0x08009ead   Thumb Code   456  hypotf.o(i.hypotf)
    $Super$$main                             0x0800a079   Thumb Code    20  main.o(i.main)
    main_thread_entry                        0x0800a09d   Thumb Code    14  components.o(i.main_thread_entry)
    malloc                                   0x0800a0ad   Thumb Code    92  malloc.o(i.malloc)
    rt_application_init                      0x0800a329   Thumb Code    34  components.o(i.rt_application_init)
    rt_components_board_init                 0x0800a359   Thumb Code    20  components.o(i.rt_components_board_init)
    rt_components_init                       0x0800a375   Thumb Code    20  components.o(i.rt_components_init)
    rt_enter_critical                        0x0800a391   Thumb Code    28  scheduler.o(i.rt_enter_critical)
    rt_exit_critical                         0x0800a3b1   Thumb Code    60  scheduler.o(i.rt_exit_critical)
    rt_free                                  0x0800a3f5   Thumb Code   146  mem.o(i.rt_free)
    rt_heap_begin_get                        0x0800a4ed   Thumb Code     4  board.o(i.rt_heap_begin_get)
    rt_heap_end_get                          0x0800a4f5   Thumb Code     4  board.o(i.rt_heap_end_get)
    rt_hw_board_init                         0x0800a4fd   Thumb Code    52  board.o(i.rt_hw_board_init)
    rt_hw_console_output                     0x0800a531   Thumb Code    74  board.o(i.rt_hw_console_output)
    rt_hw_hard_fault_exception               0x0800a581   Thumb Code   190  cpuport.o(i.rt_hw_hard_fault_exception)
    rt_hw_stack_init                         0x0800a781   Thumb Code    70  cpuport.o(i.rt_hw_stack_init)
    rt_interrupt_enter                       0x0800a7cd   Thumb Code    42  irq.o(i.rt_interrupt_enter)
    rt_interrupt_leave                       0x0800a801   Thumb Code    42  irq.o(i.rt_interrupt_leave)
    rt_kprintf                               0x0800a8c9   Thumb Code    44  kservice.o(i.rt_kprintf)
    rt_malloc                                0x0800a999   Thumb Code   360  mem.o(i.rt_malloc)
    rt_memcpy                                0x0800ab21   Thumb Code   124  kservice.o(i.rt_memcpy)
    rt_memset                                0x0800ab9d   Thumb Code    72  kservice.o(i.rt_memset)
    rt_mq_create                             0x0800abe5   Thumb Code   136  ipc.o(i.rt_mq_create)
    rt_mq_recv                               0x0800ac6d   Thumb Code   344  ipc.o(i.rt_mq_recv)
    rt_mq_send                               0x0800adcd   Thumb Code    22  ipc.o(i.rt_mq_send)
    rt_mq_send_wait                          0x0800ade5   Thumb Code   320  ipc.o(i.rt_mq_send_wait)
    rt_object_allocate                       0x0800af29   Thumb Code   102  object.o(i.rt_object_allocate)
    rt_object_delete                         0x0800af95   Thumb Code    54  object.o(i.rt_object_delete)
    rt_object_detach                         0x0800afd1   Thumb Code    48  object.o(i.rt_object_detach)
    rt_object_get_information                0x0800b005   Thumb Code    36  object.o(i.rt_object_get_information)
    rt_object_init                           0x0800b02d   Thumb Code   104  object.o(i.rt_object_init)
    rt_object_is_systemobject                0x0800b099   Thumb Code    18  object.o(i.rt_object_is_systemobject)
    rt_schedule                              0x0800b0ad   Thumb Code   126  scheduler.o(i.rt_schedule)
    rt_schedule_insert_thread                0x0800b149   Thumb Code    72  scheduler.o(i.rt_schedule_insert_thread)
    rt_schedule_remove_thread                0x0800b199   Thumb Code    76  scheduler.o(i.rt_schedule_remove_thread)
    rt_sem_create                            0x0800b1ed   Thumb Code    42  ipc.o(i.rt_sem_create)
    rt_sem_init                              0x0800b217   Thumb Code    38  ipc.o(i.rt_sem_init)
    rt_sem_release                           0x0800b23d   Thumb Code   100  ipc.o(i.rt_sem_release)
    rt_sem_take                              0x0800b2a5   Thumb Code   152  ipc.o(i.rt_sem_take)
    rt_show_version                          0x0800b345   Thumb Code    38  kservice.o(i.rt_show_version)
    rt_soft_timer_check                      0x0800b3f5   Thumb Code   214  timer.o(i.rt_soft_timer_check)
    rt_strcmp                                0x0800b4dd   Thumb Code    28  kservice.o(i.rt_strcmp)
    rt_strlen                                0x0800b4f9   Thumb Code    18  kservice.o(i.rt_strlen)
    rt_strncpy                               0x0800b50b   Thumb Code    52  kservice.o(i.rt_strncpy)
    rt_system_heap_init                      0x0800b541   Thumb Code   160  mem.o(i.rt_system_heap_init)
    rt_system_scheduler_init                 0x0800b639   Thumb Code    52  scheduler.o(i.rt_system_scheduler_init)
    rt_system_scheduler_start                0x0800b685   Thumb Code    36  scheduler.o(i.rt_system_scheduler_start)
    rt_system_timer_init                     0x0800b6b5   Thumb Code    24  timer.o(i.rt_system_timer_init)
    rt_system_timer_thread_init              0x0800b6d1   Thumb Code    58  timer.o(i.rt_system_timer_thread_init)
    rt_thread_create                         0x0800b725   Thumb Code    80  thread.o(i.rt_thread_create)
    rt_thread_delay                          0x0800b775   Thumb Code    12  thread.o(i.rt_thread_delay)
    rt_thread_exit                           0x0800b781   Thumb Code    78  thread.o(i.rt_thread_exit)
    rt_thread_idle_excute                    0x0800b801   Thumb Code    92  idle.o(i.rt_thread_idle_excute)
    rt_thread_idle_init                      0x0800b861   Thumb Code    38  idle.o(i.rt_thread_idle_init)
    rt_thread_init                           0x0800b89d   Thumb Code    52  thread.o(i.rt_thread_init)
    rt_thread_mdelay                         0x0800b8d1   Thumb Code    20  thread.o(i.rt_thread_mdelay)
    rt_thread_resume                         0x0800b8e5   Thumb Code    78  thread.o(i.rt_thread_resume)
    rt_thread_self                           0x0800b939   Thumb Code     6  thread.o(i.rt_thread_self)
    rt_thread_sleep                          0x0800b945   Thumb Code    62  thread.o(i.rt_thread_sleep)
    rt_thread_startup                        0x0800b989   Thumb Code    44  thread.o(i.rt_thread_startup)
    rt_thread_suspend                        0x0800b9b5   Thumb Code    86  thread.o(i.rt_thread_suspend)
    rt_thread_timeout                        0x0800ba11   Thumb Code    32  thread.o(i.rt_thread_timeout)
    rt_thread_yield                          0x0800ba75   Thumb Code    92  thread.o(i.rt_thread_yield)
    rt_tick_from_millisecond                 0x0800bad9   Thumb Code    56  clock.o(i.rt_tick_from_millisecond)
    rt_tick_get                              0x0800bb11   Thumb Code     6  clock.o(i.rt_tick_get)
    rt_tick_increase                         0x0800bb1d   Thumb Code    42  clock.o(i.rt_tick_increase)
    rt_timer_check                           0x0800bb4d   Thumb Code   196  timer.o(i.rt_timer_check)
    rt_timer_control                         0x0800bc1d   Thumb Code    98  timer.o(i.rt_timer_control)
    rt_timer_detach                          0x0800bc7f   Thumb Code    40  timer.o(i.rt_timer_detach)
    rt_timer_init                            0x0800bca7   Thumb Code    46  timer.o(i.rt_timer_init)
    rt_timer_start                           0x0800bd01   Thumb Code   296  timer.o(i.rt_timer_start)
    rt_timer_stop                            0x0800be41   Thumb Code    66  timer.o(i.rt_timer_stop)
    rt_vsnprintf                             0x0800be89   Thumb Code   824  kservice.o(i.rt_vsnprintf)
    rtthread_startup                         0x0800c1d9   Thumb Code    42  components.o(i.rtthread_startup)
    sqrtf                                    0x0800c229   Thumb Code    44  sqrtf.o(i.sqrtf)
    strtod                                   0x0800c255   Thumb Code    28  strtod.o(i.strtod)
    strtof                                   0x0800c271   Thumb Code    34  strtof.o(i.strtof)
    ucpUnlockCmd                             0x0800c34f   Data           5  ocd_jy901.o(.constdata)
    ucpSleepCmd                              0x0800c354   Data           5  ocd_jy901.o(.constdata)
    ucpOutputOnceCmd                         0x0800c359   Data           5  ocd_jy901.o(.constdata)
    AHBPrescTable                            0x0800c35e   Data          16  system_stm32f1xx.o(.constdata)
    APBPrescTable                            0x0800c36e   Data           8  system_stm32f1xx.o(.constdata)
    __lowest_bit_bitmap                      0x0800c376   Data         256  kservice.o(.constdata)
    __ctype_table                            0x0800c498   Data         129  ctype_o.o(.constdata)
    __rt_init_rti_start                      0x0800c520   Data           4  components.o(.rti_fn.0)
    __rt_init_rti_board_start                0x0800c524   Data           4  components.o(.rti_fn.0.end)
    __rt_init_uart_init                      0x0800c528   Data           4  board.o(.rti_fn.1)
    __rt_init_rti_board_end                  0x0800c52c   Data           4  components.o(.rti_fn.1.end)
    __rt_init_rti_end                        0x0800c530   Data           4  components.o(.rti_fn.6.end)
    Region$$Table$$Base                      0x0800c534   Number         0  anon$$obj.o(Region$$Table)
    Region$$Table$$Limit                     0x0800c554   Number         0  anon$$obj.o(Region$$Table)
    TestThread_t                             0x20000004   Data           4  usercode.o(.data)
    ReportDataThread_t                       0x20000008   Data           4  usercode.o(.data)
    JY901Thread_t                            0x2000000c   Data           4  usercode.o(.data)
    MS5837Thread_t                           0x20000010   Data           4  usercode.o(.data)
    AD4111Thread_t                           0x20000014   Data           4  usercode.o(.data)
    IPCcmdThread_t                           0x20000018   Data           4  usercode.o(.data)
    IMX6ULLThread_t                          0x2000001c   Data           4  usercode.o(.data)
    DS1337Thread_t                           0x20000020   Data           4  usercode.o(.data)
    AutoModeThread_t                         0x20000024   Data           4  usercode.o(.data)
    HandleModeThread_t                       0x20000028   Data           4  usercode.o(.data)
    MotorSysThread_t                         0x2000002c   Data           4  usercode.o(.data)
    JY901S_Sem                               0x20000030   Data           4  usercode.o(.data)
    CmdFromIPC_Sem                           0x20000034   Data           4  usercode.o(.data)
    AutoModemq                               0x20000038   Data           4  usercode.o(.data)
    HandleModemq                             0x2000003c   Data           4  usercode.o(.data)
    MotorSysmq                               0x20000040   Data           4  usercode.o(.data)
    LED                                      0x2000004c   Data          72  config.o(.data)
    SYNC                                     0x20000094   Data          24  config.o(.data)
    Uart1                                    0x200000ac   Data         296  config.o(.data)
    JY901S                                   0x200001d4   Data         416  config.o(.data)
    Uart3                                    0x20000374   Data         296  config.o(.data)
    Uart4                                    0x2000049c   Data         296  config.o(.data)
    AD4111_1                                 0x200005c8   Data         584  config.o(.data)
    AD4111_2                                 0x20000810   Data         584  config.o(.data)
    PWM                                      0x20000a58   Data        1496  config.o(.data)
    MS5837                                   0x20001030   Data         104  config.o(.data)
    DS1337                                   0x20001098   Data          48  config.o(.data)
    dT                                       0x200010f4   Data           4  ocd_ms5837.o(.data)
    TEMP                                     0x200010f8   Data           4  ocd_ms5837.o(.data)
    OFF                                      0x20001100   Data           8  ocd_ms5837.o(.data)
    SENS                                     0x20001108   Data           8  ocd_ms5837.o(.data)
    D1_Press                                 0x20001110   Data           4  ocd_ms5837.o(.data)
    D2_Temp                                  0x20001114   Data           4  ocd_ms5837.o(.data)
    OFFi                                     0x20001118   Data           4  ocd_ms5837.o(.data)
    SENSi                                    0x2000111c   Data           4  ocd_ms5837.o(.data)
    Ti                                       0x20001120   Data           4  ocd_ms5837.o(.data)
    OFF2                                     0x20001128   Data           8  ocd_ms5837.o(.data)
    SENS2                                    0x20001130   Data           8  ocd_ms5837.o(.data)
    __stdout                                 0x2000113c   Data           4  drv_hal.o(.data)
    uwTick                                   0x20001144   Data           4  stm32f1xx_hal.o(.data)
    uwTickPrio                               0x20001148   Data           4  stm32f1xx_hal.o(.data)
    uwTickFreq                               0x2000114c   Data           1  stm32f1xx_hal.o(.data)
    SystemCoreClock                          0x20001150   Data           4  system_stm32f1xx.o(.data)
    rt_interrupt_nest                        0x20001160   Data           1  irq.o(.data)
    rt_object_trytake_hook                   0x2000121c   Data           4  object.o(.data)
    rt_object_take_hook                      0x20001220   Data           4  object.o(.data)
    rt_object_put_hook                       0x20001224   Data           4  object.o(.data)
    rt_thread_ready_priority_group           0x20001228   Data           4  scheduler.o(.data)
    rt_current_thread                        0x20001230   Data           4  scheduler.o(.data)
    rt_current_priority                      0x20001234   Data           1  scheduler.o(.data)
    rt_thread_defunct                        0x20001238   Data           8  scheduler.o(.data)
    rt_interrupt_from_thread                 0x20001270   Data           4  cpuport.o(.data)
    rt_interrupt_to_thread                   0x20001274   Data           4  cpuport.o(.data)
    rt_thread_switch_interrupt_flag          0x20001278   Data           4  cpuport.o(.data)
    ad24bit_regs                             0x20001280   Data         660  ocd_ad24bit.o(.data)
    __microlib_freelist                      0x20001518   Data           4  mvars.o(.data)
    __microlib_freelist_initialised          0x2000151c   Data           4  mvars.o(.data)
    ReportDataBuffer                         0x20001524   Data         138  task_reportdata.o(.bss)
    GPS                                      0x2000162c   Data          20  task_imx6ull.o(.bss)
    rt_thread_priority_table                 0x200055d0   Data         256  scheduler.o(.bss)
    __heap_base                              0x20005950   Data           0  startup_stm32f103xe.o(HEAP)
    __heap_limit                             0x20006950   Data           0  startup_stm32f103xe.o(HEAP)
    __initial_sp                             0x20006d50   Data           0  startup_stm32f103xe.o(STACK)



==============================================================================

Memory Map of the image

  Image Entry point : 0x08000131

  Load Region LR_IROM1 (Base: 0x08000000, Size: 0x0000da78, Max: 0x00040000, ABSOLUTE, COMPRESSED[0x0000c8a4])

    Execution Region ER_IROM1 (Exec base: 0x08000000, Load base: 0x08000000, Size: 0x0000c554, Max: 0x00040000, ABSOLUTE)

    Exec Addr    Load Addr    Size         Type   Attr      Idx    E Section Name        Object

    0x08000000   0x08000000   0x00000130   Data   RO         7990    RESET               startup_stm32f103xe.o
    0x08000130   0x08000130   0x00000000   Code   RO         9722  * .ARM.Collect$$$$00000000  mc_w.l(entry.o)
    0x08000130   0x08000130   0x00000004   Code   RO        10116    .ARM.Collect$$$$00000001  mc_w.l(entry2.o)
    0x08000134   0x08000134   0x00000004   Code   RO        10119    .ARM.Collect$$$$00000004  mc_w.l(entry5.o)
    0x08000138   0x08000138   0x00000000   Code   RO        10121    .ARM.Collect$$$$00000008  mc_w.l(entry7b.o)
    0x08000138   0x08000138   0x00000000   Code   RO        10123    .ARM.Collect$$$$0000000A  mc_w.l(entry8b.o)
    0x08000138   0x08000138   0x00000008   Code   RO        10124    .ARM.Collect$$$$0000000B  mc_w.l(entry9a.o)
    0x08000140   0x08000140   0x00000000   Code   RO        10126    .ARM.Collect$$$$0000000D  mc_w.l(entry10a.o)
    0x08000140   0x08000140   0x00000000   Code   RO        10128    .ARM.Collect$$$$0000000F  mc_w.l(entry11a.o)
    0x08000140   0x08000140   0x00000004   Code   RO        10117    .ARM.Collect$$$$00002712  mc_w.l(entry2.o)
    0x08000144   0x08000144   0x00000024   Code   RO         7991    .text               startup_stm32f103xe.o
    0x08000168   0x08000168   0x000000f4   Code   RO         9423    .text               context_rvds.o
    0x0800025c   0x0800025c   0x00000062   Code   RO         9725    .text               mc_w.l(ldiv.o)
    0x080002be   0x080002be   0x00000020   Code   RO         9727    .text               mc_w.l(llushr.o)
    0x080002de   0x080002de   0x00000024   Code   RO         9729    .text               mc_w.l(memcpya.o)
    0x08000302   0x08000302   0x00000024   Code   RO         9731    .text               mc_w.l(memseta.o)
    0x08000326   0x08000326   0x0000001c   Code   RO         9737    .text               mc_w.l(strcmp.o)
    0x08000342   0x08000342   0x0000001e   Code   RO         9741    .text               mc_w.l(strncmp.o)
    0x08000360   0x08000360   0x00000044   Code   RO         9743    .text               mc_w.l(strtok.o)
    0x080003a4   0x080003a4   0x0000001c   Code   RO        10040    .text               mc_w.l(calloc.o)
    0x080003c0   0x080003c0   0x00000038   Code   RO        10042    .text               mc_w.l(__0sscanf.o)
    0x080003f8   0x080003f8   0x0000014c   Code   RO        10044    .text               mc_w.l(_scanf_int.o)
    0x08000544   0x08000544   0x000000e0   Code   RO        10046    .text               mc_w.l(_scanf_str.o)
    0x08000624   0x08000624   0x00000338   Code   RO        10048    .text               mc_w.l(scanf_fp.o)
    0x0800095c   0x0800095c   0x0000001a   Code   RO        10052    .text               mc_w.l(atoi.o)
    0x08000976   0x08000976   0x000000b0   Code   RO        10054    .text               mf_w.l(fadd.o)
    0x08000a26   0x08000a26   0x00000064   Code   RO        10056    .text               mf_w.l(fmul.o)
    0x08000a8a   0x08000a8a   0x0000007c   Code   RO        10058    .text               mf_w.l(fdiv.o)
    0x08000b06   0x08000b06   0x0000014e   Code   RO        10060    .text               mf_w.l(dadd.o)
    0x08000c54   0x08000c54   0x000000e4   Code   RO        10062    .text               mf_w.l(dmul.o)
    0x08000d38   0x08000d38   0x000000de   Code   RO        10064    .text               mf_w.l(ddiv.o)
    0x08000e16   0x08000e16   0x00000012   Code   RO        10066    .text               mf_w.l(fflti.o)
    0x08000e28   0x08000e28   0x0000000a   Code   RO        10068    .text               mf_w.l(ffltui.o)
    0x08000e32   0x08000e32   0x0000002c   Code   RO        10070    .text               mf_w.l(ffltl.o)
    0x08000e5e   0x08000e5e   0x00000022   Code   RO        10072    .text               mf_w.l(dflti.o)
    0x08000e80   0x08000e80   0x0000001a   Code   RO        10074    .text               mf_w.l(dfltui.o)
    0x08000e9a   0x08000e9a   0x00000032   Code   RO        10076    .text               mf_w.l(ffixi.o)
    0x08000ecc   0x08000ecc   0x00000028   Code   RO        10078    .text               mf_w.l(ffixui.o)
    0x08000ef4   0x08000ef4   0x0000003e   Code   RO        10080    .text               mf_w.l(dfixi.o)
    0x08000f32   0x08000f32   0x00000026   Code   RO        10082    .text               mf_w.l(f2d.o)
    0x08000f58   0x08000f58   0x00000030   Code   RO        10084    .text               mf_w.l(cdcmple.o)
    0x08000f88   0x08000f88   0x00000038   Code   RO        10086    .text               mf_w.l(d2f.o)
    0x08000fc0   0x08000fc0   0x00000014   Code   RO        10088    .text               mf_w.l(cfcmple.o)
    0x08000fd4   0x08000fd4   0x00000014   Code   RO        10090    .text               mf_w.l(cfrcmple.o)
    0x08000fe8   0x08000fe8   0x0000002c   Code   RO        10130    .text               mc_w.l(uidiv.o)
    0x08001014   0x08001014   0x00000062   Code   RO        10132    .text               mc_w.l(uldiv.o)
    0x08001076   0x08001076   0x0000001e   Code   RO        10134    .text               mc_w.l(llshl.o)
    0x08001094   0x08001094   0x00000024   Code   RO        10136    .text               mc_w.l(llsshr.o)
    0x080010b8   0x080010b8   0x0000001c   Code   RO        10147    .text               mc_w.l(_chval.o)
    0x080010d4   0x080010d4   0x00000028   Code   RO        10149    .text               mc_w.l(scanf_char.o)
    0x080010fc   0x080010fc   0x00000040   Code   RO        10151    .text               mc_w.l(_sgetc.o)
    0x0800113c   0x0800113c   0x0000009c   Code   RO        10153    .text               mc_w.l(strtod.o)
    0x080011d8   0x080011d8   0x00000070   Code   RO        10155    .text               mc_w.l(strtol.o)
    0x08001248   0x08001248   0x00000000   Code   RO        10157    .text               mc_w.l(iusefp.o)
    0x08001248   0x08001248   0x0000006e   Code   RO        10158    .text               mf_w.l(fepilogue.o)
    0x080012b6   0x080012b6   0x00000018   Code   RO        10160    .text               mf_w.l(fscalb.o)
    0x080012ce   0x080012ce   0x000000ba   Code   RO        10162    .text               mf_w.l(depilogue.o)
    0x08001388   0x08001388   0x00000018   Code   RO        10164    .text               mf_w.l(dfltul.o)
    0x080013a0   0x080013a0   0x00000030   Code   RO        10166    .text               mf_w.l(dfixul.o)
    0x080013d0   0x080013d0   0x00000030   Code   RO        10168    .text               mf_w.l(cdrcmple.o)
    0x08001400   0x08001400   0x00000024   Code   RO        10170    .text               mc_w.l(init.o)
    0x08001424   0x08001424   0x00000008   Code   RO        10174    .text               mc_w.l(ctype_o.o)
    0x0800142c   0x0800142c   0x00000012   Code   RO        10196    .text               mc_w.l(isspace_o.o)
    0x0800143e   0x0800143e   0x00000002   PAD
    0x08001440   0x08001440   0x0000032c   Code   RO        10202    .text               mc_w.l(_scanf.o)
    0x0800176c   0x0800176c   0x0000009e   Code   RO        10204    .text               mc_w.l(_strtoul.o)
    0x0800180a   0x0800180a   0x0000005e   Code   RO        10206    .text               mf_w.l(fsqrt.o)
    0x08001868   0x08001868   0x00000056   Code   RO        10219    .text               mc_w.l(__dczerorl2.o)
    0x080018be   0x080018be   0x0000000a   Code   RO         8115    i.$Sub$$main        components.o
    0x080018c8   0x080018c8   0x00000042   Code   RO         9430    i.AD24BIT_ComputeCRC8  ocd_ad24bit-1K_SYNC.lib(ocd_ad24bit.o)
    0x0800190a   0x0800190a   0x00000016   Code   RO         9432    i.AD24BIT_ComputeXOR8  ocd_ad24bit-1K_SYNC.lib(ocd_ad24bit.o)
    0x08001920   0x08001920   0x000002c8   Code   RO         9433    i.AD24BIT_Config_ChannelRegister  ocd_ad24bit-1K_SYNC.lib(ocd_ad24bit.o)
    0x08001be8   0x08001be8   0x00000048   Code   RO         9434    i.AD24BIT_GetReg    ocd_ad24bit-1K_SYNC.lib(ocd_ad24bit.o)
    0x08001c30   0x08001c30   0x00000038   Code   RO         9435    i.AD24BIT_IDCheck   ocd_ad24bit-1K_SYNC.lib(ocd_ad24bit.o)
    0x08001c68   0x08001c68   0x00000136   Code   RO         9437    i.AD24BIT_ReadRegister  ocd_ad24bit-1K_SYNC.lib(ocd_ad24bit.o)
    0x08001d9e   0x08001d9e   0x00000026   Code   RO         9438    i.AD24BIT_Reset     ocd_ad24bit-1K_SYNC.lib(ocd_ad24bit.o)
    0x08001dc4   0x08001dc4   0x00000052   Code   RO         9439    i.AD24BIT_UpdateCRCSetting  ocd_ad24bit-1K_SYNC.lib(ocd_ad24bit.o)
    0x08001e16   0x08001e16   0x00000066   Code   RO         9440    i.AD24BIT_WaitForReady  ocd_ad24bit-1K_SYNC.lib(ocd_ad24bit.o)
    0x08001e7c   0x08001e7c   0x000000ca   Code   RO         9441    i.AD24BIT_WriteRegister  ocd_ad24bit-1K_SYNC.lib(ocd_ad24bit.o)
    0x08001f46   0x08001f46   0x00000014   Code   RO          368    i.AD4111Thread      threadpool.o
    0x08001f5a   0x08001f5a   0x00000002   PAD
    0x08001f5c   0x08001f5c   0x00000050   Code   RO          974    i.AD_Acquisition    task_ad4111.o
    0x08001fac   0x08001fac   0x0000009c   Code   RO          369    i.AutoModeThread    threadpool.o
    0x08002048   0x08002048   0x00000004   Code   RO         2682    i.BusFault_Handler  drv_hal.o
    0x0800204c   0x0800204c   0x00000010   Code   RO          454    i.DMA1_Channel2_IRQHandler  task_irq.o
    0x0800205c   0x0800205c   0x00000010   Code   RO          455    i.DMA1_Channel4_IRQHandler  task_irq.o
    0x0800206c   0x0800206c   0x0000002c   Code   RO         4939    i.DMA_SetConfig     stm32f1xx_hal_dma.o
    0x08002098   0x08002098   0x00000010   Code   RO          370    i.DS1337Thread      threadpool.o
    0x080020a8   0x080020a8   0x00000002   Code   RO         2683    i.DebugMon_Handler  drv_hal.o
    0x080020aa   0x080020aa   0x0000000c   Code   RO         3013    i.Drv_Delay_Ms      drv_hal_delay.o
    0x080020b6   0x080020b6   0x00000050   Code   RO         3014    i.Drv_Delay_Us      drv_hal_delay.o
    0x08002106   0x08002106   0x00000002   PAD
    0x08002108   0x08002108   0x00000074   Code   RO         3085    i.Drv_GPIO_Init     drv_hal_gpio.o
    0x0800217c   0x0800217c   0x00000012   Code   RO         3089    i.Drv_GPIO_Reset    drv_hal_gpio.o
    0x0800218e   0x0800218e   0x00000012   Code   RO         3090    i.Drv_GPIO_Set      drv_hal_gpio.o
    0x080021a0   0x080021a0   0x0000005c   Code   RO         2684    i.Drv_HAL_Error     drv_hal.o
    0x080021fc   0x080021fc   0x00000010   Code   RO         2686    i.Drv_HAL_Init      drv_hal.o
    0x0800220c   0x0800220c   0x00000054   Code   RO         2688    i.Drv_HAL_PrintLog  drv_hal.o
    0x08002260   0x08002260   0x0000000e   Code   RO         3183    i.Drv_IICSoft_Init  drv_hal_iic_soft.o
    0x0800226e   0x0800226e   0x0000005a   Code   RO         3184    i.Drv_IICSoft_ReadByte  drv_hal_iic_soft.o
    0x080022c8   0x080022c8   0x00000056   Code   RO         3185    i.Drv_IICSoft_SendByte  drv_hal_iic_soft.o
    0x0800231e   0x0800231e   0x00000030   Code   RO         3186    i.Drv_IICSoft_Start  drv_hal_iic_soft.o
    0x0800234e   0x0800234e   0x00000030   Code   RO         3187    i.Drv_IICSoft_Stop  drv_hal_iic_soft.o
    0x0800237e   0x0800237e   0x0000004c   Code   RO         3188    i.Drv_IICSoft_WaitAck  drv_hal_iic_soft.o
    0x080023ca   0x080023ca   0x00000002   PAD
    0x080023cc   0x080023cc   0x00000064   Code   RO         3290    i.Drv_PWM_HighLvTimeSet  drv_hal_pwm.o
    0x08002430   0x08002430   0x0000005c   Code   RO         3291    i.Drv_PWM_Init      drv_hal_pwm.o
    0x0800248c   0x0800248c   0x00000018   Code   RO         3402    i.Drv_SPI_Init      drv_hal_spi.o
    0x080024a4   0x080024a4   0x00000018   Code   RO         3404    i.Drv_SPI_Transmit  drv_hal_spi.o
    0x080024bc   0x080024bc   0x00000024   Code   RO         3405    i.Drv_SPI_TransmitReceive  drv_hal_spi.o
    0x080024e0   0x080024e0   0x00000096   Code   RO         3584    i.Drv_Uart_DMAInit  drv_hal_uart.o
    0x08002576   0x08002576   0x00000022   Code   RO         3585    i.Drv_Uart_DMA_IRQHandler  drv_hal_uart.o
    0x08002598   0x08002598   0x00000052   Code   RO         3586    i.Drv_Uart_DMA_RxHandler  drv_hal_uart.o
    0x080025ea   0x080025ea   0x0000000c   Code   RO         3588    i.Drv_Uart_IRQHandler  drv_hal_uart.o
    0x080025f6   0x080025f6   0x00000034   Code   RO         3592    i.Drv_Uart_Receive_DMA  drv_hal_uart.o
    0x0800262a   0x0800262a   0x00000016   Code   RO         3594    i.Drv_Uart_Transmit  drv_hal_uart.o
    0x08002640   0x08002640   0x00000002   Code   RO          456    i.EXTI15_10_IRQHandler  task_irq.o
    0x08002642   0x08002642   0x00000002   Code   RO          457    i.EXTI9_5_IRQHandler  task_irq.o
    0x08002644   0x08002644   0x00000056   Code   RO         4940    i.HAL_DMA_Abort     stm32f1xx_hal_dma.o
    0x0800269a   0x0800269a   0x00000002   PAD
    0x0800269c   0x0800269c   0x000001a8   Code   RO         4941    i.HAL_DMA_Abort_IT  stm32f1xx_hal_dma.o
    0x08002844   0x08002844   0x00000398   Code   RO         4945    i.HAL_DMA_IRQHandler  stm32f1xx_hal_dma.o
    0x08002bdc   0x08002bdc   0x0000008c   Code   RO         4946    i.HAL_DMA_Init      stm32f1xx_hal_dma.o
    0x08002c68   0x08002c68   0x0000009c   Code   RO         4950    i.HAL_DMA_Start_IT  stm32f1xx_hal_dma.o
    0x08002d04   0x08002d04   0x00000340   Code   RO         5336    i.HAL_GPIO_Init     stm32f1xx_hal_gpio.o
    0x08003044   0x08003044   0x00000010   Code   RO         5338    i.HAL_GPIO_ReadPin  stm32f1xx_hal_gpio.o
    0x08003054   0x08003054   0x0000000c   Code   RO         5340    i.HAL_GPIO_WritePin  stm32f1xx_hal_gpio.o
    0x08003060   0x08003060   0x0000000c   Code   RO         3775    i.HAL_GetTick       stm32f1xx_hal.o
    0x0800306c   0x0800306c   0x00000028   Code   RO         3782    i.HAL_Init          stm32f1xx_hal.o
    0x08003094   0x08003094   0x0000004c   Code   RO         3783    i.HAL_InitTick      stm32f1xx_hal.o
    0x080030e0   0x080030e0   0x000000a8   Code   RO         2692    i.HAL_MspInit       drv_hal.o
    0x08003188   0x08003188   0x00000020   Code   RO         4573    i.HAL_NVIC_EnableIRQ  stm32f1xx_hal_cortex.o
    0x080031a8   0x080031a8   0x0000007c   Code   RO         4579    i.HAL_NVIC_SetPriority  stm32f1xx_hal_cortex.o
    0x08003224   0x08003224   0x00000028   Code   RO         4580    i.HAL_NVIC_SetPriorityGrouping  stm32f1xx_hal_cortex.o
    0x0800324c   0x0800324c   0x0000018c   Code   RO         5771    i.HAL_RCC_ClockConfig  stm32f1xx_hal_rcc.o
    0x080033d8   0x080033d8   0x0000000c   Code   RO         5776    i.HAL_RCC_GetHCLKFreq  stm32f1xx_hal_rcc.o
    0x080033e4   0x080033e4   0x00000020   Code   RO         5778    i.HAL_RCC_GetPCLK1Freq  stm32f1xx_hal_rcc.o
    0x08003404   0x08003404   0x00000020   Code   RO         5779    i.HAL_RCC_GetPCLK2Freq  stm32f1xx_hal_rcc.o
    0x08003424   0x08003424   0x00000094   Code   RO         5780    i.HAL_RCC_GetSysClockFreq  stm32f1xx_hal_rcc.o
    0x080034b8   0x080034b8   0x00000464   Code   RO         5783    i.HAL_RCC_OscConfig  stm32f1xx_hal_rcc.o
    0x0800391c   0x0800391c   0x000000be   Code   RO         5996    i.HAL_SPI_Init      stm32f1xx_hal_spi.o
    0x080039da   0x080039da   0x00000002   Code   RO         5998    i.HAL_SPI_MspInit   stm32f1xx_hal_spi.o
    0x080039dc   0x080039dc   0x000001ae   Code   RO         6004    i.HAL_SPI_Transmit  stm32f1xx_hal_spi.o
    0x08003b8a   0x08003b8a   0x0000022a   Code   RO         6005    i.HAL_SPI_TransmitReceive  stm32f1xx_hal_spi.o
    0x08003db4   0x08003db4   0x00000028   Code   RO         4582    i.HAL_SYSTICK_CLKSourceConfig  stm32f1xx_hal_cortex.o
    0x08003ddc   0x08003ddc   0x00000034   Code   RO         4584    i.HAL_SYSTICK_Config  stm32f1xx_hal_cortex.o
    0x08003e10   0x08003e10   0x000000fc   Code   RO         6399    i.HAL_TIM_PWM_ConfigChannel  stm32f1xx_hal_tim.o
    0x08003f0c   0x08003f0c   0x00000066   Code   RO         6402    i.HAL_TIM_PWM_Init  stm32f1xx_hal_tim.o
    0x08003f72   0x08003f72   0x00000002   Code   RO         6404    i.HAL_TIM_PWM_MspInit  stm32f1xx_hal_tim.o
    0x08003f74   0x08003f74   0x000000f4   Code   RO         6407    i.HAL_TIM_PWM_Start  stm32f1xx_hal_tim.o
    0x08004068   0x08004068   0x00000066   Code   RO         7328    i.HAL_UART_DMAStop  stm32f1xx_hal_uart.o
    0x080040ce   0x080040ce   0x00000002   Code   RO         7330    i.HAL_UART_ErrorCallback  stm32f1xx_hal_uart.o
    0x080040d0   0x080040d0   0x00000154   Code   RO         7333    i.HAL_UART_IRQHandler  stm32f1xx_hal_uart.o
    0x08004224   0x08004224   0x00000072   Code   RO         7334    i.HAL_UART_Init     stm32f1xx_hal_uart.o
    0x08004296   0x08004296   0x00000002   Code   RO         7336    i.HAL_UART_MspInit  stm32f1xx_hal_uart.o
    0x08004298   0x08004298   0x000000c4   Code   RO         7338    i.HAL_UART_Receive_DMA  stm32f1xx_hal_uart.o
    0x0800435c   0x0800435c   0x00000002   Code   RO         7340    i.HAL_UART_RxCpltCallback  stm32f1xx_hal_uart.o
    0x0800435e   0x0800435e   0x00000002   Code   RO         7341    i.HAL_UART_RxHalfCpltCallback  stm32f1xx_hal_uart.o
    0x08004360   0x08004360   0x000000d2   Code   RO         7342    i.HAL_UART_Transmit  stm32f1xx_hal_uart.o
    0x08004432   0x08004432   0x00000002   Code   RO         7345    i.HAL_UART_TxCpltCallback  stm32f1xx_hal_uart.o
    0x08004434   0x08004434   0x0000008c   Code   RO          371    i.HandleModeThread  threadpool.o
    0x080044c0   0x080044c0   0x0000000e   Code   RO          372    i.IMX6ULLThread     threadpool.o
    0x080044ce   0x080044ce   0x0000000e   Code   RO          373    i.IPCcmdThread      threadpool.o
    0x080044dc   0x080044dc   0x00000010   Code   RO          374    i.JY901Thread       threadpool.o
    0x080044ec   0x080044ec   0x00000010   Code   RO          375    i.MS5837Thread      threadpool.o
    0x080044fc   0x080044fc   0x00000004   Code   RO         2693    i.MemManage_Handler  drv_hal.o
    0x08004500   0x08004500   0x00000028   Code   RO          376    i.MotorSysThread    threadpool.o
    0x08004528   0x08004528   0x00000004   Code   RO         2694    i.NMI_Handler       drv_hal.o
    0x0800452c   0x0800452c   0x00000118   Code   RO         9442    i.OCD_AD24BIT_Init  ocd_ad24bit-1K_SYNC.lib(ocd_ad24bit.o)
    0x08004644   0x08004644   0x00000200   Code   RO         9443    i.OCD_AD24bit_GetResult  ocd_ad24bit-1K_SYNC.lib(ocd_ad24bit.o)
    0x08004844   0x08004844   0x00000036   Code   RO         1445    i.OCD_DS3231_Init   ocd_ds3231.o
    0x0800487a   0x0800487a   0x0000005e   Code   RO         1447    i.OCD_DS3231_TimeGetHex  ocd_ds3231.o
    0x080048d8   0x080048d8   0x0000008c   Code   RO         1449    i.OCD_DS3231_TimeSetHex  ocd_ds3231.o
    0x08004964   0x08004964   0x00000028   Code   RO         1525    i.OCD_JY901_AxisConfig  ocd_jy901.o
    0x0800498c   0x0800498c   0x00000038   Code   RO         1527    i.OCD_JY901_DMAInit  ocd_jy901.o
    0x080049c4   0x080049c4   0x000001fc   Code   RO         1528    i.OCD_JY901_DataConversion  ocd_jy901.o
    0x08004bc0   0x08004bc0   0x00000104   Code   RO         1529    i.OCD_JY901_DataProcess  ocd_jy901.o
    0x08004cc4   0x08004cc4   0x00000024   Code   RO         1530    i.OCD_JY901_GyroAutoCorrect  ocd_jy901.o
    0x08004ce8   0x08004ce8   0x00000028   Code   RO         1531    i.OCD_JY901_OrientConfig  ocd_jy901.o
    0x08004d10   0x08004d10   0x00000028   Code   RO         1534    i.OCD_JY901_RxBaudConfig  ocd_jy901.o
    0x08004d38   0x08004d38   0x00000028   Code   RO         1535    i.OCD_JY901_RxSpeedConfig  ocd_jy901.o
    0x08004d60   0x08004d60   0x00000034   Code   RO         1536    i.OCD_JY901_RxTypeConfig  ocd_jy901.o
    0x08004d94   0x08004d94   0x000003d0   Code   RO         1737    i.OCD_MS5837_GetData  ocd_ms5837.o
    0x08005164   0x08005164   0x00000034   Code   RO         1738    i.OCD_MS5837_Init   ocd_ms5837.o
    0x08005198   0x08005198   0x00000028   Code   RO         5784    i.RCC_Delay         stm32f1xx_hal_rcc.o
    0x080051c0   0x080051c0   0x00000010   Code   RO          377    i.ReportDataThread  threadpool.o
    0x080051d0   0x080051d0   0x00000028   Code   RO         6034    i.SPI_EndRxTxTransaction  stm32f1xx_hal_spi.o
    0x080051f8   0x080051f8   0x000000d8   Code   RO         6039    i.SPI_WaitFlagStateUntilTimeout  stm32f1xx_hal_spi.o
    0x080052d0   0x080052d0   0x00000002   Code   RO         2695    i.SVC_Handler       drv_hal.o
    0x080052d2   0x080052d2   0x0000001a   Code   RO         9445    i.S_AD24BIT_Delay   ocd_ad24bit-1K_SYNC.lib(ocd_ad24bit.o)
    0x080052ec   0x080052ec   0x00000016   Code   RO         1450    i.S_DS3231_DelayUs  ocd_ds3231.o
    0x08005302   0x08005302   0x00000076   Code   RO         1451    i.S_DS3231_ReadByte  ocd_ds3231.o
    0x08005378   0x08005378   0x00000062   Code   RO         1453    i.S_DS3231_WriteByte  ocd_ds3231.o
    0x080053da   0x080053da   0x00000002   PAD
    0x080053dc   0x080053dc   0x00000120   Code   RO         3093    i.S_GPIO_CLKEnable  drv_hal_gpio.o
    0x080054fc   0x080054fc   0x000000f2   Code   RO         3095    i.S_GPIO_NVICParamConfig  drv_hal_gpio.o
    0x080055ee   0x080055ee   0x0000000e   Code   RO         3096    i.S_GPIO_ParamConfig  drv_hal_gpio.o
    0x080055fc   0x080055fc   0x00000066   Code   RO         2696    i.S_HAL_CLKConfig   drv_hal.o
    0x08005662   0x08005662   0x00000026   Code   RO         2697    i.S_HAL_RTTCLKInit  drv_hal.o
    0x08005688   0x08005688   0x0000000c   Code   RO         3189    i.S_IICSoft_DelayUs  drv_hal_iic_soft.o
    0x08005694   0x08005694   0x00000010   Code   RO         3190    i.S_IICSoft_READ_SDA  drv_hal_iic_soft.o
    0x080056a4   0x080056a4   0x00000012   Code   RO         3191    i.S_IICSoft_SCL_H   drv_hal_iic_soft.o
    0x080056b6   0x080056b6   0x00000012   Code   RO         3192    i.S_IICSoft_SCL_L   drv_hal_iic_soft.o
    0x080056c8   0x080056c8   0x00000012   Code   RO         3193    i.S_IICSoft_SDA_H   drv_hal_iic_soft.o
    0x080056da   0x080056da   0x00000026   Code   RO         3194    i.S_IICSoft_SDA_InputMode  drv_hal_iic_soft.o
    0x08005700   0x08005700   0x00000012   Code   RO         3195    i.S_IICSoft_SDA_L   drv_hal_iic_soft.o
    0x08005712   0x08005712   0x00000028   Code   RO         3196    i.S_IICSoft_SDA_OutputMode  drv_hal_iic_soft.o
    0x0800573a   0x0800573a   0x00000030   Code   RO         3197    i.S_IICSoft_SendAck  drv_hal_iic_soft.o
    0x0800576a   0x0800576a   0x00000030   Code   RO         3198    i.S_IICSoft_SendNAck  drv_hal_iic_soft.o
    0x0800579a   0x0800579a   0x0000000a   Code   RO         1538    i.S_JY901_Delay     ocd_jy901.o
    0x080057a4   0x080057a4   0x00000098   Code   RO         1539    i.S_JY901_ParamMatch  ocd_jy901.o
    0x0800583c   0x0800583c   0x0000004c   Code   RO         1540    i.S_JY901_SaveConfig  ocd_jy901.o
    0x08005888   0x08005888   0x00000028   Code   RO         1541    i.S_JY901_Setting   ocd_jy901.o
    0x080058b0   0x080058b0   0x00000014   Code   RO         1542    i.S_JY901_UnLock    ocd_jy901.o
    0x080058c4   0x080058c4   0x0000009a   Code   RO         1739    i.S_MS5837_CRC4     ocd_ms5837.o
    0x0800595e   0x0800595e   0x000000b2   Code   RO         1740    i.S_MS5837_GetCalibrationData  ocd_ms5837.o
    0x08005a10   0x08005a10   0x000000da   Code   RO         1741    i.S_MS5837_GetConversion  ocd_ms5837.o
    0x08005aea   0x08005aea   0x0000003a   Code   RO         1742    i.S_MS5837_Reset    ocd_ms5837.o
    0x08005b24   0x08005b24   0x000000f4   Code   RO         3292    i.S_PWM_CLKEnable   drv_hal_pwm.o
    0x08005c18   0x08005c18   0x00000234   Code   RO         3293    i.S_PWM_GPIOConfig  drv_hal_pwm.o
    0x08005e4c   0x08005e4c   0x000000b8   Code   RO         3294    i.S_PWM_ParamConfig  drv_hal_pwm.o
    0x08005f04   0x08005f04   0x00000b88   Code   RO         3295    i.S_PWM_ParamMatch  drv_hal_pwm.o
    0x08006a8c   0x08006a8c   0x00000080   Code   RO         3406    i.S_SPI_CLKEnable   drv_hal_spi.o
    0x08006b0c   0x08006b0c   0x00000074   Code   RO         3407    i.S_SPI_GPIOConfig  drv_hal_spi.o
    0x08006b80   0x08006b80   0x00000034   Code   RO         3408    i.S_SPI_ParamConfig  drv_hal_spi.o
    0x08006bb4   0x08006bb4   0x000000bc   Code   RO          621    i.S_Test_Motorsys_Function  task_test.o
    0x08006c70   0x08006c70   0x00000002   Code   RO         3597    i.S_Uart_CLKConfig  drv_hal_uart.o
    0x08006c72   0x08006c72   0x00000002   PAD
    0x08006c74   0x08006c74   0x000000d0   Code   RO         3598    i.S_Uart_CLKEnable  drv_hal_uart.o
    0x08006d44   0x08006d44   0x00000060   Code   RO         3599    i.S_Uart_DMAParamConfig  drv_hal_uart.o
    0x08006da4   0x08006da4   0x000000e4   Code   RO         3600    i.S_Uart_DMA_CLKEnable  drv_hal_uart.o
    0x08006e88   0x08006e88   0x00000114   Code   RO         3601    i.S_Uart_DMA_NVICConfig  drv_hal_uart.o
    0x08006f9c   0x08006f9c   0x00000168   Code   RO         3602    i.S_Uart_GPIOConfig  drv_hal_uart.o
    0x08007104   0x08007104   0x000000b0   Code   RO         3603    i.S_Uart_NVICConfig  drv_hal_uart.o
    0x080071b4   0x080071b4   0x00000038   Code   RO         3604    i.S_Uart_ParamConfig  drv_hal_uart.o
    0x080071ec   0x080071ec   0x00000344   Code   RO         3605    i.S_Uart_ParamMatch  drv_hal_uart.o
    0x08007530   0x08007530   0x00000010   Code   RO         7998    i.SysTick_Handler   board.o
    0x08007540   0x08007540   0x000000a4   Code   RO         7954    i.SystemCoreClockUpdate  system_stm32f1xx.o
    0x080075e4   0x080075e4   0x00000002   Code   RO         7955    i.SystemInit        system_stm32f1xx.o
    0x080075e6   0x080075e6   0x00000002   Code   RO          458    i.TIM2_IRQHandler   task_irq.o
    0x080075e8   0x080075e8   0x00000002   Code   RO          459    i.TIM3_IRQHandler   task_irq.o
    0x080075ea   0x080075ea   0x00000002   Code   RO          460    i.TIM4_IRQHandler   task_irq.o
    0x080075ec   0x080075ec   0x00000002   Code   RO          461    i.TIM5_IRQHandler   task_irq.o
    0x080075ee   0x080075ee   0x00000002   Code   RO          462    i.TIM6_IRQHandler   task_irq.o
    0x080075f0   0x080075f0   0x00000002   Code   RO          463    i.TIM7_IRQHandler   task_irq.o
    0x080075f2   0x080075f2   0x00000002   PAD
    0x080075f4   0x080075f4   0x0000009c   Code   RO         6420    i.TIM_Base_SetConfig  stm32f1xx_hal_tim.o
    0x08007690   0x08007690   0x00000022   Code   RO         6421    i.TIM_CCxChannelCmd  stm32f1xx_hal_tim.o
    0x080076b2   0x080076b2   0x00000002   PAD
    0x080076b4   0x080076b4   0x00000070   Code   RO         6433    i.TIM_OC1_SetConfig  stm32f1xx_hal_tim.o
    0x08007724   0x08007724   0x0000007c   Code   RO         6434    i.TIM_OC2_SetConfig  stm32f1xx_hal_tim.o
    0x080077a0   0x080077a0   0x00000078   Code   RO         6435    i.TIM_OC3_SetConfig  stm32f1xx_hal_tim.o
    0x08007818   0x08007818   0x00000054   Code   RO         6436    i.TIM_OC4_SetConfig  stm32f1xx_hal_tim.o
    0x0800786c   0x0800786c   0x00000114   Code   RO          975    i.Task_AD4111_Handle  task_ad4111.o
    0x08007980   0x08007980   0x0000001c   Code   RO          976    i.Task_AD4111_Sync  task_ad4111.o
    0x0800799c   0x0800799c   0x00000002   Code   RO         1099    i.Task_AutoMode_Process  task_automode.o
    0x0800799e   0x0800799e   0x00000002   PAD
    0x080079a0   0x080079a0   0x00000028   Code   RO         1067    i.Task_DS1337_Handle  task_ds1337.o
    0x080079c8   0x080079c8   0x0000003c   Code   RO         1068    i.Task_DS1337_SYNC  task_ds1337.o
    0x08007a04   0x08007a04   0x00000144   Code   RO         1134    i.Task_HandleMode_Process  task_handlemode.o
    0x08007b48   0x08007b48   0x0000010c   Code   RO         1039    i.Task_IMX6ULL_Handle  task_imx6ull.o
    0x08007c54   0x08007c54   0x000005e0   Code   RO         1013    i.Task_IPCcmd_Handle  task_ipccmd.o
    0x08008234   0x08008234   0x000000b0   Code   RO          914    i.Task_JY901_Handle  task_jy901.o
    0x080082e4   0x080082e4   0x0000003c   Code   RO          944    i.Task_MS5837_Handle  task_ms5837.o
    0x08008320   0x08008320   0x00000384   Code   RO         1168    i.Task_MotorSys_Handle  task_motorsys.o
    0x080086a4   0x080086a4   0x00000018   Code   RO         1169    i.Task_MotorSys_Init  task_motorsys.o
    0x080086bc   0x080086bc   0x00000154   Code   RO         1173    i.Task_MotorSys_Steer_Angle_Set  task_motorsys.o
    0x08008810   0x08008810   0x0000001c   Code   RO         1174    i.Task_MotorSys_Thruster_SpeedSet  task_motorsys.o
    0x0800882c   0x0800882c   0x00000028   Code   RO          680    i.Task_ReportData_Handle  task_reportdata.o
    0x08008854   0x08008854   0x00000020   Code   RO          623    i.Task_Test_Handle  task_test.o
    0x08008874   0x08008874   0x000000e0   Code   RO          590    i.Task_UserInit     task_userinit.o
    0x08008954   0x08008954   0x0000000c   Code   RO          378    i.TestThread        threadpool.o
    0x08008960   0x08008960   0x0000001c   Code   RO          464    i.UART4_IRQHandler  task_irq.o
    0x0800897c   0x0800897c   0x00000002   Code   RO          465    i.UART5_IRQHandler  task_irq.o
    0x0800897e   0x0800897e   0x00000014   Code   RO         7347    i.UART_DMAAbortOnError  stm32f1xx_hal_uart.o
    0x08008992   0x08008992   0x00000050   Code   RO         7348    i.UART_DMAError     stm32f1xx_hal_uart.o
    0x080089e2   0x080089e2   0x00000046   Code   RO         7349    i.UART_DMAReceiveCplt  stm32f1xx_hal_uart.o
    0x08008a28   0x08008a28   0x0000000e   Code   RO         7351    i.UART_DMARxHalfCplt  stm32f1xx_hal_uart.o
    0x08008a36   0x08008a36   0x00000020   Code   RO         7357    i.UART_EndRxTransfer  stm32f1xx_hal_uart.o
    0x08008a56   0x08008a56   0x00000020   Code   RO         7358    i.UART_EndTransmit_IT  stm32f1xx_hal_uart.o
    0x08008a76   0x08008a76   0x00000014   Code   RO         7359    i.UART_EndTxTransfer  stm32f1xx_hal_uart.o
    0x08008a8a   0x08008a8a   0x000000a0   Code   RO         7360    i.UART_Receive_IT   stm32f1xx_hal_uart.o
    0x08008b2a   0x08008b2a   0x00000002   PAD
    0x08008b2c   0x08008b2c   0x000000fc   Code   RO         7361    i.UART_SetConfig    stm32f1xx_hal_uart.o
    0x08008c28   0x08008c28   0x00000060   Code   RO         7362    i.UART_Transmit_IT  stm32f1xx_hal_uart.o
    0x08008c88   0x08008c88   0x0000006c   Code   RO         7363    i.UART_WaitOnFlagUntilTimeout  stm32f1xx_hal_uart.o
    0x08008cf4   0x08008cf4   0x00000028   Code   RO          466    i.USART1_IRQHandler  task_irq.o
    0x08008d1c   0x08008d1c   0x00000024   Code   RO          467    i.USART2_IRQHandler  task_irq.o
    0x08008d40   0x08008d40   0x00000028   Code   RO          468    i.USART3_IRQHandler  task_irq.o
    0x08008d68   0x08008d68   0x00000004   Code   RO         2698    i.UsageFault_Handler  drv_hal.o
    0x08008d6c   0x08008d6c   0x00000314   Code   RO          240    i.UserLogic_Code    usercode.o
    0x08009080   0x08009080   0x00000020   Code   RO         9984    i.__0printf         mc_w.l(printfa.o)
    0x080090a0   0x080090a0   0x00000024   Code   RO         9989    i.__0vsnprintf      mc_w.l(printfa.o)
    0x080090c4   0x080090c4   0x00000026   Code   RO        10092    i.__ARM_fpclassifyf  m_ws.l(fpclassifyf.o)
    0x080090ea   0x080090ea   0x00000002   PAD
    0x080090ec   0x080090ec   0x00000010   Code   RO         4586    i.__NVIC_GetPriorityGrouping  stm32f1xx_hal_cortex.o
    0x080090fc   0x080090fc   0x00000028   Code   RO         4587    i.__NVIC_SetPriority  stm32f1xx_hal_cortex.o
    0x08009124   0x08009124   0x00000008   Code   RO        10140    i.__aeabi_errno_addr  mc_w.l(errno.o)
    0x0800912c   0x0800912c   0x00000004   Code   RO        10096    i.__mathlib_flt_infnan2  m_ws.l(funder.o)
    0x08009130   0x08009130   0x0000000a   Code   RO        10098    i.__mathlib_flt_overflow  m_ws.l(funder.o)
    0x0800913a   0x0800913a   0x0000000a   Code   RO        10100    i.__mathlib_flt_underflow  m_ws.l(funder.o)
    0x08009144   0x08009144   0x0000000c   Code   RO        10141    i.__read_errno      mc_w.l(errno.o)
    0x08009150   0x08009150   0x0000004c   Code   RO         8554    i.__rt_ffs          kservice.o
    0x0800919c   0x0800919c   0x0000000e   Code   RO        10213    i.__scatterload_copy  mc_w.l(handlers.o)
    0x080091aa   0x080091aa   0x00000002   Code   RO        10214    i.__scatterload_null  mc_w.l(handlers.o)
    0x080091ac   0x080091ac   0x0000000e   Code   RO        10215    i.__scatterload_zeroinit  mc_w.l(handlers.o)
    0x080091ba   0x080091ba   0x00000002   PAD
    0x080091bc   0x080091bc   0x0000000c   Code   RO        10142    i.__set_errno       mc_w.l(errno.o)
    0x080091c8   0x080091c8   0x00000164   Code   RO         9991    i._fp_digits        mc_w.l(printfa.o)
    0x0800932c   0x0800932c   0x0000000e   Code   RO        10050    i._is_digit         mc_w.l(scanf_fp.o)
    0x0800933a   0x0800933a   0x00000002   PAD
    0x0800933c   0x0800933c   0x000006dc   Code   RO         9992    i._printf_core      mc_w.l(printfa.o)
    0x08009a18   0x08009a18   0x00000024   Code   RO         9993    i._printf_post_padding  mc_w.l(printfa.o)
    0x08009a3c   0x08009a3c   0x0000002e   Code   RO         9994    i._printf_pre_padding  mc_w.l(printfa.o)
    0x08009a6a   0x08009a6a   0x00000002   PAD
    0x08009a6c   0x08009a6c   0x0000009c   Code   RO         9095    i._rt_thread_init   thread.o
    0x08009b08   0x08009b08   0x00000042   Code   RO         9247    i._rt_timer_init    timer.o
    0x08009b4a   0x08009b4a   0x0000001c   Code   RO         9248    i._rt_timer_remove  timer.o
    0x08009b66   0x08009b66   0x00000016   Code   RO         9995    i._snputc           mc_w.l(printfa.o)
    0x08009b7c   0x08009b7c   0x0000001c   Code   RO         9096    i._thread_cleanup_execute  thread.o
    0x08009b98   0x08009b98   0x0000025c   Code   RO         9695    i.atan2f            m_ws.l(atan2f.o)
    0x08009df4   0x08009df4   0x0000002a   Code   RO         9703    i.atof              m_ws.l(atof.o)
    0x08009e1e   0x08009e1e   0x00000008   Code   RO         1177    i.fabsf             task_motorsys.o
    0x08009e26   0x08009e26   0x00000002   PAD
    0x08009e28   0x08009e28   0x00000034   Code   RO         2700    i.fputc             drv_hal.o
    0x08009e5c   0x08009e5c   0x00000050   Code   RO        10012    i.free              mc_w.l(malloc.o)
    0x08009eac   0x08009eac   0x000001cc   Code   RO         9707    i.hypotf            m_ws.l(hypotf.o)
    0x0800a078   0x0800a078   0x00000024   Code   RO            4    i.main              main.o
    0x0800a09c   0x0800a09c   0x0000000e   Code   RO         8116    i.main_thread_entry  components.o
    0x0800a0aa   0x0800a0aa   0x00000002   PAD
    0x0800a0ac   0x0800a0ac   0x0000006c   Code   RO        10013    i.malloc            mc_w.l(malloc.o)
    0x0800a118   0x0800a118   0x00000078   Code   RO         8731    i.plug_holes        mem.o
    0x0800a190   0x0800a190   0x00000198   Code   RO         8556    i.print_number      kservice.o
    0x0800a328   0x0800a328   0x00000030   Code   RO         8117    i.rt_application_init  components.o
    0x0800a358   0x0800a358   0x0000001c   Code   RO         8118    i.rt_components_board_init  components.o
    0x0800a374   0x0800a374   0x0000001c   Code   RO         8119    i.rt_components_init  components.o
    0x0800a390   0x0800a390   0x00000020   Code   RO         9017    i.rt_enter_critical  scheduler.o
    0x0800a3b0   0x0800a3b0   0x00000044   Code   RO         9018    i.rt_exit_critical  scheduler.o
    0x0800a3f4   0x0800a3f4   0x000000f8   Code   RO         8733    i.rt_free           mem.o
    0x0800a4ec   0x0800a4ec   0x00000008   Code   RO         7999    i.rt_heap_begin_get  board.o
    0x0800a4f4   0x0800a4f4   0x00000008   Code   RO         8000    i.rt_heap_end_get   board.o
    0x0800a4fc   0x0800a4fc   0x00000034   Code   RO         8001    i.rt_hw_board_init  board.o
    0x0800a530   0x0800a530   0x00000050   Code   RO         8002    i.rt_hw_console_output  board.o
    0x0800a580   0x0800a580   0x00000200   Code   RO         9387    i.rt_hw_hard_fault_exception  cpuport.o
    0x0800a780   0x0800a780   0x0000004c   Code   RO         9388    i.rt_hw_stack_init  cpuport.o
    0x0800a7cc   0x0800a7cc   0x00000034   Code   RO         8515    i.rt_interrupt_enter  irq.o
    0x0800a800   0x0800a800   0x00000034   Code   RO         8518    i.rt_interrupt_leave  irq.o
    0x0800a834   0x0800a834   0x00000014   Code   RO         8243    i.rt_ipc_list_resume  ipc.o
    0x0800a848   0x0800a848   0x0000006e   Code   RO         8245    i.rt_ipc_list_suspend  ipc.o
    0x0800a8b6   0x0800a8b6   0x00000010   Code   RO         8246    i.rt_ipc_object_init  ipc.o
    0x0800a8c6   0x0800a8c6   0x00000002   PAD
    0x0800a8c8   0x0800a8c8   0x00000030   Code   RO         8560    i.rt_kprintf        kservice.o
    0x0800a8f8   0x0800a8f8   0x00000006   Code   RO         8247    i.rt_list_init      ipc.o
    0x0800a8fe   0x0800a8fe   0x00000006   Code   RO         9019    i.rt_list_init      scheduler.o
    0x0800a904   0x0800a904   0x00000006   Code   RO         9249    i.rt_list_init      timer.o
    0x0800a90a   0x0800a90a   0x0000000e   Code   RO         8898    i.rt_list_insert_after  object.o
    0x0800a918   0x0800a918   0x0000000e   Code   RO         9097    i.rt_list_insert_after  thread.o
    0x0800a926   0x0800a926   0x0000000e   Code   RO         9250    i.rt_list_insert_after  timer.o
    0x0800a934   0x0800a934   0x0000000e   Code   RO         8248    i.rt_list_insert_before  ipc.o
    0x0800a942   0x0800a942   0x00000010   Code   RO         8249    i.rt_list_isempty   ipc.o
    0x0800a952   0x0800a952   0x00000010   Code   RO         9251    i.rt_list_isempty   timer.o
    0x0800a962   0x0800a962   0x00000012   Code   RO         8899    i.rt_list_remove    object.o
    0x0800a974   0x0800a974   0x00000012   Code   RO         9098    i.rt_list_remove    thread.o
    0x0800a986   0x0800a986   0x00000012   Code   RO         9252    i.rt_list_remove    timer.o
    0x0800a998   0x0800a998   0x00000188   Code   RO         8735    i.rt_malloc         mem.o
    0x0800ab20   0x0800ab20   0x0000007c   Code   RO         8564    i.rt_memcpy         kservice.o
    0x0800ab9c   0x0800ab9c   0x00000048   Code   RO         8566    i.rt_memset         kservice.o
    0x0800abe4   0x0800abe4   0x00000088   Code   RO         8259    i.rt_mq_create      ipc.o
    0x0800ac6c   0x0800ac6c   0x00000160   Code   RO         8263    i.rt_mq_recv        ipc.o
    0x0800adcc   0x0800adcc   0x00000016   Code   RO         8264    i.rt_mq_send        ipc.o
    0x0800ade2   0x0800ade2   0x00000002   PAD
    0x0800ade4   0x0800ade4   0x00000144   Code   RO         8265    i.rt_mq_send_wait   ipc.o
    0x0800af28   0x0800af28   0x0000006c   Code   RO         8900    i.rt_object_allocate  object.o
    0x0800af94   0x0800af94   0x0000003c   Code   RO         8902    i.rt_object_delete  object.o
    0x0800afd0   0x0800afd0   0x00000034   Code   RO         8903    i.rt_object_detach  object.o
    0x0800b004   0x0800b004   0x00000028   Code   RO         8906    i.rt_object_get_information  object.o
    0x0800b02c   0x0800b02c   0x0000006c   Code   RO         8910    i.rt_object_init    object.o
    0x0800b098   0x0800b098   0x00000012   Code   RO         8911    i.rt_object_is_systemobject  object.o
    0x0800b0aa   0x0800b0aa   0x00000002   PAD
    0x0800b0ac   0x0800b0ac   0x0000009c   Code   RO         9020    i.rt_schedule       scheduler.o
    0x0800b148   0x0800b148   0x00000050   Code   RO         9021    i.rt_schedule_insert_thread  scheduler.o
    0x0800b198   0x0800b198   0x00000054   Code   RO         9022    i.rt_schedule_remove_thread  scheduler.o
    0x0800b1ec   0x0800b1ec   0x0000002a   Code   RO         8275    i.rt_sem_create     ipc.o
    0x0800b216   0x0800b216   0x00000026   Code   RO         8278    i.rt_sem_init       ipc.o
    0x0800b23c   0x0800b23c   0x00000068   Code   RO         8279    i.rt_sem_release    ipc.o
    0x0800b2a4   0x0800b2a4   0x000000a0   Code   RO         8280    i.rt_sem_take       ipc.o
    0x0800b344   0x0800b344   0x000000b0   Code   RO         8568    i.rt_show_version   kservice.o
    0x0800b3f4   0x0800b3f4   0x000000e8   Code   RO         9253    i.rt_soft_timer_check  timer.o
    0x0800b4dc   0x0800b4dc   0x0000001c   Code   RO         8572    i.rt_strcmp         kservice.o
    0x0800b4f8   0x0800b4f8   0x00000012   Code   RO         8574    i.rt_strlen         kservice.o
    0x0800b50a   0x0800b50a   0x00000034   Code   RO         8576    i.rt_strncpy        kservice.o
    0x0800b53e   0x0800b53e   0x00000002   PAD
    0x0800b540   0x0800b540   0x000000f8   Code   RO         8739    i.rt_system_heap_init  mem.o
    0x0800b638   0x0800b638   0x0000004c   Code   RO         9024    i.rt_system_scheduler_init  scheduler.o
    0x0800b684   0x0800b684   0x00000030   Code   RO         9025    i.rt_system_scheduler_start  scheduler.o
    0x0800b6b4   0x0800b6b4   0x0000001c   Code   RO         9254    i.rt_system_timer_init  timer.o
    0x0800b6d0   0x0800b6d0   0x00000054   Code   RO         9255    i.rt_system_timer_thread_init  timer.o
    0x0800b724   0x0800b724   0x00000050   Code   RO         9100    i.rt_thread_create  thread.o
    0x0800b774   0x0800b774   0x0000000c   Code   RO         9101    i.rt_thread_delay   thread.o
    0x0800b780   0x0800b780   0x00000058   Code   RO         9105    i.rt_thread_exit    thread.o
    0x0800b7d8   0x0800b7d8   0x00000028   Code   RO         8190    i.rt_thread_idle_entry  idle.o
    0x0800b800   0x0800b800   0x00000060   Code   RO         8191    i.rt_thread_idle_excute  idle.o
    0x0800b860   0x0800b860   0x0000003c   Code   RO         8193    i.rt_thread_idle_init  idle.o
    0x0800b89c   0x0800b89c   0x00000034   Code   RO         9107    i.rt_thread_init    thread.o
    0x0800b8d0   0x0800b8d0   0x00000014   Code   RO         9109    i.rt_thread_mdelay  thread.o
    0x0800b8e4   0x0800b8e4   0x00000054   Code   RO         9110    i.rt_thread_resume  thread.o
    0x0800b938   0x0800b938   0x0000000c   Code   RO         9112    i.rt_thread_self    thread.o
    0x0800b944   0x0800b944   0x00000044   Code   RO         9113    i.rt_thread_sleep   thread.o
    0x0800b988   0x0800b988   0x0000002c   Code   RO         9114    i.rt_thread_startup  thread.o
    0x0800b9b4   0x0800b9b4   0x0000005c   Code   RO         9115    i.rt_thread_suspend  thread.o
    0x0800ba10   0x0800ba10   0x00000020   Code   RO         9117    i.rt_thread_timeout  thread.o
    0x0800ba30   0x0800ba30   0x00000044   Code   RO         9256    i.rt_thread_timer_entry  timer.o
    0x0800ba74   0x0800ba74   0x00000064   Code   RO         9118    i.rt_thread_yield   thread.o
    0x0800bad8   0x0800bad8   0x00000038   Code   RO         8060    i.rt_tick_from_millisecond  clock.o
    0x0800bb10   0x0800bb10   0x0000000c   Code   RO         8061    i.rt_tick_get       clock.o
    0x0800bb1c   0x0800bb1c   0x00000030   Code   RO         8062    i.rt_tick_increase  clock.o
    0x0800bb4c   0x0800bb4c   0x000000d0   Code   RO         9257    i.rt_timer_check    timer.o
    0x0800bc1c   0x0800bc1c   0x00000062   Code   RO         9258    i.rt_timer_control  timer.o
    0x0800bc7e   0x0800bc7e   0x00000028   Code   RO         9261    i.rt_timer_detach   timer.o
    0x0800bca6   0x0800bca6   0x0000002e   Code   RO         9264    i.rt_timer_init     timer.o
    0x0800bcd4   0x0800bcd4   0x0000002c   Code   RO         9265    i.rt_timer_list_next_timeout  timer.o
    0x0800bd00   0x0800bd00   0x00000140   Code   RO         9267    i.rt_timer_start    timer.o
    0x0800be40   0x0800be40   0x00000048   Code   RO         9268    i.rt_timer_stop     timer.o
    0x0800be88   0x0800be88   0x00000340   Code   RO         8579    i.rt_vsnprintf      kservice.o
    0x0800c1c8   0x0800c1c8   0x00000004   Code   RO         8120    i.rti_board_end     components.o
    0x0800c1cc   0x0800c1cc   0x00000004   Code   RO         8121    i.rti_board_start   components.o
    0x0800c1d0   0x0800c1d0   0x00000004   Code   RO         8122    i.rti_end           components.o
    0x0800c1d4   0x0800c1d4   0x00000004   Code   RO         8123    i.rti_start         components.o
    0x0800c1d8   0x0800c1d8   0x0000002a   Code   RO         8124    i.rtthread_startup  components.o
    0x0800c202   0x0800c202   0x00000026   Code   RO         8581    i.skip_atoi         kservice.o
    0x0800c228   0x0800c228   0x0000002c   Code   RO        10109    i.sqrtf             m_ws.l(sqrtf.o)
    0x0800c254   0x0800c254   0x0000001c   Code   RO         9715    i.strtod            m_ws.l(strtod.o)
    0x0800c270   0x0800c270   0x00000022   Code   RO         9719    i.strtof            m_ws.l(strtof.o)
    0x0800c292   0x0800c292   0x00000002   PAD
    0x0800c294   0x0800c294   0x000000ac   Code   RO         8003    i.uart_init         board.o
    0x0800c340   0x0800c340   0x0000000f   Data   RO          977    .constdata          task_ad4111.o
    0x0800c34f   0x0800c34f   0x0000000f   Data   RO         1543    .constdata          ocd_jy901.o
    0x0800c35e   0x0800c35e   0x00000018   Data   RO         7956    .constdata          system_stm32f1xx.o
    0x0800c376   0x0800c376   0x00000122   Data   RO         8583    .constdata          kservice.o
    0x0800c498   0x0800c498   0x00000081   Data   RO        10175    .constdata          mc_w.l(ctype_o.o)
    0x0800c519   0x0800c519   0x00000003   PAD
    0x0800c51c   0x0800c51c   0x00000004   Data   RO        10176    .constdata          mc_w.l(ctype_o.o)
    0x0800c520   0x0800c520   0x00000004   Data   RO         8125    .rti_fn.0           components.o
    0x0800c524   0x0800c524   0x00000004   Data   RO         8126    .rti_fn.0.end       components.o
    0x0800c528   0x0800c528   0x00000004   Data   RO         8006    .rti_fn.1           board.o
    0x0800c52c   0x0800c52c   0x00000004   Data   RO         8127    .rti_fn.1.end       components.o
    0x0800c530   0x0800c530   0x00000004   Data   RO         8128    .rti_fn.6.end       components.o
    0x0800c534   0x0800c534   0x00000020   Data   RO        10211    Region$$Table       anon$$obj.o


    Execution Region RW_IRAM1 (Exec base: 0x20000000, Load base: 0x0800c554, Size: 0x00006d50, Max: 0x0000c000, ABSOLUTE, COMPRESSED[0x00000350])

    Exec Addr    Load Addr    Size         Type   Attr      Idx    E Section Name        Object

    0x20000000   COMPRESSED   0x00000044   Data   RW          241    .data               usercode.o
    0x20000044   COMPRESSED   0x00000004   PAD
    0x20000048   COMPRESSED   0x00001080   Data   RW          344    .data               config.o
    0x200010c8   COMPRESSED   0x00000005   Data   RW          591    .data               task_userinit.o
    0x200010cd   COMPRESSED   0x00000003   PAD
    0x200010d0   COMPRESSED   0x0000000f   Data   RW         1041    .data               task_imx6ull.o
    0x200010df   COMPRESSED   0x00000001   PAD
    0x200010e0   COMPRESSED   0x0000000b   Data   RW         1069    .data               task_ds1337.o
    0x200010eb   COMPRESSED   0x00000005   PAD
    0x200010f0   COMPRESSED   0x00000048   Data   RW         1743    .data               ocd_ms5837.o
    0x20001138   COMPRESSED   0x00000008   Data   RW         2702    .data               drv_hal.o
    0x20001140   COMPRESSED   0x00000004   Data   RW         3296    .data               drv_hal_pwm.o
    0x20001144   COMPRESSED   0x00000009   Data   RW         3789    .data               stm32f1xx_hal.o
    0x2000114d   COMPRESSED   0x00000003   PAD
    0x20001150   COMPRESSED   0x00000004   Data   RW         7957    .data               system_stm32f1xx.o
    0x20001154   COMPRESSED   0x00000004   Data   RW         8064    .data               clock.o
    0x20001158   COMPRESSED   0x00000009   Data   RW         8520    .data               irq.o
    0x20001161   COMPRESSED   0x00000003   PAD
    0x20001164   COMPRESSED   0x00000020   Data   RW         8741    .data               mem.o
    0x20001184   COMPRESSED   0x000000a4   Data   RW         8916    .data               object.o
    0x20001228   COMPRESSED   0x0000001c   Data   RW         9027    .data               scheduler.o
    0x20001244   COMPRESSED   0x0000000c   Data   RW         9119    .data               thread.o
    0x20001250   COMPRESSED   0x00000020   Data   RW         9270    .data               timer.o
    0x20001270   COMPRESSED   0x00000010   Data   RW         9389    .data               cpuport.o
    0x20001280   COMPRESSED   0x00000294   Data   RW         9447    .data               ocd_ad24bit-1K_SYNC.lib(ocd_ad24bit.o)
    0x20001514   COMPRESSED   0x00000004   Data   RW         9744    .data               mc_w.l(strtok.o)
    0x20001518   COMPRESSED   0x00000004   Data   RW        10138    .data               mc_w.l(mvars.o)
    0x2000151c   COMPRESSED   0x00000004   Data   RW        10139    .data               mc_w.l(mvars.o)
    0x20001520   COMPRESSED   0x00000004   Data   RW        10143    .data               mc_w.l(errno.o)
    0x20001524        -       0x0000008a   Zero   RW          681    .bss                task_reportdata.o
    0x200015ae   COMPRESSED   0x00000002   PAD
    0x200015b0        -       0x00000090   Zero   RW         1040    .bss                task_imx6ull.o
    0x20001640        -       0x00000020   Zero   RW         1135    .bss                task_handlemode.o
    0x20001660        -       0x00000100   Zero   RW         2701    .bss                drv_hal.o
    0x20001760        -       0x00003c40   Zero   RW         8004    .bss                board.o
    0x200053a0        -       0x00000190   Zero   RW         8195    .bss                idle.o
    0x20005530        -       0x00000080   Zero   RW         8582    .bss                kservice.o
    0x200055b0        -       0x00000020   Zero   RW         8740    .bss                mem.o
    0x200055d0        -       0x00000100   Zero   RW         9026    .bss                scheduler.o
    0x200056d0        -       0x00000280   Zero   RW         9269    .bss                timer.o
    0x20005950        -       0x00001000   Zero   RW         7989    HEAP                startup_stm32f103xe.o
    0x20006950        -       0x00000400   Zero   RW         7988    STACK               startup_stm32f103xe.o


==============================================================================

Image component sizes


      Code (inc. data)   RO Data    RW Data    ZI Data      Debug   Object Name

       336         30          4          0      15424       4304   board.o
       116         12          0          4          0       7904   clock.o
       186         30         16          0          0       6196   components.o
         0          0          0       4224          0       1137   config.o
       244         28          0          0          0        816   context_rvds.o
       588        328          0         16          0       3454   cpuport.o
       572        112          0          8        256       8717   drv_hal.o
        92          0          0          0          0       1182   drv_hal_delay.o
       696         44          0          0          0       4016   drv_hal_gpio.o
       636          0          0          0          0       9298   drv_hal_iic_soft.o
      4136       1300          0          4          0       6519   drv_hal_pwm.o
       380         60          0          0          0       3960   drv_hal_spi.o
      2590        254          0          0          0      10163   drv_hal_uart.o
       196         30          0          0        400       5454   idle.o
      1360         24          0          0          0      13300   ipc.o
       104         20          0          9          0       1878   irq.o
      1872        164        290          0        128      10512   kservice.o
        36         16          0          0          0     459923   main.o
      1008        234          0         32         32       4180   mem.o
       418         24          0        164          0       9004   object.o
       526          0          0          0          0       4278   ocd_ds3231.o
      1370        104         15          0          0       9039   ocd_jy901.o
      1636         76          0         72          0       5116   ocd_ms5837.o
       550         94          0         28        256       8842   scheduler.o
        36          8        304          0       5120        932   startup_stm32f103xe.o
       128         24          0          9          0     493075   stm32f1xx_hal.o
       344         22          0          0          0      30357   stm32f1xx_hal_cortex.o
      1770         28          0          0          0       5682   stm32f1xx_hal_dma.o
       860         40          0          0          0       3635   stm32f1xx_hal_gpio.o
      1784        110          0          0          0       6500   stm32f1xx_hal_rcc.o
      1432          6          0          0          0       6522   stm32f1xx_hal_spi.o
      1230         80          0          0          0       8142   stm32f1xx_hal_tim.o
      1856         24          0          0          0      15254   stm32f1xx_hal_uart.o
       166         22         24          4          0       2343   system_stm32f1xx.o
       384         74         15          0          0       2197   task_ad4111.o
         2          0          0          0          0       1400   task_automode.o
       100         18          0         11          0       1768   task_ds1337.o
       324         22          0          0         32       1198   task_handlemode.o
       268        114          0         15        144       1484   task_imx6ull.o
      1504        126          0          0          0       1829   task_ipccmd.o
       194         42          0          0          0       7148   task_irq.o
       176         14          0          0          0        556   task_jy901.o
      1300         84          0          0          0       8301   task_motorsys.o
        60         14          0          0          0        517   task_ms5837.o
        40          4          0          0        138     500880   task_reportdata.o
       220         56          0          0          0       1035   task_test.o
       224         96          0          5          0        832   task_userinit.o
       900         56          0         12          0      14153   thread.o
       460         78          0          0          0       5855   threadpool.o
      1388        102          0         32        640      14399   timer.o
       788        352          0         68          0      11083   usercode.o

    ----------------------------------------------------------------------
     37618       4600        700       4736      22572    1746269   Object Totals
         0          0         32          0          0          0   (incl. Generated)
        32          0          0         19          2          0   (incl. Padding)

    ----------------------------------------------------------------------

      Code (inc. data)   RO Data    RW Data    ZI Data      Debug   Library Member Name

       604         76          0          0          0        116   atan2f.o
        42          0          0          0          0         84   atof.o
        38          0          0          0          0         68   fpclassifyf.o
        24          0          0          0          0        204   funder.o
       460          4          0          0          0        116   hypotf.o
        44          0          0          0          0         80   sqrtf.o
        28          0          0          0          0         80   strtod.o
        34          0          0          0          0         84   strtof.o
        56          8          0          0          0         84   __0sscanf.o
        86          0          0          0          0          0   __dczerorl2.o
        28          0          0          0          0         68   _chval.o
       812          4          0          0          0        112   _scanf.o
       332          0          0          0          0         96   _scanf_int.o
       224          0          0          0          0         96   _scanf_str.o
        64          0          0          0          0         84   _sgetc.o
       158          0          0          0          0         92   _strtoul.o
        26          0          0          0          0         80   atoi.o
        28          0          0          0          0         76   calloc.o
         8          4        133          0          0         68   ctype_o.o
         0          0          0          0          0          0   entry.o
         0          0          0          0          0          0   entry10a.o
         0          0          0          0          0          0   entry11a.o
         8          4          0          0          0          0   entry2.o
         4          0          0          0          0          0   entry5.o
         0          0          0          0          0          0   entry7b.o
         0          0          0          0          0          0   entry8b.o
         8          4          0          0          0          0   entry9a.o
        32         16          0          4          0        204   errno.o
        30          0          0          0          0          0   handlers.o
        36          8          0          0          0         68   init.o
        18          0          0          0          0         76   isspace_o.o
         0          0          0          0          0          0   iusefp.o
        98          0          0          0          0         84   ldiv.o
        30          0          0          0          0         68   llshl.o
        36          0          0          0          0         68   llsshr.o
        32          0          0          0          0         68   llushr.o
       188         20          0          0          0        160   malloc.o
        36          0          0          0          0         68   memcpya.o
        36          0          0          0          0        108   memseta.o
         0          0          0          8          0          0   mvars.o
      2284         94          0          0          0        592   printfa.o
        40          8          0          0          0         84   scanf_char.o
       838         12          0          0          0        216   scanf_fp.o
        28          0          0          0          0         76   strcmp.o
        30          0          0          0          0         80   strncmp.o
       156         14          0          0          0        120   strtod.o
        68          6          0          4          0         80   strtok.o
       112          0          0          0          0         88   strtol.o
        44          0          0          0          0         80   uidiv.o
        98          0          0          0          0         92   uldiv.o
        48          0          0          0          0         68   cdcmple.o
        48          0          0          0          0         68   cdrcmple.o
        20          0          0          0          0         68   cfcmple.o
        20          0          0          0          0         68   cfrcmple.o
        56          0          0          0          0         88   d2f.o
       334          0          0          0          0        148   dadd.o
       222          0          0          0          0        100   ddiv.o
       186          0          0          0          0        176   depilogue.o
        62          0          0          0          0         80   dfixi.o
        48          0          0          0          0         68   dfixul.o
        34          0          0          0          0         76   dflti.o
        26          0          0          0          0         76   dfltui.o
        24          0          0          0          0         76   dfltul.o
       228          0          0          0          0         96   dmul.o
        38          0          0          0          0         68   f2d.o
       176          0          0          0          0        140   fadd.o
       124          0          0          0          0         88   fdiv.o
       110          0          0          0          0        168   fepilogue.o
        50          0          0          0          0         68   ffixi.o
        40          0          0          0          0         68   ffixui.o
        18          0          0          0          0         68   fflti.o
        44          0          0          0          0         92   ffltl.o
        10          0          0          0          0         68   ffltui.o
       100          0          0          0          0         76   fmul.o
        24          0          0          0          0         68   fscalb.o
        94          0          0          0          0         96   fsqrt.o
      2480         44          0        660          0     427279   ocd_ad24bit.o

    ----------------------------------------------------------------------
     12062        326        136        676          0     433771   Library Totals
        12          0          3          0          0          0   (incl. Padding)

    ----------------------------------------------------------------------

      Code (inc. data)   RO Data    RW Data    ZI Data      Debug   Library Name

      1274         80          0          0          0        832   m_ws.l
      6112        202        133         16          0       3336   mc_w.l
      2184          0          0          0          0       2324   mf_w.l
      2480         44          0        660          0     427279   ocd_ad24bit-1K_SYNC.lib

    ----------------------------------------------------------------------
     12062        326        136        676          0     433771   Library Totals

    ----------------------------------------------------------------------

==============================================================================


      Code (inc. data)   RO Data    RW Data    ZI Data      Debug   

     49680       4926        836       5412      22572    2160044   Grand Totals
     49680       4926        836        848      22572    2160044   ELF Image Totals (compressed)
     49680       4926        836        848          0          0   ROM Totals

==============================================================================

    Total RO  Size (Code + RO Data)                50516 (  49.33kB)
    Total RW  Size (RW Data + ZI Data)             27984 (  27.33kB)
    Total ROM Size (Code + RO Data + RW Data)      51364 (  50.16kB)

==============================================================================

