Component: ARM Compiler 5.05 update 1 (build 106) Tool: armlink [4d0efa]

==============================================================================

Section Cross References

    main.o(i.main) refers to task_userinit.o(i.Task_UserInit) for Task_UserInit
    main.o(i.main) refers to kservice.o(i.rt_kprintf) for rt_kprintf
    main.o(i.main) refers to usercode.o(i.UserLogic_Code) for UserLogic_Code
    usercode.o(i.UserLogic_Code) refers to ipc.o(i.rt_sem_create) for rt_sem_create
    usercode.o(i.UserLogic_Code) refers to ipc.o(i.rt_mq_create) for rt_mq_create
    usercode.o(i.UserLogic_Code) refers to thread.o(i.rt_thread_create) for rt_thread_create
    usercode.o(i.UserLogic_Code) refers to thread.o(i.rt_thread_startup) for rt_thread_startup
    usercode.o(i.UserLogic_Code) refers to usercode.o(.data) for JY901S_Sem
    usercode.o(i.UserLogic_Code) refers to threadpool.o(i.TestThread) for TestThread
    usercode.o(i.UserLogic_Code) refers to threadpool.o(i.ReportDataThread) for ReportDataThread
    usercode.o(i.UserLogic_Code) refers to threadpool.o(i.JY901Thread) for JY901Thread
    usercode.o(i.UserLogic_Code) refers to threadpool.o(i.MS5837Thread) for MS5837Thread
    usercode.o(i.UserLogic_Code) refers to threadpool.o(i.AD4111Thread) for AD4111Thread
    usercode.o(i.UserLogic_Code) refers to threadpool.o(i.IPCcmdThread) for IPCcmdThread
    usercode.o(i.UserLogic_Code) refers to threadpool.o(i.IMX6ULLThread) for IMX6ULLThread
    usercode.o(i.UserLogic_Code) refers to threadpool.o(i.DS1337Thread) for DS1337Thread
    usercode.o(i.UserLogic_Code) refers to threadpool.o(i.HandleModeThread) for HandleModeThread
    usercode.o(i.UserLogic_Code) refers to threadpool.o(i.AutoModeThread) for AutoModeThread
    threadpool.o(i.AD4111Thread) refers to task_ad4111.o(i.Task_AD4111_Sync) for Task_AD4111_Sync
    threadpool.o(i.AD4111Thread) refers to task_ad4111.o(i.Task_AD4111_Handle) for Task_AD4111_Handle
    threadpool.o(i.AD4111Thread) refers to drv_hal_delay.o(i.Drv_Delay_Ms) for Drv_Delay_Ms
    threadpool.o(i.AutoModeThread) refers to thread.o(i.rt_thread_self) for rt_thread_self
    threadpool.o(i.AutoModeThread) refers to thread.o(i.rt_thread_suspend) for rt_thread_suspend
    threadpool.o(i.AutoModeThread) refers to scheduler.o(i.rt_schedule) for rt_schedule
    threadpool.o(i.AutoModeThread) refers to ipc.o(i.rt_mq_recv) for rt_mq_recv
    threadpool.o(i.AutoModeThread) refers to printfa.o(i.__0printf) for __2printf
    threadpool.o(i.AutoModeThread) refers to scheduler.o(i.rt_enter_critical) for rt_enter_critical
    threadpool.o(i.AutoModeThread) refers to thread.o(i.rt_thread_resume) for rt_thread_resume
    threadpool.o(i.AutoModeThread) refers to scheduler.o(i.rt_exit_critical) for rt_exit_critical
    threadpool.o(i.AutoModeThread) refers to task_automode.o(i.Task_AutoMode_Process) for Task_AutoMode_Process
    threadpool.o(i.AutoModeThread) refers to thread.o(i.rt_thread_yield) for rt_thread_yield
    threadpool.o(i.AutoModeThread) refers to usercode.o(.data) for AutoModemq
    threadpool.o(i.DS1337Thread) refers to task_ds1337.o(i.Task_DS1337_Handle) for Task_DS1337_Handle
    threadpool.o(i.DS1337Thread) refers to drv_hal_delay.o(i.Drv_Delay_Ms) for Drv_Delay_Ms
    threadpool.o(i.HandleModeThread) refers to ipc.o(i.rt_mq_recv) for rt_mq_recv
    threadpool.o(i.HandleModeThread) refers to printfa.o(i.__0printf) for __2printf
    threadpool.o(i.HandleModeThread) refers to scheduler.o(i.rt_enter_critical) for rt_enter_critical
    threadpool.o(i.HandleModeThread) refers to thread.o(i.rt_thread_self) for rt_thread_self
    threadpool.o(i.HandleModeThread) refers to thread.o(i.rt_thread_suspend) for rt_thread_suspend
    threadpool.o(i.HandleModeThread) refers to thread.o(i.rt_thread_resume) for rt_thread_resume
    threadpool.o(i.HandleModeThread) refers to scheduler.o(i.rt_exit_critical) for rt_exit_critical
    threadpool.o(i.HandleModeThread) refers to scheduler.o(i.rt_schedule) for rt_schedule
    threadpool.o(i.HandleModeThread) refers to task_handlemode.o(i.Task_HandleMode_Process) for Task_HandleMode_Process
    threadpool.o(i.HandleModeThread) refers to drv_hal_delay.o(i.Drv_Delay_Ms) for Drv_Delay_Ms
    threadpool.o(i.HandleModeThread) refers to thread.o(i.rt_thread_yield) for rt_thread_yield
    threadpool.o(i.HandleModeThread) refers to usercode.o(.data) for HandleModemq
    threadpool.o(i.IMX6ULLThread) refers to task_imx6ull.o(i.Task_IMX6ULL_Handle) for Task_IMX6ULL_Handle
    threadpool.o(i.IMX6ULLThread) refers to drv_hal_delay.o(i.Drv_Delay_Ms) for Drv_Delay_Ms
    threadpool.o(i.IPCcmdThread) refers to task_ipccmd.o(i.Task_IPCcmd_Handle) for Task_IPCcmd_Handle
    threadpool.o(i.IPCcmdThread) refers to drv_hal_delay.o(i.Drv_Delay_Ms) for Drv_Delay_Ms
    threadpool.o(i.JY901Thread) refers to task_jy901.o(i.Task_JY901_Handle) for Task_JY901_Handle
    threadpool.o(i.JY901Thread) refers to drv_hal_delay.o(i.Drv_Delay_Ms) for Drv_Delay_Ms
[...]
    DS1337Thread                             0x08001fb1   Thumb Code    16  threadpool.o(i.DS1337Thread)
    DebugMon_Handler                         0x08001fc1   Thumb Code     2  drv_hal.o(i.DebugMon_Handler)
    Drv_Delay_Ms                             0x08001fc3   Thumb Code    12  drv_hal_delay.o(i.Drv_Delay_Ms)
    Drv_Delay_Us                             0x08001fcf   Thumb Code    80  drv_hal_delay.o(i.Drv_Delay_Us)
    Drv_GPIO_Init                            0x08002021   Thumb Code   104  drv_hal_gpio.o(i.Drv_GPIO_Init)
    Drv_GPIO_Reset                           0x08002095   Thumb Code    18  drv_hal_gpio.o(i.Drv_GPIO_Reset)
    Drv_GPIO_Set                             0x080020a7   Thumb Code    18  drv_hal_gpio.o(i.Drv_GPIO_Set)
    Drv_HAL_Error                            0x080020b9   Thumb Code    24  drv_hal.o(i.Drv_HAL_Error)
    Drv_HAL_Init                             0x08002115   Thumb Code    16  drv_hal.o(i.Drv_HAL_Init)
    Drv_HAL_PrintLog                         0x08002125   Thumb Code    54  drv_hal.o(i.Drv_HAL_PrintLog)
    Drv_IICSoft_Init                         0x08002179   Thumb Code    14  drv_hal_iic_soft.o(i.Drv_IICSoft_Init)
    Drv_IICSoft_ReadByte                     0x08002187   Thumb Code    90  drv_hal_iic_soft.o(i.Drv_IICSoft_ReadByte)
    Drv_IICSoft_SendByte                     0x080021e1   Thumb Code    86  drv_hal_iic_soft.o(i.Drv_IICSoft_SendByte)
    Drv_IICSoft_Start                        0x08002237   Thumb Code    48  drv_hal_iic_soft.o(i.Drv_IICSoft_Start)
    Drv_IICSoft_Stop                         0x08002267   Thumb Code    48  drv_hal_iic_soft.o(i.Drv_IICSoft_Stop)
    Drv_IICSoft_WaitAck                      0x08002297   Thumb Code    76  drv_hal_iic_soft.o(i.Drv_IICSoft_WaitAck)
    Drv_PWM_HighLvTimeSet                    0x080022e5   Thumb Code    72  drv_hal_pwm.o(i.Drv_PWM_HighLvTimeSet)
    Drv_PWM_Init                             0x08002349   Thumb Code    88  drv_hal_pwm.o(i.Drv_PWM_Init)
    Drv_SPI_Init                             0x080023a5   Thumb Code    24  drv_hal_spi.o(i.Drv_SPI_Init)
    Drv_SPI_Transmit                         0x080023bd   Thumb Code    24  drv_hal_spi.o(i.Drv_SPI_Transmit)
    Drv_SPI_TransmitReceive                  0x080023d5   Thumb Code    36  drv_hal_spi.o(i.Drv_SPI_TransmitReceive)
    Drv_Uart_DMAInit                         0x080023f9   Thumb Code   150  drv_hal_uart.o(i.Drv_Uart_DMAInit)
    Drv_Uart_DMA_IRQHandler                  0x0800248f   Thumb Code    34  drv_hal_uart.o(i.Drv_Uart_DMA_IRQHandler)
    Drv_Uart_DMA_RxHandler                   0x080024b1   Thumb Code    82  drv_hal_uart.o(i.Drv_Uart_DMA_RxHandler)
    Drv_Uart_IRQHandler                      0x08002503   Thumb Code    12  drv_hal_uart.o(i.Drv_Uart_IRQHandler)
    Drv_Uart_Receive_DMA                     0x0800250f   Thumb Code    52  drv_hal_uart.o(i.Drv_Uart_Receive_DMA)
    Drv_Uart_Transmit                        0x08002543   Thumb Code    22  drv_hal_uart.o(i.Drv_Uart_Transmit)
    Drv_Uart_Transmit_DMA                    0x08002559   Thumb Code    40  drv_hal_uart.o(i.Drv_Uart_Transmit_DMA)
    EXTI15_10_IRQHandler                     0x08002581   Thumb Code     2  task_irq.o(i.EXTI15_10_IRQHandler)
    EXTI9_5_IRQHandler                       0x08002583   Thumb Code     2  task_irq.o(i.EXTI9_5_IRQHandler)
    HAL_DMA_Abort                            0x08002585   Thumb Code    86  stm32f1xx_hal_dma.o(i.HAL_DMA_Abort)
    HAL_DMA_Abort_IT                         0x080025dd   Thumb Code   414  stm32f1xx_hal_dma.o(i.HAL_DMA_Abort_IT)
    HAL_DMA_GetState                         0x08002785   Thumb Code     8  stm32f1xx_hal_dma.o(i.HAL_DMA_GetState)
    HAL_DMA_IRQHandler                       0x0800278d   Thumb Code   910  stm32f1xx_hal_dma.o(i.HAL_DMA_IRQHandler)
    HAL_DMA_Init                             0x08002b25   Thumb Code   132  stm32f1xx_hal_dma.o(i.HAL_DMA_Init)
    HAL_DMA_Start_IT                         0x08002bb1   Thumb Code   156  stm32f1xx_hal_dma.o(i.HAL_DMA_Start_IT)
    HAL_GPIO_Init                            0x08002c4d   Thumb Code   792  stm32f1xx_hal_gpio.o(i.HAL_GPIO_Init)
    HAL_GPIO_ReadPin                         0x08002f8d   Thumb Code    16  stm32f1xx_hal_gpio.o(i.HAL_GPIO_ReadPin)
    HAL_GPIO_WritePin                        0x08002f9d   Thumb Code    12  stm32f1xx_hal_gpio.o(i.HAL_GPIO_WritePin)
    HAL_GetTick                              0x08002fa9   Thumb Code     6  stm32f1xx_hal.o(i.HAL_GetTick)
    HAL_Init                                 0x08002fb5   Thumb Code    34  stm32f1xx_hal.o(i.HAL_Init)
    HAL_InitTick                             0x08002fdd   Thumb Code    64  stm32f1xx_hal.o(i.HAL_InitTick)
    HAL_MspInit                              0x08003029   Thumb Code   158  drv_hal.o(i.HAL_MspInit)
    HAL_NVIC_EnableIRQ                       0x080030d1   Thumb Code    32  stm32f1xx_hal_cortex.o(i.HAL_NVIC_EnableIRQ)
    HAL_NVIC_SetPriority                     0x080030f1   Thumb Code   124  stm32f1xx_hal_cortex.o(i.HAL_NVIC_SetPriority)
    HAL_NVIC_SetPriorityGrouping             0x0800316d   Thumb Code    32  stm32f1xx_hal_cortex.o(i.HAL_NVIC_SetPriorityGrouping)
    HAL_RCC_ClockConfig                      0x08003195   Thumb Code   376  stm32f1xx_hal_rcc.o(i.HAL_RCC_ClockConfig)
    HAL_RCC_GetHCLKFreq                      0x08003321   Thumb Code     6  stm32f1xx_hal_rcc.o(i.HAL_RCC_GetHCLKFreq)
    HAL_RCC_GetPCLK1Freq                     0x0800332d   Thumb Code    22  stm32f1xx_hal_rcc.o(i.HAL_RCC_GetPCLK1Freq)
    HAL_RCC_GetPCLK2Freq                     0x0800334d   Thumb Code    22  stm32f1xx_hal_rcc.o(i.HAL_RCC_GetPCLK2Freq)
    HAL_RCC_GetSysClockFreq                  0x0800336d   Thumb Code   116  stm32f1xx_hal_rcc.o(i.HAL_RCC_GetSysClockFreq)
    HAL_RCC_OscConfig                        0x08003401   Thumb Code  1114  stm32f1xx_hal_rcc.o(i.HAL_RCC_OscConfig)
    HAL_SPI_Init                             0x08003865   Thumb Code   190  stm32f1xx_hal_spi.o(i.HAL_SPI_Init)
    HAL_SPI_MspInit                          0x08003923   Thumb Code     2  stm32f1xx_hal_spi.o(i.HAL_SPI_MspInit)
    HAL_SPI_Transmit                         0x08003925   Thumb Code   430  stm32f1xx_hal_spi.o(i.HAL_SPI_Transmit)
    HAL_SPI_TransmitReceive                  0x08003ad3   Thumb Code   554  stm32f1xx_hal_spi.o(i.HAL_SPI_TransmitReceive)
    HAL_SYSTICK_CLKSourceConfig              0x08003cfd   Thumb Code    40  stm32f1xx_hal_cortex.o(i.HAL_SYSTICK_CLKSourceConfig)
    HAL_SYSTICK_Config                       0x08003d25   Thumb Code    52  stm32f1xx_hal_cortex.o(i.HAL_SYSTICK_Config)
    HAL_TIM_PWM_ConfigChannel                0x08003d59   Thumb Code   252  stm32f1xx_hal_tim.o(i.HAL_TIM_PWM_ConfigChannel)
    HAL_TIM_PWM_Init                         0x08003e55   Thumb Code   102  stm32f1xx_hal_tim.o(i.HAL_TIM_PWM_Init)
    HAL_TIM_PWM_MspInit                      0x08003ebb   Thumb Code     2  stm32f1xx_hal_tim.o(i.HAL_TIM_PWM_MspInit)
    HAL_TIM_PWM_Start                        0x08003ebd   Thumb Code   222  stm32f1xx_hal_tim.o(i.HAL_TIM_PWM_Start)
    HAL_UART_DMAStop                         0x08003fb1   Thumb Code   102  stm32f1xx_hal_uart.o(i.HAL_UART_DMAStop)
    HAL_UART_ErrorCallback                   0x08004017   Thumb Code     2  stm32f1xx_hal_uart.o(i.HAL_UART_ErrorCallback)
    HAL_UART_IRQHandler                      0x08004019   Thumb Code   334  stm32f1xx_hal_uart.o(i.HAL_UART_IRQHandler)
    HAL_UART_Init                            0x0800416d   Thumb Code   114  stm32f1xx_hal_uart.o(i.HAL_UART_Init)
    HAL_UART_MspInit                         0x080041df   Thumb Code     2  stm32f1xx_hal_uart.o(i.HAL_UART_MspInit)
    HAL_UART_Receive_DMA                     0x080041e1   Thumb Code   182  stm32f1xx_hal_uart.o(i.HAL_UART_Receive_DMA)
    HAL_UART_RxCpltCallback                  0x080042a5   Thumb Code     2  stm32f1xx_hal_uart.o(i.HAL_UART_RxCpltCallback)
    HAL_UART_RxHalfCpltCallback              0x080042a7   Thumb Code     2  stm32f1xx_hal_uart.o(i.HAL_UART_RxHalfCpltCallback)
    HAL_UART_Transmit                        0x080042a9   Thumb Code   210  stm32f1xx_hal_uart.o(i.HAL_UART_Transmit)
    HAL_UART_Transmit_DMA                    0x0800437d   Thumb Code   142  stm32f1xx_hal_uart.o(i.HAL_UART_Transmit_DMA)
    HAL_UART_TxCpltCallback                  0x08004419   Thumb Code     2  stm32f1xx_hal_uart.o(i.HAL_UART_TxCpltCallback)
    HAL_UART_TxHalfCpltCallback              0x0800441b   Thumb Code     2  stm32f1xx_hal_uart.o(i.HAL_UART_TxHalfCpltCallback)
    HandleModeThread                         0x0800441d   Thumb Code   112  threadpool.o(i.HandleModeThread)
    IMX6ULLThread                            0x080044b1   Thumb Code    14  threadpool.o(i.IMX6ULLThread)
    IPCcmdThread                             0x080044bf   Thumb Code    14  threadpool.o(i.IPCcmdThread)
    JY901Thread                              0x080044cd   Thumb Code    16  threadpool.o(i.JY901Thread)
    MS5837Thread                             0x080044dd   Thumb Code    16  threadpool.o(i.MS5837Thread)
    MemManage_Handler                        0x080044ed   Thumb Code     4  drv_hal.o(i.MemManage_Handler)
    NMI_Handler                              0x080044f1   Thumb Code     4  drv_hal.o(i.NMI_Handler)
    OCD_AD24BIT_Init                         0x080044f5   Thumb Code   276  ocd_ad24bit.o(i.OCD_AD24BIT_Init)
    OCD_AD24bit_GetResult                    0x0800460d   Thumb Code   494  ocd_ad24bit.o(i.OCD_AD24bit_GetResult)
    OCD_DS3231_Init                          0x0800480d   Thumb Code    54  ocd_ds3231.o(i.OCD_DS3231_Init)
    OCD_DS3231_TimeGetHex                    0x08004843   Thumb Code    94  ocd_ds3231.o(i.OCD_DS3231_TimeGetHex)
    OCD_DS3231_TimeSetHex                    0x080048a1   Thumb Code   140  ocd_ds3231.o(i.OCD_DS3231_TimeSetHex)
    OCD_JY901_AxisConfig                     0x0800492d   Thumb Code    32  ocd_jy901.o(i.OCD_JY901_AxisConfig)
    OCD_JY901_DMAInit                        0x08004955   Thumb Code    56  ocd_jy901.o(i.OCD_JY901_DMAInit)
    OCD_JY901_DataConversion                 0x0800498d   Thumb Code   498  ocd_jy901.o(i.OCD_JY901_DataConversion)
    OCD_JY901_DataProcess                    0x08004b89   Thumb Code   260  ocd_jy901.o(i.OCD_JY901_DataProcess)
    OCD_JY901_GyroAutoCorrect                0x08004c8d   Thumb Code    28  ocd_jy901.o(i.OCD_JY901_GyroAutoCorrect)
    OCD_JY901_OrientConfig                   0x08004cb1   Thumb Code    32  ocd_jy901.o(i.OCD_JY901_OrientConfig)
    OCD_JY901_RxBaudConfig                   0x08004cd9   Thumb Code    30  ocd_jy901.o(i.OCD_JY901_RxBaudConfig)
    OCD_JY901_RxSpeedConfig                  0x08004d01   Thumb Code    32  ocd_jy901.o(i.OCD_JY901_RxSpeedConfig)
    OCD_JY901_RxTypeConfig                   0x08004d29   Thumb Code    44  ocd_jy901.o(i.OCD_JY901_RxTypeConfig)
    OCD_MS5837_GetData                       0x08004d5d   Thumb Code   906  ocd_ms5837.o(i.OCD_MS5837_GetData)
    OCD_MS5837_Init                          0x0800512d   Thumb Code    52  ocd_ms5837.o(i.OCD_MS5837_Init)
    ReportDataThread                         0x08005189   Thumb Code    16  threadpool.o(i.ReportDataThread)
    SVC_Handler                              0x08005299   Thumb Code     2  drv_hal.o(i.SVC_Handler)
    SysTick_Handler                          0x080075a5   Thumb Code    16  board.o(i.SysTick_Handler)
    SystemCoreClockUpdate                    0x080075b5   Thumb Code   142  system_stm32f1xx.o(i.SystemCoreClockUpdate)
    SystemInit                               0x08007659   Thumb Code     2  system_stm32f1xx.o(i.SystemInit)
    TIM2_IRQHandler                          0x0800765b   Thumb Code     2  task_irq.o(i.TIM2_IRQHandler)
    TIM3_IRQHandler                          0x0800765d   Thumb Code     2  task_irq.o(i.TIM3_IRQHandler)
    TIM4_IRQHandler                          0x0800765f   Thumb Code     2  task_irq.o(i.TIM4_IRQHandler)
    TIM5_IRQHandler                          0x08007661   Thumb Code     2  task_irq.o(i.TIM5_IRQHandler)
    TIM6_IRQHandler                          0x08007663   Thumb Code     2  task_irq.o(i.TIM6_IRQHandler)
    TIM7_IRQHandler                          0x08007665   Thumb Code     2  task_irq.o(i.TIM7_IRQHandler)
    TIM_Base_SetConfig                       0x08007669   Thumb Code   134  stm32f1xx_hal_tim.o(i.TIM_Base_SetConfig)
    TIM_CCxChannelCmd                        0x08007705   Thumb Code    34  stm32f1xx_hal_tim.o(i.TIM_CCxChannelCmd)
    TIM_OC2_SetConfig                        0x08007799   Thumb Code   114  stm32f1xx_hal_tim.o(i.TIM_OC2_SetConfig)
    Task_AD4111_Handle                       0x080078e1   Thumb Code   254  task_ad4111.o(i.Task_AD4111_Handle)
    Task_AD4111_Sync                         0x080079f5   Thumb Code    24  task_ad4111.o(i.Task_AD4111_Sync)
    Task_AutoMode_Process                    0x08007a11   Thumb Code     2  task_automode.o(i.Task_AutoMode_Process)
    Task_DS1337_Handle                       0x08007a15   Thumb Code    26  task_ds1337.o(i.Task_DS1337_Handle)
    Task_DS1337_SYNC                         0x08007a3d   Thumb Code    56  task_ds1337.o(i.Task_DS1337_SYNC)
    Task_HandleMode_Process                  0x08007a79   Thumb Code   312  task_handlemode.o(i.Task_HandleMode_Process)
    Task_IMX6ULL_Handle                      0x08007bc1   Thumb Code   154  task_imx6ull.o(i.Task_IMX6ULL_Handle)
    Task_IPCcmd_Handle                       0x08007ccd   Thumb Code  1668  task_ipccmd.o(i.Task_IPCcmd_Handle)
    Task_JY901_Handle                        0x08008359   Thumb Code   162  task_jy901.o(i.Task_JY901_Handle)
    Task_MS5837_Handle                       0x08008409   Thumb Code    46  task_ms5837.o(i.Task_MS5837_Handle)
    Task_MotorSys_Init                       0x08008445   Thumb Code    20  task_motorsys.o(i.Task_MotorSys_Init)
    Task_MotorSys_Steer_Angle_Set            0x0800845d   Thumb Code    74  task_motorsys.o(i.Task_MotorSys_Steer_Angle_Set)
    Task_MotorSys_Thruster_SpeedSet          0x080084b9   Thumb Code    24  task_motorsys.o(i.Task_MotorSys_Thruster_SpeedSet)
    Task_ReportData_Handle                   0x080084d5   Thumb Code    50  task_reportdata.o(i.Task_ReportData_Handle)
    Task_Test_Handle                         0x08008511   Thumb Code    14  task_test.o(i.Task_Test_Handle)
    Task_UserInit                            0x08008529   Thumb Code   114  task_userinit.o(i.Task_UserInit)
    TestThread                               0x080085f9   Thumb Code    12  threadpool.o(i.TestThread)
    UART4_IRQHandler                         0x08008605   Thumb Code    24  task_irq.o(i.UART4_IRQHandler)
    UART5_IRQHandler                         0x08008621   Thumb Code     2  task_irq.o(i.UART5_IRQHandler)
    USART1_IRQHandler                        0x080089dd   Thumb Code    32  task_irq.o(i.USART1_IRQHandler)
    USART2_IRQHandler                        0x08008a05   Thumb Code    26  task_irq.o(i.USART2_IRQHandler)
    USART3_IRQHandler                        0x08008a29   Thumb Code    32  task_irq.o(i.USART3_IRQHandler)
    UsageFault_Handler                       0x08008a51   Thumb Code     4  drv_hal.o(i.UsageFault_Handler)
    UserLogic_Code                           0x08008a55   Thumb Code   322  usercode.o(i.UserLogic_Code)
    __0printf                                0x08008cd1   Thumb Code    22  printfa.o(i.__0printf)
    __1printf                                0x08008cd1   Thumb Code     0  printfa.o(i.__0printf)
    __2printf                                0x08008cd1   Thumb Code     0  printfa.o(i.__0printf)
    __c89printf                              0x08008cd1   Thumb Code     0  printfa.o(i.__0printf)
    printf                                   0x08008cd1   Thumb Code     0  printfa.o(i.__0printf)
    __0vsnprintf                             0x08008cf1   Thumb Code    32  printfa.o(i.__0vsnprintf)
    __1vsnprintf                             0x08008cf1   Thumb Code     0  printfa.o(i.__0vsnprintf)
    __2vsnprintf                             0x08008cf1   Thumb Code     0  printfa.o(i.__0vsnprintf)
    __c89vsnprintf                           0x08008cf1   Thumb Code     0  printfa.o(i.__0vsnprintf)
    vsnprintf                                0x08008cf1   Thumb Code     0  printfa.o(i.__0vsnprintf)
    __aeabi_errno_addr                       0x08008d4d   Thumb Code     4  errno.o(i.__aeabi_errno_addr)
    __rt_errno_addr                          0x08008d4d   Thumb Code     0  errno.o(i.__aeabi_errno_addr)
    __read_errno                             0x08008d55   Thumb Code     6  errno.o(i.__read_errno)
    __rt_ffs                                 0x08008d61   Thumb Code    70  kservice.o(i.__rt_ffs)
    __scatterload_copy                       0x08008dad   Thumb Code    14  handlers.o(i.__scatterload_copy)
    __scatterload_null                       0x08008dbb   Thumb Code     2  handlers.o(i.__scatterload_null)
    __scatterload_zeroinit                   0x08008dbd   Thumb Code    14  handlers.o(i.__scatterload_zeroinit)
    __set_errno                              0x08008dcd   Thumb Code     6  errno.o(i.__set_errno)
    _is_digit                                0x08008f3d   Thumb Code    14  scanf_fp.o(i._is_digit)
    atof                                     0x080097a9   Thumb Code    42  atof.o(i.atof)
    fputc                                    0x080097d5   Thumb Code    48  drv_hal.o(i.fputc)
    free                                     0x08009809   Thumb Code    76  malloc.o(i.free)
    $Super$$main                             0x08009859   Thumb Code    20  main.o(i.main)
    main_thread_entry                        0x0800987d   Thumb Code    14  components.o(i.main_thread_entry)
    malloc                                   0x0800988d   Thumb Code    92  malloc.o(i.malloc)
    rt_application_init                      0x08009b09   Thumb Code    34  components.o(i.rt_application_init)
    rt_components_board_init                 0x08009b39   Thumb Code    20  components.o(i.rt_components_board_init)
    rt_components_init                       0x08009b55   Thumb Code    20  components.o(i.rt_components_init)
    rt_enter_critical                        0x08009b71   Thumb Code    28  scheduler.o(i.rt_enter_critical)
    rt_exit_critical                         0x08009b91   Thumb Code    60  scheduler.o(i.rt_exit_critical)
    rt_free                                  0x08009bd5   Thumb Code   146  mem.o(i.rt_free)
    rt_heap_begin_get                        0x08009ccd   Thumb Code     4  board.o(i.rt_heap_begin_get)
    rt_heap_end_get                          0x08009cd5   Thumb Code     4  board.o(i.rt_heap_end_get)
    rt_hw_board_init                         0x08009cdd   Thumb Code    52  board.o(i.rt_hw_board_init)
    rt_hw_console_output                     0x08009d11   Thumb Code    74  board.o(i.rt_hw_console_output)
    rt_hw_hard_fault_exception               0x08009d61   Thumb Code   190  cpuport.o(i.rt_hw_hard_fault_exception)
    rt_hw_stack_init                         0x08009f61   Thumb Code    70  cpuport.o(i.rt_hw_stack_init)
    rt_interrupt_enter                       0x08009fad   Thumb Code    42  irq.o(i.rt_interrupt_enter)
    rt_interrupt_leave                       0x08009fe1   Thumb Code    42  irq.o(i.rt_interrupt_leave)
    rt_kprintf                               0x0800a0a9   Thumb Code    44  kservice.o(i.rt_kprintf)
    rt_malloc                                0x0800a179   Thumb Code   360  mem.o(i.rt_malloc)
    rt_memcpy                                0x0800a301   Thumb Code   124  kservice.o(i.rt_memcpy)
    rt_memset                                0x0800a37d   Thumb Code    72  kservice.o(i.rt_memset)
    rt_mq_create                             0x0800a3c5   Thumb Code   136  ipc.o(i.rt_mq_create)
    rt_mq_recv                               0x0800a44d   Thumb Code   344  ipc.o(i.rt_mq_recv)
    rt_mq_send                               0x0800a5ad   Thumb Code    22  ipc.o(i.rt_mq_send)
    rt_mq_send_wait                          0x0800a5c5   Thumb Code   320  ipc.o(i.rt_mq_send_wait)
    rt_object_allocate                       0x0800a709   Thumb Code   102  object.o(i.rt_object_allocate)
    rt_object_delete                         0x0800a775   Thumb Code    54  object.o(i.rt_object_delete)
    rt_object_detach                         0x0800a7b1   Thumb Code    48  object.o(i.rt_object_detach)
    rt_object_get_information                0x0800a7e5   Thumb Code    36  object.o(i.rt_object_get_information)
    rt_object_init                           0x0800a80d   Thumb Code   104  object.o(i.rt_object_init)
    rt_object_is_systemobject                0x0800a879   Thumb Code    18  object.o(i.rt_object_is_systemobject)
    rt_schedule                              0x0800a88d   Thumb Code   126  scheduler.o(i.rt_schedule)
    rt_schedule_insert_thread                0x0800a929   Thumb Code    72  scheduler.o(i.rt_schedule_insert_thread)
    rt_schedule_remove_thread                0x0800a979   Thumb Code    76  scheduler.o(i.rt_schedule_remove_thread)
    rt_sem_create                            0x0800a9cd   Thumb Code    42  ipc.o(i.rt_sem_create)
    rt_sem_init                              0x0800a9f7   Thumb Code    38  ipc.o(i.rt_sem_init)
    rt_sem_release                           0x0800aa1d   Thumb Code   100  ipc.o(i.rt_sem_release)
    rt_sem_take                              0x0800aa85   Thumb Code   152  ipc.o(i.rt_sem_take)
    rt_show_version                          0x0800ab25   Thumb Code    38  kservice.o(i.rt_show_version)
    rt_soft_timer_check                      0x0800abd5   Thumb Code   214  timer.o(i.rt_soft_timer_check)
    rt_strcmp                                0x0800acbd   Thumb Code    28  kservice.o(i.rt_strcmp)
    rt_strlen                                0x0800acd9   Thumb Code    18  kservice.o(i.rt_strlen)
    rt_strncpy                               0x0800aceb   Thumb Code    52  kservice.o(i.rt_strncpy)
    rt_system_heap_init                      0x0800ad21   Thumb Code   160  mem.o(i.rt_system_heap_init)
    rt_system_scheduler_init                 0x0800ae19   Thumb Code    52  scheduler.o(i.rt_system_scheduler_init)
    rt_system_scheduler_start                0x0800ae65   Thumb Code    36  scheduler.o(i.rt_system_scheduler_start)
    rt_system_timer_init                     0x0800ae95   Thumb Code    24  timer.o(i.rt_system_timer_init)
    rt_system_timer_thread_init              0x0800aeb1   Thumb Code    58  timer.o(i.rt_system_timer_thread_init)
    rt_thread_create                         0x0800af05   Thumb Code    80  thread.o(i.rt_thread_create)
    rt_thread_delay                          0x0800af55   Thumb Code    12  thread.o(i.rt_thread_delay)
    rt_thread_exit                           0x0800af61   Thumb Code    78  thread.o(i.rt_thread_exit)
    rt_thread_idle_excute                    0x0800afe1   Thumb Code    92  idle.o(i.rt_thread_idle_excute)
    rt_thread_idle_init                      0x0800b041   Thumb Code    38  idle.o(i.rt_thread_idle_init)
    rt_thread_init                           0x0800b07d   Thumb Code    52  thread.o(i.rt_thread_init)
    rt_thread_mdelay                         0x0800b0b1   Thumb Code    20  thread.o(i.rt_thread_mdelay)
    rt_thread_resume                         0x0800b0c5   Thumb Code    78  thread.o(i.rt_thread_resume)
    rt_thread_self                           0x0800b119   Thumb Code     6  thread.o(i.rt_thread_self)
    rt_thread_sleep                          0x0800b125   Thumb Code    62  thread.o(i.rt_thread_sleep)
    rt_thread_startup                        0x0800b169   Thumb Code    44  thread.o(i.rt_thread_startup)
    rt_thread_suspend                        0x0800b195   Thumb Code    86  thread.o(i.rt_thread_suspend)
    rt_thread_timeout                        0x0800b1f1   Thumb Code    32  thread.o(i.rt_thread_timeout)
    rt_thread_yield                          0x0800b255   Thumb Code    92  thread.o(i.rt_thread_yield)
    rt_tick_from_millisecond                 0x0800b2b9   Thumb Code    56  clock.o(i.rt_tick_from_millisecond)
    rt_tick_get                              0x0800b2f1   Thumb Code     6  clock.o(i.rt_tick_get)
    rt_tick_increase                         0x0800b2fd   Thumb Code    42  clock.o(i.rt_tick_increase)
    rt_timer_check                           0x0800b32d   Thumb Code   196  timer.o(i.rt_timer_check)
    rt_timer_control                         0x0800b3fd   Thumb Code    98  timer.o(i.rt_timer_control)
    rt_timer_detach                          0x0800b45f   Thumb Code    40  timer.o(i.rt_timer_detach)
    rt_timer_init                            0x0800b487   Thumb Code    46  timer.o(i.rt_timer_init)
    rt_timer_start                           0x0800b4e1   Thumb Code   296  timer.o(i.rt_timer_start)
    rt_timer_stop                            0x0800b621   Thumb Code    66  timer.o(i.rt_timer_stop)
    rt_vsnprintf                             0x0800b669   Thumb Code   824  kservice.o(i.rt_vsnprintf)
    rtthread_startup                         0x0800b9b9   Thumb Code    42  components.o(i.rtthread_startup)
    strtod                                   0x0800ba09   Thumb Code    28  strtod.o(i.strtod)
    strtof                                   0x0800ba25   Thumb Code    34  strtof.o(i.strtof)
    ucpUnlockCmd                             0x0800bb03   Data           5  ocd_jy901.o(.constdata)
    ucpSleepCmd                              0x0800bb08   Data           5  ocd_jy901.o(.constdata)
    ucpOutputOnceCmd                         0x0800bb0d   Data           5  ocd_jy901.o(.constdata)
    AHBPrescTable                            0x0800bb12   Data          16  system_stm32f1xx.o(.constdata)
    APBPrescTable                            0x0800bb22   Data           8  system_stm32f1xx.o(.constdata)
    __lowest_bit_bitmap                      0x0800bb2a   Data         256  kservice.o(.constdata)
    __ctype_table                            0x0800bc4c   Data         129  ctype_o.o(.constdata)
    __rt_init_rti_start                      0x0800bcd4   Data           4  components.o(.rti_fn.0)
    __rt_init_rti_board_start                0x0800bcd8   Data           4  components.o(.rti_fn.0.end)
    __rt_init_uart_init                      0x0800bcdc   Data           4  board.o(.rti_fn.1)
    __rt_init_rti_board_end                  0x0800bce0   Data           4  components.o(.rti_fn.1.end)
    __rt_init_rti_end                        0x0800bce4   Data           4  components.o(.rti_fn.6.end)
    Region$$Table$$Base                      0x0800bce8   Number         0  anon$$obj.o(Region$$Table)
    Region$$Table$$Limit                     0x0800bd08   Number         0  anon$$obj.o(Region$$Table)
    TestThread_t                             0x20000004   Data           4  usercode.o(.data)
    ReportDataThread_t                       0x20000008   Data           4  usercode.o(.data)
    JY901Thread_t                            0x2000000c   Data           4  usercode.o(.data)
    MS5837Thread_t                           0x20000010   Data           4  usercode.o(.data)
    AD4111Thread_t                           0x20000014   Data           4  usercode.o(.data)
    IPCcmdThread_t                           0x20000018   Data           4  usercode.o(.data)
    IMX6ULLThread_t                          0x2000001c   Data           4  usercode.o(.data)
    DS1337Thread_t                           0x20000020   Data           4  usercode.o(.data)
    AutoModeThread_t                         0x20000024   Data           4  usercode.o(.data)
    HandleModeThread_t                       0x20000028   Data           4  usercode.o(.data)
    JY901S_Sem                               0x2000002c   Data           4  usercode.o(.data)
    CmdFromIPC_Sem                           0x20000030   Data           4  usercode.o(.data)
    AutoModemq                               0x20000034   Data           4  usercode.o(.data)
    HandleModemq                             0x20000038   Data           4  usercode.o(.data)
    LED                                      0x20000044   Data          72  config.o(.data)
    SYNC                                     0x2000008c   Data          24  config.o(.data)
    Uart1                                    0x200000a4   Data         296  config.o(.data)
    JY901S                                   0x200001cc   Data         416  config.o(.data)
    Uart3                                    0x2000036c   Data         296  config.o(.data)
    Uart4                                    0x20000494   Data         296  config.o(.data)
    AD4111_1                                 0x200005c0   Data         584  config.o(.data)
    AD4111_2                                 0x20000808   Data         584  config.o(.data)
    PWM                                      0x20000a50   Data        1496  config.o(.data)
    MS5837                                   0x20001028   Data         104  config.o(.data)
    DS1337                                   0x20001090   Data          48  config.o(.data)
    A_1_HighLvTime                           0x200010c4   Data           2  task_reportdata.o(.data)
    B_1_HighLvTime                           0x200010c6   Data           2  task_reportdata.o(.data)
    C_1_HighLvTime                           0x200010c8   Data           2  task_reportdata.o(.data)
    D_1_HighLvTime                           0x200010ca   Data           2  task_reportdata.o(.data)
    A_2_HighLvTime                           0x200010cc   Data           2  task_reportdata.o(.data)
    B_2_HighLvTime                           0x200010ce   Data           2  task_reportdata.o(.data)
    C_2_HighLvTime                           0x200010d0   Data           2  task_reportdata.o(.data)
    D_2_HighLvTime                           0x200010d2   Data           2  task_reportdata.o(.data)
    dT                                       0x200010f4   Data           4  ocd_ms5837.o(.data)
    TEMP                                     0x200010f8   Data           4  ocd_ms5837.o(.data)
    OFF                                      0x20001100   Data           8  ocd_ms5837.o(.data)
    SENS                                     0x20001108   Data           8  ocd_ms5837.o(.data)
    D1_Press                                 0x20001110   Data           4  ocd_ms5837.o(.data)
    D2_Temp                                  0x20001114   Data           4  ocd_ms5837.o(.data)
    OFFi                                     0x20001118   Data           4  ocd_ms5837.o(.data)
    SENSi                                    0x2000111c   Data           4  ocd_ms5837.o(.data)
    Ti                                       0x20001120   Data           4  ocd_ms5837.o(.data)
    OFF2                                     0x20001128   Data           8  ocd_ms5837.o(.data)
    SENS2                                    0x20001130   Data           8  ocd_ms5837.o(.data)
    __stdout                                 0x2000113c   Data           4  drv_hal.o(.data)
    uwTick                                   0x20001144   Data           4  stm32f1xx_hal.o(.data)
    uwTickPrio                               0x20001148   Data           4  stm32f1xx_hal.o(.data)
    uwTickFreq                               0x2000114c   Data           1  stm32f1xx_hal.o(.data)
    SystemCoreClock                          0x20001150   Data           4  system_stm32f1xx.o(.data)
    rt_interrupt_nest                        0x20001160   Data           1  irq.o(.data)
    rt_object_trytake_hook                   0x2000121c   Data           4  object.o(.data)
    rt_object_take_hook                      0x20001220   Data           4  object.o(.data)
    rt_object_put_hook                       0x20001224   Data           4  object.o(.data)
    rt_thread_ready_priority_group           0x20001228   Data           4  scheduler.o(.data)
    rt_current_thread                        0x20001230   Data           4  scheduler.o(.data)
    rt_current_priority                      0x20001234   Data           1  scheduler.o(.data)
    rt_thread_defunct                        0x20001238   Data           8  scheduler.o(.data)
    rt_interrupt_from_thread                 0x20001270   Data           4  cpuport.o(.data)
    rt_interrupt_to_thread                   0x20001274   Data           4  cpuport.o(.data)
    rt_thread_switch_interrupt_flag          0x20001278   Data           4  cpuport.o(.data)
    ad24bit_regs                             0x20001280   Data         660  ocd_ad24bit.o(.data)
    __microlib_freelist                      0x20001518   Data           4  mvars.o(.data)
    __microlib_freelist_initialised          0x2000151c   Data           4  mvars.o(.data)
    ReportDataBuffer                         0x20001524   Data         138  task_reportdata.o(.bss)
    GPS                                      0x2000162c   Data          20  task_imx6ull.o(.bss)
    rt_thread_priority_table                 0x200055b0   Data         256  scheduler.o(.bss)
    __heap_base                              0x20005930   Data           0  startup_stm32f103xe.o(HEAP)
    __heap_limit                             0x20006930   Data           0  startup_stm32f103xe.o(HEAP)
    __initial_sp                             0x20006d30   Data           0  startup_stm32f103xe.o(STACK)



==============================================================================

Memory Map of the image

  Image Entry point : 0x08000131

  Load Region LR_IROM1 (Base: 0x08000000, Size: 0x0000d22c, Max: 0x00040000, ABSOLUTE, COMPRESSED[0x0000c058])

    Execution Region ER_IROM1 (Exec base: 0x08000000, Load base: 0x08000000, Size: 0x0000bd08, Max: 0x00040000, ABSOLUTE)

    Exec Addr    Load Addr    Size         Type   Attr      Idx    E Section Name        Object

    0x08000000   0x08000000   0x00000130   Data   RO         7887    RESET               startup_stm32f103xe.o
    0x08000130   0x08000130   0x00000000   Code   RO         9598  * .ARM.Collect$$$$00000000  mc_w.l(entry.o)
    0x08000130   0x08000130   0x00000004   Code   RO         9994    .ARM.Collect$$$$00000001  mc_w.l(entry2.o)
    0x08000134   0x08000134   0x00000004   Code   RO         9997    .ARM.Collect$$$$00000004  mc_w.l(entry5.o)
    0x08000138   0x08000138   0x00000000   Code   RO         9999    .ARM.Collect$$$$00000008  mc_w.l(entry7b.o)
    0x08000138   0x08000138   0x00000000   Code   RO        10001    .ARM.Collect$$$$0000000A  mc_w.l(entry8b.o)
    0x08000138   0x08000138   0x00000008   Code   RO        10002    .ARM.Collect$$$$0000000B  mc_w.l(entry9a.o)
    0x08000140   0x08000140   0x00000000   Code   RO        10004    .ARM.Collect$$$$0000000D  mc_w.l(entry10a.o)
    0x08000140   0x08000140   0x00000000   Code   RO        10006    .ARM.Collect$$$$0000000F  mc_w.l(entry11a.o)
    0x08000140   0x08000140   0x00000004   Code   RO         9995    .ARM.Collect$$$$00002712  mc_w.l(entry2.o)
    0x08000144   0x08000144   0x00000024   Code   RO         7888    .text               startup_stm32f103xe.o
    0x08000168   0x08000168   0x000000f4   Code   RO         9299    .text               context_rvds.o
    0x0800025c   0x0800025c   0x00000062   Code   RO         9601    .text               mc_w.l(ldiv.o)
    0x080002be   0x080002be   0x00000020   Code   RO         9603    .text               mc_w.l(llushr.o)
    0x080002de   0x080002de   0x00000024   Code   RO         9605    .text               mc_w.l(memcpya.o)
    0x08000302   0x08000302   0x00000024   Code   RO         9607    .text               mc_w.l(memseta.o)
    0x08000326   0x08000326   0x0000001c   Code   RO         9613    .text               mc_w.l(strcmp.o)
    0x08000342   0x08000342   0x0000001e   Code   RO         9617    .text               mc_w.l(strncmp.o)
    0x08000360   0x08000360   0x00000044   Code   RO         9619    .text               mc_w.l(strtok.o)
    0x080003a4   0x080003a4   0x0000001c   Code   RO         9916    .text               mc_w.l(calloc.o)
    0x080003c0   0x080003c0   0x00000038   Code   RO         9918    .text               mc_w.l(__0sscanf.o)
    0x080003f8   0x080003f8   0x0000014c   Code   RO         9920    .text               mc_w.l(_scanf_int.o)
    0x08000544   0x08000544   0x000000e0   Code   RO         9922    .text               mc_w.l(_scanf_str.o)
    0x08000624   0x08000624   0x00000338   Code   RO         9924    .text               mc_w.l(scanf_fp.o)
    0x0800095c   0x0800095c   0x0000001a   Code   RO         9928    .text               mc_w.l(atoi.o)
    0x08000976   0x08000976   0x000000b0   Code   RO         9930    .text               mf_w.l(fadd.o)
    0x08000a26   0x08000a26   0x00000064   Code   RO         9932    .text               mf_w.l(fmul.o)
    0x08000a8a   0x08000a8a   0x0000007c   Code   RO         9934    .text               mf_w.l(fdiv.o)
    0x08000b06   0x08000b06   0x0000014e   Code   RO         9936    .text               mf_w.l(dadd.o)
    0x08000c54   0x08000c54   0x000000e4   Code   RO         9938    .text               mf_w.l(dmul.o)
    0x08000d38   0x08000d38   0x000000de   Code   RO         9940    .text               mf_w.l(ddiv.o)
    0x08000e16   0x08000e16   0x00000012   Code   RO         9942    .text               mf_w.l(fflti.o)
    0x08000e28   0x08000e28   0x0000000a   Code   RO         9944    .text               mf_w.l(ffltui.o)
    0x08000e32   0x08000e32   0x0000002c   Code   RO         9946    .text               mf_w.l(ffltl.o)
    0x08000e5e   0x08000e5e   0x0000001a   Code   RO         9950    .text               mf_w.l(dfltui.o)
    0x08000e78   0x08000e78   0x00000028   Code   RO         9954    .text               mf_w.l(ffixui.o)
    0x08000ea0   0x08000ea0   0x00000032   Code   RO         9958    .text               mf_w.l(dfixui.o)
    0x08000ed2   0x08000ed2   0x00000026   Code   RO         9960    .text               mf_w.l(f2d.o)
    0x08000ef8   0x08000ef8   0x00000030   Code   RO         9962    .text               mf_w.l(cdcmple.o)
    0x08000f28   0x08000f28   0x00000038   Code   RO         9964    .text               mf_w.l(d2f.o)
    0x08000f60   0x08000f60   0x00000014   Code   RO         9966    .text               mf_w.l(cfcmple.o)
    0x08000f74   0x08000f74   0x0000002c   Code   RO        10008    .text               mc_w.l(uidiv.o)
    0x08000fa0   0x08000fa0   0x00000062   Code   RO        10010    .text               mc_w.l(uldiv.o)
    0x08001002   0x08001002   0x0000001e   Code   RO        10012    .text               mc_w.l(llshl.o)
    0x08001020   0x08001020   0x00000024   Code   RO        10014    .text               mc_w.l(llsshr.o)
    0x08001044   0x08001044   0x0000001c   Code   RO        10025    .text               mc_w.l(_chval.o)
    0x08001060   0x08001060   0x00000028   Code   RO        10027    .text               mc_w.l(scanf_char.o)
    0x08001088   0x08001088   0x00000040   Code   RO        10029    .text               mc_w.l(_sgetc.o)
    0x080010c8   0x080010c8   0x0000009c   Code   RO        10031    .text               mc_w.l(strtod.o)
    0x08001164   0x08001164   0x00000070   Code   RO        10033    .text               mc_w.l(strtol.o)
    0x080011d4   0x080011d4   0x00000000   Code   RO        10035    .text               mc_w.l(iusefp.o)
    0x080011d4   0x080011d4   0x0000006e   Code   RO        10036    .text               mf_w.l(fepilogue.o)
    0x08001242   0x08001242   0x000000ba   Code   RO        10040    .text               mf_w.l(depilogue.o)
    0x080012fc   0x080012fc   0x00000018   Code   RO        10042    .text               mf_w.l(dfltul.o)
    0x08001314   0x08001314   0x00000030   Code   RO        10044    .text               mf_w.l(dfixul.o)
    0x08001344   0x08001344   0x00000030   Code   RO        10046    .text               mf_w.l(cdrcmple.o)
    0x08001374   0x08001374   0x00000024   Code   RO        10048    .text               mc_w.l(init.o)
    0x08001398   0x08001398   0x00000008   Code   RO        10052    .text               mc_w.l(ctype_o.o)
    0x080013a0   0x080013a0   0x00000012   Code   RO        10074    .text               mc_w.l(isspace_o.o)
    0x080013b2   0x080013b2   0x00000002   PAD
    0x080013b4   0x080013b4   0x0000032c   Code   RO        10080    .text               mc_w.l(_scanf.o)
    0x080016e0   0x080016e0   0x0000009e   Code   RO        10082    .text               mc_w.l(_strtoul.o)
    0x0800177e   0x0800177e   0x00000056   Code   RO        10097    .text               mc_w.l(__dczerorl2.o)
    0x080017d4   0x080017d4   0x0000000a   Code   RO         7991    i.$Sub$$main        components.o
    0x080017de   0x080017de   0x00000042   Code   RO         9306    i.AD24BIT_ComputeCRC8  ocd_ad24bit-1K_SYNC.lib(ocd_ad24bit.o)
    0x08001820   0x08001820   0x00000016   Code   RO         9308    i.AD24BIT_ComputeXOR8  ocd_ad24bit-1K_SYNC.lib(ocd_ad24bit.o)
    0x08001836   0x08001836   0x000002c8   Code   RO         9309    i.AD24BIT_Config_ChannelRegister  ocd_ad24bit-1K_SYNC.lib(ocd_ad24bit.o)
    0x08001afe   0x08001afe   0x00000048   Code   RO         9310    i.AD24BIT_GetReg    ocd_ad24bit-1K_SYNC.lib(ocd_ad24bit.o)
    0x08001b46   0x08001b46   0x00000002   PAD
    0x08001b48   0x08001b48   0x00000038   Code   RO         9311    i.AD24BIT_IDCheck   ocd_ad24bit-1K_SYNC.lib(ocd_ad24bit.o)
    0x08001b80   0x08001b80   0x00000136   Code   RO         9313    i.AD24BIT_ReadRegister  ocd_ad24bit-1K_SYNC.lib(ocd_ad24bit.o)
    0x08001cb6   0x08001cb6   0x00000026   Code   RO         9314    i.AD24BIT_Reset     ocd_ad24bit-1K_SYNC.lib(ocd_ad24bit.o)
    0x08001cdc   0x08001cdc   0x00000052   Code   RO         9315    i.AD24BIT_UpdateCRCSetting  ocd_ad24bit-1K_SYNC.lib(ocd_ad24bit.o)
    0x08001d2e   0x08001d2e   0x00000066   Code   RO         9316    i.AD24BIT_WaitForReady  ocd_ad24bit-1K_SYNC.lib(ocd_ad24bit.o)
    0x08001d94   0x08001d94   0x000000ca   Code   RO         9317    i.AD24BIT_WriteRegister  ocd_ad24bit-1K_SYNC.lib(ocd_ad24bit.o)
    0x08001e5e   0x08001e5e   0x00000014   Code   RO          557    i.AD4111Thread      threadpool.o
    0x08001e72   0x08001e72   0x00000002   PAD
    0x08001e74   0x08001e74   0x00000050   Code   RO          974    i.AD_Acquisition    task_ad4111.o
    0x08001ec4   0x08001ec4   0x0000009c   Code   RO          558    i.AutoModeThread    threadpool.o
    0x08001f60   0x08001f60   0x00000004   Code   RO         2684    i.BusFault_Handler  drv_hal.o
    0x08001f64   0x08001f64   0x00000010   Code   RO          647    i.DMA1_Channel2_IRQHandler  task_irq.o
    0x08001f74   0x08001f74   0x00000010   Code   RO          648    i.DMA1_Channel4_IRQHandler  task_irq.o
    0x08001f84   0x08001f84   0x0000002c   Code   RO         4836    i.DMA_SetConfig     stm32f1xx_hal_dma.o
    0x08001fb0   0x08001fb0   0x00000010   Code   RO          559    i.DS1337Thread      threadpool.o
    0x08001fc0   0x08001fc0   0x00000002   Code   RO         2685    i.DebugMon_Handler  drv_hal.o
    0x08001fc2   0x08001fc2   0x0000000c   Code   RO         3015    i.Drv_Delay_Ms      drv_hal_delay.o
    0x08001fce   0x08001fce   0x00000050   Code   RO         3016    i.Drv_Delay_Us      drv_hal_delay.o
    0x0800201e   0x0800201e   0x00000002   PAD
    0x08002020   0x08002020   0x00000074   Code   RO         3087    i.Drv_GPIO_Init     drv_hal_gpio.o
    0x08002094   0x08002094   0x00000012   Code   RO         3091    i.Drv_GPIO_Reset    drv_hal_gpio.o
    0x080020a6   0x080020a6   0x00000012   Code   RO         3092    i.Drv_GPIO_Set      drv_hal_gpio.o
    0x080020b8   0x080020b8   0x0000005c   Code   RO         2686    i.Drv_HAL_Error     drv_hal.o
    0x08002114   0x08002114   0x00000010   Code   RO         2688    i.Drv_HAL_Init      drv_hal.o
    0x08002124   0x08002124   0x00000054   Code   RO         2690    i.Drv_HAL_PrintLog  drv_hal.o
    0x08002178   0x08002178   0x0000000e   Code   RO         3185    i.Drv_IICSoft_Init  drv_hal_iic_soft.o
    0x08002186   0x08002186   0x0000005a   Code   RO         3186    i.Drv_IICSoft_ReadByte  drv_hal_iic_soft.o
    0x080021e0   0x080021e0   0x00000056   Code   RO         3187    i.Drv_IICSoft_SendByte  drv_hal_iic_soft.o
    0x08002236   0x08002236   0x00000030   Code   RO         3188    i.Drv_IICSoft_Start  drv_hal_iic_soft.o
    0x08002266   0x08002266   0x00000030   Code   RO         3189    i.Drv_IICSoft_Stop  drv_hal_iic_soft.o
    0x08002296   0x08002296   0x0000004c   Code   RO         3190    i.Drv_IICSoft_WaitAck  drv_hal_iic_soft.o
    0x080022e2   0x080022e2   0x00000002   PAD
    0x080022e4   0x080022e4   0x00000064   Code   RO         3292    i.Drv_PWM_HighLvTimeSet  drv_hal_pwm.o
    0x08002348   0x08002348   0x0000005c   Code   RO         3293    i.Drv_PWM_Init      drv_hal_pwm.o
    0x080023a4   0x080023a4   0x00000018   Code   RO         3404    i.Drv_SPI_Init      drv_hal_spi.o
    0x080023bc   0x080023bc   0x00000018   Code   RO         3406    i.Drv_SPI_Transmit  drv_hal_spi.o
    0x080023d4   0x080023d4   0x00000024   Code   RO         3407    i.Drv_SPI_TransmitReceive  drv_hal_spi.o
    0x080023f8   0x080023f8   0x00000096   Code   RO         3586    i.Drv_Uart_DMAInit  drv_hal_uart.o
    0x0800248e   0x0800248e   0x00000022   Code   RO         3587    i.Drv_Uart_DMA_IRQHandler  drv_hal_uart.o
    0x080024b0   0x080024b0   0x00000052   Code   RO         3588    i.Drv_Uart_DMA_RxHandler  drv_hal_uart.o
    0x08002502   0x08002502   0x0000000c   Code   RO         3590    i.Drv_Uart_IRQHandler  drv_hal_uart.o
    0x0800250e   0x0800250e   0x00000034   Code   RO         3594    i.Drv_Uart_Receive_DMA  drv_hal_uart.o
    0x08002542   0x08002542   0x00000016   Code   RO         3596    i.Drv_Uart_Transmit  drv_hal_uart.o
    0x08002558   0x08002558   0x00000028   Code   RO         3597    i.Drv_Uart_Transmit_DMA  drv_hal_uart.o
    0x08002580   0x08002580   0x00000002   Code   RO          649    i.EXTI15_10_IRQHandler  task_irq.o
    0x08002582   0x08002582   0x00000002   Code   RO          650    i.EXTI9_5_IRQHandler  task_irq.o
    0x08002584   0x08002584   0x00000056   Code   RO         4837    i.HAL_DMA_Abort     stm32f1xx_hal_dma.o
    0x080025da   0x080025da   0x00000002   PAD
    0x080025dc   0x080025dc   0x000001a8   Code   RO         4838    i.HAL_DMA_Abort_IT  stm32f1xx_hal_dma.o
    0x08002784   0x08002784   0x00000008   Code   RO         4841    i.HAL_DMA_GetState  stm32f1xx_hal_dma.o
    0x0800278c   0x0800278c   0x00000398   Code   RO         4842    i.HAL_DMA_IRQHandler  stm32f1xx_hal_dma.o
    0x08002b24   0x08002b24   0x0000008c   Code   RO         4843    i.HAL_DMA_Init      stm32f1xx_hal_dma.o
    0x08002bb0   0x08002bb0   0x0000009c   Code   RO         4847    i.HAL_DMA_Start_IT  stm32f1xx_hal_dma.o
    0x08002c4c   0x08002c4c   0x00000340   Code   RO         5233    i.HAL_GPIO_Init     stm32f1xx_hal_gpio.o
    0x08002f8c   0x08002f8c   0x00000010   Code   RO         5235    i.HAL_GPIO_ReadPin  stm32f1xx_hal_gpio.o
    0x08002f9c   0x08002f9c   0x0000000c   Code   RO         5237    i.HAL_GPIO_WritePin  stm32f1xx_hal_gpio.o
    0x08002fa8   0x08002fa8   0x0000000c   Code   RO         3777    i.HAL_GetTick       stm32f1xx_hal.o
    0x08002fb4   0x08002fb4   0x00000028   Code   RO         3784    i.HAL_Init          stm32f1xx_hal.o
    0x08002fdc   0x08002fdc   0x0000004c   Code   RO         3785    i.HAL_InitTick      stm32f1xx_hal.o
    0x08003028   0x08003028   0x000000a8   Code   RO         2694    i.HAL_MspInit       drv_hal.o
    0x080030d0   0x080030d0   0x00000020   Code   RO         4470    i.HAL_NVIC_EnableIRQ  stm32f1xx_hal_cortex.o
    0x080030f0   0x080030f0   0x0000007c   Code   RO         4476    i.HAL_NVIC_SetPriority  stm32f1xx_hal_cortex.o
    0x0800316c   0x0800316c   0x00000028   Code   RO         4477    i.HAL_NVIC_SetPriorityGrouping  stm32f1xx_hal_cortex.o
    0x08003194   0x08003194   0x0000018c   Code   RO         5668    i.HAL_RCC_ClockConfig  stm32f1xx_hal_rcc.o
    0x08003320   0x08003320   0x0000000c   Code   RO         5673    i.HAL_RCC_GetHCLKFreq  stm32f1xx_hal_rcc.o
    0x0800332c   0x0800332c   0x00000020   Code   RO         5675    i.HAL_RCC_GetPCLK1Freq  stm32f1xx_hal_rcc.o
    0x0800334c   0x0800334c   0x00000020   Code   RO         5676    i.HAL_RCC_GetPCLK2Freq  stm32f1xx_hal_rcc.o
    0x0800336c   0x0800336c   0x00000094   Code   RO         5677    i.HAL_RCC_GetSysClockFreq  stm32f1xx_hal_rcc.o
    0x08003400   0x08003400   0x00000464   Code   RO         5680    i.HAL_RCC_OscConfig  stm32f1xx_hal_rcc.o
    0x08003864   0x08003864   0x000000be   Code   RO         5893    i.HAL_SPI_Init      stm32f1xx_hal_spi.o
    0x08003922   0x08003922   0x00000002   Code   RO         5895    i.HAL_SPI_MspInit   stm32f1xx_hal_spi.o
    0x08003924   0x08003924   0x000001ae   Code   RO         5901    i.HAL_SPI_Transmit  stm32f1xx_hal_spi.o
    0x08003ad2   0x08003ad2   0x0000022a   Code   RO         5902    i.HAL_SPI_TransmitReceive  stm32f1xx_hal_spi.o
    0x08003cfc   0x08003cfc   0x00000028   Code   RO         4479    i.HAL_SYSTICK_CLKSourceConfig  stm32f1xx_hal_cortex.o
    0x08003d24   0x08003d24   0x00000034   Code   RO         4481    i.HAL_SYSTICK_Config  stm32f1xx_hal_cortex.o
    0x08003d58   0x08003d58   0x000000fc   Code   RO         6296    i.HAL_TIM_PWM_ConfigChannel  stm32f1xx_hal_tim.o
    0x08003e54   0x08003e54   0x00000066   Code   RO         6299    i.HAL_TIM_PWM_Init  stm32f1xx_hal_tim.o
    0x08003eba   0x08003eba   0x00000002   Code   RO         6301    i.HAL_TIM_PWM_MspInit  stm32f1xx_hal_tim.o
    0x08003ebc   0x08003ebc   0x000000f4   Code   RO         6304    i.HAL_TIM_PWM_Start  stm32f1xx_hal_tim.o
    0x08003fb0   0x08003fb0   0x00000066   Code   RO         7225    i.HAL_UART_DMAStop  stm32f1xx_hal_uart.o
    0x08004016   0x08004016   0x00000002   Code   RO         7227    i.HAL_UART_ErrorCallback  stm32f1xx_hal_uart.o
    0x08004018   0x08004018   0x00000154   Code   RO         7230    i.HAL_UART_IRQHandler  stm32f1xx_hal_uart.o
    0x0800416c   0x0800416c   0x00000072   Code   RO         7231    i.HAL_UART_Init     stm32f1xx_hal_uart.o
    0x080041de   0x080041de   0x00000002   Code   RO         7233    i.HAL_UART_MspInit  stm32f1xx_hal_uart.o
    0x080041e0   0x080041e0   0x000000c4   Code   RO         7235    i.HAL_UART_Receive_DMA  stm32f1xx_hal_uart.o
    0x080042a4   0x080042a4   0x00000002   Code   RO         7237    i.HAL_UART_RxCpltCallback  stm32f1xx_hal_uart.o
    0x080042a6   0x080042a6   0x00000002   Code   RO         7238    i.HAL_UART_RxHalfCpltCallback  stm32f1xx_hal_uart.o
    0x080042a8   0x080042a8   0x000000d2   Code   RO         7239    i.HAL_UART_Transmit  stm32f1xx_hal_uart.o
    0x0800437a   0x0800437a   0x00000002   PAD
    0x0800437c   0x0800437c   0x0000009c   Code   RO         7240    i.HAL_UART_Transmit_DMA  stm32f1xx_hal_uart.o
    0x08004418   0x08004418   0x00000002   Code   RO         7242    i.HAL_UART_TxCpltCallback  stm32f1xx_hal_uart.o
    0x0800441a   0x0800441a   0x00000002   Code   RO         7243    i.HAL_UART_TxHalfCpltCallback  stm32f1xx_hal_uart.o
    0x0800441c   0x0800441c   0x00000094   Code   RO          560    i.HandleModeThread  threadpool.o
    0x080044b0   0x080044b0   0x0000000e   Code   RO          561    i.IMX6ULLThread     threadpool.o
    0x080044be   0x080044be   0x0000000e   Code   RO          562    i.IPCcmdThread      threadpool.o
    0x080044cc   0x080044cc   0x00000010   Code   RO          563    i.JY901Thread       threadpool.o
    0x080044dc   0x080044dc   0x00000010   Code   RO          564    i.MS5837Thread      threadpool.o
    0x080044ec   0x080044ec   0x00000004   Code   RO         2695    i.MemManage_Handler  drv_hal.o
    0x080044f0   0x080044f0   0x00000004   Code   RO         2696    i.NMI_Handler       drv_hal.o
    0x080044f4   0x080044f4   0x00000118   Code   RO         9318    i.OCD_AD24BIT_Init  ocd_ad24bit-1K_SYNC.lib(ocd_ad24bit.o)
    0x0800460c   0x0800460c   0x00000200   Code   RO         9319    i.OCD_AD24bit_GetResult  ocd_ad24bit-1K_SYNC.lib(ocd_ad24bit.o)
    0x0800480c   0x0800480c   0x00000036   Code   RO         1453    i.OCD_DS3231_Init   ocd_ds3231.o
    0x08004842   0x08004842   0x0000005e   Code   RO         1455    i.OCD_DS3231_TimeGetHex  ocd_ds3231.o
    0x080048a0   0x080048a0   0x0000008c   Code   RO         1457    i.OCD_DS3231_TimeSetHex  ocd_ds3231.o
    0x0800492c   0x0800492c   0x00000028   Code   RO         1533    i.OCD_JY901_AxisConfig  ocd_jy901.o
    0x08004954   0x08004954   0x00000038   Code   RO         1535    i.OCD_JY901_DMAInit  ocd_jy901.o
    0x0800498c   0x0800498c   0x000001fc   Code   RO         1536    i.OCD_JY901_DataConversion  ocd_jy901.o
    0x08004b88   0x08004b88   0x00000104   Code   RO         1537    i.OCD_JY901_DataProcess  ocd_jy901.o
    0x08004c8c   0x08004c8c   0x00000024   Code   RO         1538    i.OCD_JY901_GyroAutoCorrect  ocd_jy901.o
    0x08004cb0   0x08004cb0   0x00000028   Code   RO         1539    i.OCD_JY901_OrientConfig  ocd_jy901.o
    0x08004cd8   0x08004cd8   0x00000028   Code   RO         1542    i.OCD_JY901_RxBaudConfig  ocd_jy901.o
    0x08004d00   0x08004d00   0x00000028   Code   RO         1543    i.OCD_JY901_RxSpeedConfig  ocd_jy901.o
    0x08004d28   0x08004d28   0x00000034   Code   RO         1544    i.OCD_JY901_RxTypeConfig  ocd_jy901.o
    0x08004d5c   0x08004d5c   0x000003d0   Code   RO         1745    i.OCD_MS5837_GetData  ocd_ms5837.o
    0x0800512c   0x0800512c   0x00000034   Code   RO         1746    i.OCD_MS5837_Init   ocd_ms5837.o
    0x08005160   0x08005160   0x00000028   Code   RO         5681    i.RCC_Delay         stm32f1xx_hal_rcc.o
    0x08005188   0x08005188   0x00000010   Code   RO          566    i.ReportDataThread  threadpool.o
    0x08005198   0x08005198   0x00000028   Code   RO         5931    i.SPI_EndRxTxTransaction  stm32f1xx_hal_spi.o
    0x080051c0   0x080051c0   0x000000d8   Code   RO         5936    i.SPI_WaitFlagStateUntilTimeout  stm32f1xx_hal_spi.o
    0x08005298   0x08005298   0x00000002   Code   RO         2697    i.SVC_Handler       drv_hal.o
    0x0800529a   0x0800529a   0x0000001a   Code   RO         9321    i.S_AD24BIT_Delay   ocd_ad24bit-1K_SYNC.lib(ocd_ad24bit.o)
    0x080052b4   0x080052b4   0x00000016   Code   RO         1458    i.S_DS3231_DelayUs  ocd_ds3231.o
    0x080052ca   0x080052ca   0x00000076   Code   RO         1459    i.S_DS3231_ReadByte  ocd_ds3231.o
    0x08005340   0x08005340   0x00000062   Code   RO         1461    i.S_DS3231_WriteByte  ocd_ds3231.o
    0x080053a2   0x080053a2   0x00000002   PAD
    0x080053a4   0x080053a4   0x00000120   Code   RO         3095    i.S_GPIO_CLKEnable  drv_hal_gpio.o
    0x080054c4   0x080054c4   0x000000f2   Code   RO         3097    i.S_GPIO_NVICParamConfig  drv_hal_gpio.o
    0x080055b6   0x080055b6   0x0000000e   Code   RO         3098    i.S_GPIO_ParamConfig  drv_hal_gpio.o
    0x080055c4   0x080055c4   0x00000066   Code   RO         2698    i.S_HAL_CLKConfig   drv_hal.o
    0x0800562a   0x0800562a   0x00000026   Code   RO         2699    i.S_HAL_RTTCLKInit  drv_hal.o
    0x08005650   0x08005650   0x0000000c   Code   RO         3191    i.S_IICSoft_DelayUs  drv_hal_iic_soft.o
    0x0800565c   0x0800565c   0x00000010   Code   RO         3192    i.S_IICSoft_READ_SDA  drv_hal_iic_soft.o
    0x0800566c   0x0800566c   0x00000012   Code   RO         3193    i.S_IICSoft_SCL_H   drv_hal_iic_soft.o
    0x0800567e   0x0800567e   0x00000012   Code   RO         3194    i.S_IICSoft_SCL_L   drv_hal_iic_soft.o
    0x08005690   0x08005690   0x00000012   Code   RO         3195    i.S_IICSoft_SDA_H   drv_hal_iic_soft.o
    0x080056a2   0x080056a2   0x00000026   Code   RO         3196    i.S_IICSoft_SDA_InputMode  drv_hal_iic_soft.o
    0x080056c8   0x080056c8   0x00000012   Code   RO         3197    i.S_IICSoft_SDA_L   drv_hal_iic_soft.o
    0x080056da   0x080056da   0x00000028   Code   RO         3198    i.S_IICSoft_SDA_OutputMode  drv_hal_iic_soft.o
    0x08005702   0x08005702   0x00000030   Code   RO         3199    i.S_IICSoft_SendAck  drv_hal_iic_soft.o
    0x08005732   0x08005732   0x00000030   Code   RO         3200    i.S_IICSoft_SendNAck  drv_hal_iic_soft.o
    0x08005762   0x08005762   0x0000000a   Code   RO         1546    i.S_JY901_Delay     ocd_jy901.o
    0x0800576c   0x0800576c   0x00000098   Code   RO         1547    i.S_JY901_ParamMatch  ocd_jy901.o
    0x08005804   0x08005804   0x0000004c   Code   RO         1548    i.S_JY901_SaveConfig  ocd_jy901.o
    0x08005850   0x08005850   0x00000028   Code   RO         1549    i.S_JY901_Setting   ocd_jy901.o
    0x08005878   0x08005878   0x00000014   Code   RO         1550    i.S_JY901_UnLock    ocd_jy901.o
    0x0800588c   0x0800588c   0x0000009a   Code   RO         1747    i.S_MS5837_CRC4     ocd_ms5837.o
    0x08005926   0x08005926   0x000000b2   Code   RO         1748    i.S_MS5837_GetCalibrationData  ocd_ms5837.o
    0x080059d8   0x080059d8   0x000000da   Code   RO         1749    i.S_MS5837_GetConversion  ocd_ms5837.o
    0x08005ab2   0x08005ab2   0x0000003a   Code   RO         1750    i.S_MS5837_Reset    ocd_ms5837.o
    0x08005aec   0x08005aec   0x000000c0   Code   RO          872    i.S_PWMHighLvTime_Function  task_reportdata.o
    0x08005bac   0x08005bac   0x000000f4   Code   RO         3294    i.S_PWM_CLKEnable   drv_hal_pwm.o
    0x08005ca0   0x08005ca0   0x00000234   Code   RO         3295    i.S_PWM_GPIOConfig  drv_hal_pwm.o
    0x08005ed4   0x08005ed4   0x000000b8   Code   RO         3296    i.S_PWM_ParamConfig  drv_hal_pwm.o
    0x08005f8c   0x08005f8c   0x00000b88   Code   RO         3297    i.S_PWM_ParamMatch  drv_hal_pwm.o
    0x08006b14   0x08006b14   0x00000080   Code   RO         3408    i.S_SPI_CLKEnable   drv_hal_spi.o
    0x08006b94   0x08006b94   0x00000074   Code   RO         3409    i.S_SPI_GPIOConfig  drv_hal_spi.o
    0x08006c08   0x08006c08   0x00000034   Code   RO         3410    i.S_SPI_ParamConfig  drv_hal_spi.o
    0x08006c3c   0x08006c3c   0x000000a8   Code   RO          814    i.S_Test_Motorsys_Function  task_test.o
    0x08006ce4   0x08006ce4   0x00000002   Code   RO         3599    i.S_Uart_CLKConfig  drv_hal_uart.o
    0x08006ce6   0x08006ce6   0x00000002   PAD
    0x08006ce8   0x08006ce8   0x000000d0   Code   RO         3600    i.S_Uart_CLKEnable  drv_hal_uart.o
    0x08006db8   0x08006db8   0x00000060   Code   RO         3601    i.S_Uart_DMAParamConfig  drv_hal_uart.o
    0x08006e18   0x08006e18   0x000000e4   Code   RO         3602    i.S_Uart_DMA_CLKEnable  drv_hal_uart.o
    0x08006efc   0x08006efc   0x00000114   Code   RO         3603    i.S_Uart_DMA_NVICConfig  drv_hal_uart.o
    0x08007010   0x08007010   0x00000168   Code   RO         3604    i.S_Uart_GPIOConfig  drv_hal_uart.o
    0x08007178   0x08007178   0x000000b0   Code   RO         3605    i.S_Uart_NVICConfig  drv_hal_uart.o
    0x08007228   0x08007228   0x00000038   Code   RO         3606    i.S_Uart_ParamConfig  drv_hal_uart.o
    0x08007260   0x08007260   0x00000344   Code   RO         3607    i.S_Uart_ParamMatch  drv_hal_uart.o
    0x080075a4   0x080075a4   0x00000010   Code   RO         7895    i.SysTick_Handler   board.o
    0x080075b4   0x080075b4   0x000000a4   Code   RO         7851    i.SystemCoreClockUpdate  system_stm32f1xx.o
    0x08007658   0x08007658   0x00000002   Code   RO         7852    i.SystemInit        system_stm32f1xx.o
    0x0800765a   0x0800765a   0x00000002   Code   RO          651    i.TIM2_IRQHandler   task_irq.o
    0x0800765c   0x0800765c   0x00000002   Code   RO          652    i.TIM3_IRQHandler   task_irq.o
    0x0800765e   0x0800765e   0x00000002   Code   RO          653    i.TIM4_IRQHandler   task_irq.o
    0x08007660   0x08007660   0x00000002   Code   RO          654    i.TIM5_IRQHandler   task_irq.o
    0x08007662   0x08007662   0x00000002   Code   RO          655    i.TIM6_IRQHandler   task_irq.o
    0x08007664   0x08007664   0x00000002   Code   RO          656    i.TIM7_IRQHandler   task_irq.o
    0x08007666   0x08007666   0x00000002   PAD
    0x08007668   0x08007668   0x0000009c   Code   RO         6317    i.TIM_Base_SetConfig  stm32f1xx_hal_tim.o
    0x08007704   0x08007704   0x00000022   Code   RO         6318    i.TIM_CCxChannelCmd  stm32f1xx_hal_tim.o
    0x08007726   0x08007726   0x00000002   PAD
    0x08007728   0x08007728   0x00000070   Code   RO         6330    i.TIM_OC1_SetConfig  stm32f1xx_hal_tim.o
    0x08007798   0x08007798   0x0000007c   Code   RO         6331    i.TIM_OC2_SetConfig  stm32f1xx_hal_tim.o
    0x08007814   0x08007814   0x00000078   Code   RO         6332    i.TIM_OC3_SetConfig  stm32f1xx_hal_tim.o
    0x0800788c   0x0800788c   0x00000054   Code   RO         6333    i.TIM_OC4_SetConfig  stm32f1xx_hal_tim.o
    0x080078e0   0x080078e0   0x00000114   Code   RO          975    i.Task_AD4111_Handle  task_ad4111.o
    0x080079f4   0x080079f4   0x0000001c   Code   RO          976    i.Task_AD4111_Sync  task_ad4111.o
    0x08007a10   0x08007a10   0x00000002   Code   RO         1108    i.Task_AutoMode_Process  task_automode.o
    0x08007a12   0x08007a12   0x00000002   PAD
    0x08007a14   0x08007a14   0x00000028   Code   RO         1073    i.Task_DS1337_Handle  task_ds1337.o
    0x08007a3c   0x08007a3c   0x0000003c   Code   RO         1074    i.Task_DS1337_SYNC  task_ds1337.o
    0x08007a78   0x08007a78   0x00000148   Code   RO         1143    i.Task_HandleMode_Process  task_handlemode.o
    0x08007bc0   0x08007bc0   0x0000010c   Code   RO         1042    i.Task_IMX6ULL_Handle  task_imx6ull.o
    0x08007ccc   0x08007ccc   0x0000068c   Code   RO         1016    i.Task_IPCcmd_Handle  task_ipccmd.o
    0x08008358   0x08008358   0x000000b0   Code   RO          912    i.Task_JY901_Handle  task_jy901.o
    0x08008408   0x08008408   0x0000003c   Code   RO          945    i.Task_MS5837_Handle  task_ms5837.o
    0x08008444   0x08008444   0x00000018   Code   RO         1177    i.Task_MotorSys_Init  task_motorsys.o
    0x0800845c   0x0800845c   0x0000005c   Code   RO         1181    i.Task_MotorSys_Steer_Angle_Set  task_motorsys.o
    0x080084b8   0x080084b8   0x0000001c   Code   RO         1182    i.Task_MotorSys_Thruster_SpeedSet  task_motorsys.o
    0x080084d4   0x080084d4   0x0000003c   Code   RO          873    i.Task_ReportData_Handle  task_reportdata.o
    0x08008510   0x08008510   0x00000018   Code   RO          816    i.Task_Test_Handle  task_test.o
    0x08008528   0x08008528   0x000000d0   Code   RO          783    i.Task_UserInit     task_userinit.o
    0x080085f8   0x080085f8   0x0000000c   Code   RO          567    i.TestThread        threadpool.o
    0x08008604   0x08008604   0x0000001c   Code   RO          657    i.UART4_IRQHandler  task_irq.o
    0x08008620   0x08008620   0x00000002   Code   RO          658    i.UART5_IRQHandler  task_irq.o
    0x08008622   0x08008622   0x00000014   Code   RO         7244    i.UART_DMAAbortOnError  stm32f1xx_hal_uart.o
    0x08008636   0x08008636   0x00000050   Code   RO         7245    i.UART_DMAError     stm32f1xx_hal_uart.o
    0x08008686   0x08008686   0x00000046   Code   RO         7246    i.UART_DMAReceiveCplt  stm32f1xx_hal_uart.o
    0x080086cc   0x080086cc   0x0000000e   Code   RO         7248    i.UART_DMARxHalfCplt  stm32f1xx_hal_uart.o
    0x080086da   0x080086da   0x00000036   Code   RO         7250    i.UART_DMATransmitCplt  stm32f1xx_hal_uart.o
    0x08008710   0x08008710   0x0000000e   Code   RO         7252    i.UART_DMATxHalfCplt  stm32f1xx_hal_uart.o
    0x0800871e   0x0800871e   0x00000020   Code   RO         7254    i.UART_EndRxTransfer  stm32f1xx_hal_uart.o
    0x0800873e   0x0800873e   0x00000020   Code   RO         7255    i.UART_EndTransmit_IT  stm32f1xx_hal_uart.o
    0x0800875e   0x0800875e   0x00000014   Code   RO         7256    i.UART_EndTxTransfer  stm32f1xx_hal_uart.o
    0x08008772   0x08008772   0x000000a0   Code   RO         7257    i.UART_Receive_IT   stm32f1xx_hal_uart.o
    0x08008812   0x08008812   0x00000002   PAD
    0x08008814   0x08008814   0x000000fc   Code   RO         7258    i.UART_SetConfig    stm32f1xx_hal_uart.o
    0x08008910   0x08008910   0x00000060   Code   RO         7259    i.UART_Transmit_IT  stm32f1xx_hal_uart.o
    0x08008970   0x08008970   0x0000006c   Code   RO         7260    i.UART_WaitOnFlagUntilTimeout  stm32f1xx_hal_uart.o
    0x080089dc   0x080089dc   0x00000028   Code   RO          659    i.USART1_IRQHandler  task_irq.o
    0x08008a04   0x08008a04   0x00000024   Code   RO          660    i.USART2_IRQHandler  task_irq.o
    0x08008a28   0x08008a28   0x00000028   Code   RO          661    i.USART3_IRQHandler  task_irq.o
    0x08008a50   0x08008a50   0x00000004   Code   RO         2700    i.UsageFault_Handler  drv_hal.o
    0x08008a54   0x08008a54   0x0000027c   Code   RO          240    i.UserLogic_Code    usercode.o
    0x08008cd0   0x08008cd0   0x00000020   Code   RO         9860    i.__0printf         mc_w.l(printfa.o)
    0x08008cf0   0x08008cf0   0x00000024   Code   RO         9865    i.__0vsnprintf      mc_w.l(printfa.o)
    0x08008d14   0x08008d14   0x00000010   Code   RO         4483    i.__NVIC_GetPriorityGrouping  stm32f1xx_hal_cortex.o
    0x08008d24   0x08008d24   0x00000028   Code   RO         4484    i.__NVIC_SetPriority  stm32f1xx_hal_cortex.o
    0x08008d4c   0x08008d4c   0x00000008   Code   RO        10018    i.__aeabi_errno_addr  mc_w.l(errno.o)
    0x08008d54   0x08008d54   0x0000000c   Code   RO        10019    i.__read_errno      mc_w.l(errno.o)
    0x08008d60   0x08008d60   0x0000004c   Code   RO         8430    i.__rt_ffs          kservice.o
    0x08008dac   0x08008dac   0x0000000e   Code   RO        10091    i.__scatterload_copy  mc_w.l(handlers.o)
    0x08008dba   0x08008dba   0x00000002   Code   RO        10092    i.__scatterload_null  mc_w.l(handlers.o)
    0x08008dbc   0x08008dbc   0x0000000e   Code   RO        10093    i.__scatterload_zeroinit  mc_w.l(handlers.o)
    0x08008dca   0x08008dca   0x00000002   PAD
    0x08008dcc   0x08008dcc   0x0000000c   Code   RO        10020    i.__set_errno       mc_w.l(errno.o)
    0x08008dd8   0x08008dd8   0x00000164   Code   RO         9867    i._fp_digits        mc_w.l(printfa.o)
    0x08008f3c   0x08008f3c   0x0000000e   Code   RO         9926    i._is_digit         mc_w.l(scanf_fp.o)
    0x08008f4a   0x08008f4a   0x00000002   PAD
    0x08008f4c   0x08008f4c   0x000006dc   Code   RO         9868    i._printf_core      mc_w.l(printfa.o)
    0x08009628   0x08009628   0x00000024   Code   RO         9869    i._printf_post_padding  mc_w.l(printfa.o)
    0x0800964c   0x0800964c   0x0000002e   Code   RO         9870    i._printf_pre_padding  mc_w.l(printfa.o)
    0x0800967a   0x0800967a   0x00000002   PAD
    0x0800967c   0x0800967c   0x0000009c   Code   RO         8971    i._rt_thread_init   thread.o
    0x08009718   0x08009718   0x00000042   Code   RO         9123    i._rt_timer_init    timer.o
    0x0800975a   0x0800975a   0x0000001c   Code   RO         9124    i._rt_timer_remove  timer.o
    0x08009776   0x08009776   0x00000016   Code   RO         9871    i._snputc           mc_w.l(printfa.o)
    0x0800978c   0x0800978c   0x0000001c   Code   RO         8972    i._thread_cleanup_execute  thread.o
    0x080097a8   0x080097a8   0x0000002a   Code   RO         9579    i.atof              m_ws.l(atof.o)
    0x080097d2   0x080097d2   0x00000002   PAD
    0x080097d4   0x080097d4   0x00000034   Code   RO         2702    i.fputc             drv_hal.o
    0x08009808   0x08009808   0x00000050   Code   RO         9888    i.free              mc_w.l(malloc.o)
    0x08009858   0x08009858   0x00000024   Code   RO            4    i.main              main.o
    0x0800987c   0x0800987c   0x0000000e   Code   RO         7992    i.main_thread_entry  components.o
    0x0800988a   0x0800988a   0x00000002   PAD
    0x0800988c   0x0800988c   0x0000006c   Code   RO         9889    i.malloc            mc_w.l(malloc.o)
    0x080098f8   0x080098f8   0x00000078   Code   RO         8607    i.plug_holes        mem.o
    0x08009970   0x08009970   0x00000198   Code   RO         8432    i.print_number      kservice.o
    0x08009b08   0x08009b08   0x00000030   Code   RO         7993    i.rt_application_init  components.o
    0x08009b38   0x08009b38   0x0000001c   Code   RO         7994    i.rt_components_board_init  components.o
    0x08009b54   0x08009b54   0x0000001c   Code   RO         7995    i.rt_components_init  components.o
    0x08009b70   0x08009b70   0x00000020   Code   RO         8893    i.rt_enter_critical  scheduler.o
    0x08009b90   0x08009b90   0x00000044   Code   RO         8894    i.rt_exit_critical  scheduler.o
    0x08009bd4   0x08009bd4   0x000000f8   Code   RO         8609    i.rt_free           mem.o
    0x08009ccc   0x08009ccc   0x00000008   Code   RO         7896    i.rt_heap_begin_get  board.o
    0x08009cd4   0x08009cd4   0x00000008   Code   RO         7897    i.rt_heap_end_get   board.o
    0x08009cdc   0x08009cdc   0x00000034   Code   RO         7898    i.rt_hw_board_init  board.o
    0x08009d10   0x08009d10   0x00000050   Code   RO         7899    i.rt_hw_console_output  board.o
    0x08009d60   0x08009d60   0x00000200   Code   RO         9263    i.rt_hw_hard_fault_exception  cpuport.o
    0x08009f60   0x08009f60   0x0000004c   Code   RO         9264    i.rt_hw_stack_init  cpuport.o
    0x08009fac   0x08009fac   0x00000034   Code   RO         8391    i.rt_interrupt_enter  irq.o
    0x08009fe0   0x08009fe0   0x00000034   Code   RO         8394    i.rt_interrupt_leave  irq.o
    0x0800a014   0x0800a014   0x00000014   Code   RO         8119    i.rt_ipc_list_resume  ipc.o
    0x0800a028   0x0800a028   0x0000006e   Code   RO         8121    i.rt_ipc_list_suspend  ipc.o
    0x0800a096   0x0800a096   0x00000010   Code   RO         8122    i.rt_ipc_object_init  ipc.o
    0x0800a0a6   0x0800a0a6   0x00000002   PAD
    0x0800a0a8   0x0800a0a8   0x00000030   Code   RO         8436    i.rt_kprintf        kservice.o
    0x0800a0d8   0x0800a0d8   0x00000006   Code   RO         8123    i.rt_list_init      ipc.o
    0x0800a0de   0x0800a0de   0x00000006   Code   RO         8895    i.rt_list_init      scheduler.o
    0x0800a0e4   0x0800a0e4   0x00000006   Code   RO         9125    i.rt_list_init      timer.o
    0x0800a0ea   0x0800a0ea   0x0000000e   Code   RO         8774    i.rt_list_insert_after  object.o
    0x0800a0f8   0x0800a0f8   0x0000000e   Code   RO         8973    i.rt_list_insert_after  thread.o
    0x0800a106   0x0800a106   0x0000000e   Code   RO         9126    i.rt_list_insert_after  timer.o
    0x0800a114   0x0800a114   0x0000000e   Code   RO         8124    i.rt_list_insert_before  ipc.o
    0x0800a122   0x0800a122   0x00000010   Code   RO         8125    i.rt_list_isempty   ipc.o
    0x0800a132   0x0800a132   0x00000010   Code   RO         9127    i.rt_list_isempty   timer.o
    0x0800a142   0x0800a142   0x00000012   Code   RO         8775    i.rt_list_remove    object.o
    0x0800a154   0x0800a154   0x00000012   Code   RO         8974    i.rt_list_remove    thread.o
    0x0800a166   0x0800a166   0x00000012   Code   RO         9128    i.rt_list_remove    timer.o
    0x0800a178   0x0800a178   0x00000188   Code   RO         8611    i.rt_malloc         mem.o
    0x0800a300   0x0800a300   0x0000007c   Code   RO         8440    i.rt_memcpy         kservice.o
    0x0800a37c   0x0800a37c   0x00000048   Code   RO         8442    i.rt_memset         kservice.o
    0x0800a3c4   0x0800a3c4   0x00000088   Code   RO         8135    i.rt_mq_create      ipc.o
    0x0800a44c   0x0800a44c   0x00000160   Code   RO         8139    i.rt_mq_recv        ipc.o
    0x0800a5ac   0x0800a5ac   0x00000016   Code   RO         8140    i.rt_mq_send        ipc.o
    0x0800a5c2   0x0800a5c2   0x00000002   PAD
    0x0800a5c4   0x0800a5c4   0x00000144   Code   RO         8141    i.rt_mq_send_wait   ipc.o
    0x0800a708   0x0800a708   0x0000006c   Code   RO         8776    i.rt_object_allocate  object.o
    0x0800a774   0x0800a774   0x0000003c   Code   RO         8778    i.rt_object_delete  object.o
    0x0800a7b0   0x0800a7b0   0x00000034   Code   RO         8779    i.rt_object_detach  object.o
    0x0800a7e4   0x0800a7e4   0x00000028   Code   RO         8782    i.rt_object_get_information  object.o
    0x0800a80c   0x0800a80c   0x0000006c   Code   RO         8786    i.rt_object_init    object.o
    0x0800a878   0x0800a878   0x00000012   Code   RO         8787    i.rt_object_is_systemobject  object.o
    0x0800a88a   0x0800a88a   0x00000002   PAD
    0x0800a88c   0x0800a88c   0x0000009c   Code   RO         8896    i.rt_schedule       scheduler.o
    0x0800a928   0x0800a928   0x00000050   Code   RO         8897    i.rt_schedule_insert_thread  scheduler.o
    0x0800a978   0x0800a978   0x00000054   Code   RO         8898    i.rt_schedule_remove_thread  scheduler.o
    0x0800a9cc   0x0800a9cc   0x0000002a   Code   RO         8151    i.rt_sem_create     ipc.o
    0x0800a9f6   0x0800a9f6   0x00000026   Code   RO         8154    i.rt_sem_init       ipc.o
    0x0800aa1c   0x0800aa1c   0x00000068   Code   RO         8155    i.rt_sem_release    ipc.o
    0x0800aa84   0x0800aa84   0x000000a0   Code   RO         8156    i.rt_sem_take       ipc.o
    0x0800ab24   0x0800ab24   0x000000b0   Code   RO         8444    i.rt_show_version   kservice.o
    0x0800abd4   0x0800abd4   0x000000e8   Code   RO         9129    i.rt_soft_timer_check  timer.o
    0x0800acbc   0x0800acbc   0x0000001c   Code   RO         8448    i.rt_strcmp         kservice.o
    0x0800acd8   0x0800acd8   0x00000012   Code   RO         8450    i.rt_strlen         kservice.o
    0x0800acea   0x0800acea   0x00000034   Code   RO         8452    i.rt_strncpy        kservice.o
    0x0800ad1e   0x0800ad1e   0x00000002   PAD
    0x0800ad20   0x0800ad20   0x000000f8   Code   RO         8615    i.rt_system_heap_init  mem.o
    0x0800ae18   0x0800ae18   0x0000004c   Code   RO         8900    i.rt_system_scheduler_init  scheduler.o
    0x0800ae64   0x0800ae64   0x00000030   Code   RO         8901    i.rt_system_scheduler_start  scheduler.o
    0x0800ae94   0x0800ae94   0x0000001c   Code   RO         9130    i.rt_system_timer_init  timer.o
    0x0800aeb0   0x0800aeb0   0x00000054   Code   RO         9131    i.rt_system_timer_thread_init  timer.o
    0x0800af04   0x0800af04   0x00000050   Code   RO         8976    i.rt_thread_create  thread.o
    0x0800af54   0x0800af54   0x0000000c   Code   RO         8977    i.rt_thread_delay   thread.o
    0x0800af60   0x0800af60   0x00000058   Code   RO         8981    i.rt_thread_exit    thread.o
    0x0800afb8   0x0800afb8   0x00000028   Code   RO         8066    i.rt_thread_idle_entry  idle.o
    0x0800afe0   0x0800afe0   0x00000060   Code   RO         8067    i.rt_thread_idle_excute  idle.o
    0x0800b040   0x0800b040   0x0000003c   Code   RO         8069    i.rt_thread_idle_init  idle.o
    0x0800b07c   0x0800b07c   0x00000034   Code   RO         8983    i.rt_thread_init    thread.o
    0x0800b0b0   0x0800b0b0   0x00000014   Code   RO         8985    i.rt_thread_mdelay  thread.o
    0x0800b0c4   0x0800b0c4   0x00000054   Code   RO         8986    i.rt_thread_resume  thread.o
    0x0800b118   0x0800b118   0x0000000c   Code   RO         8988    i.rt_thread_self    thread.o
    0x0800b124   0x0800b124   0x00000044   Code   RO         8989    i.rt_thread_sleep   thread.o
    0x0800b168   0x0800b168   0x0000002c   Code   RO         8990    i.rt_thread_startup  thread.o
    0x0800b194   0x0800b194   0x0000005c   Code   RO         8991    i.rt_thread_suspend  thread.o
    0x0800b1f0   0x0800b1f0   0x00000020   Code   RO         8993    i.rt_thread_timeout  thread.o
    0x0800b210   0x0800b210   0x00000044   Code   RO         9132    i.rt_thread_timer_entry  timer.o
    0x0800b254   0x0800b254   0x00000064   Code   RO         8994    i.rt_thread_yield   thread.o
    0x0800b2b8   0x0800b2b8   0x00000038   Code   RO         7954    i.rt_tick_from_millisecond  clock.o
    0x0800b2f0   0x0800b2f0   0x0000000c   Code   RO         7955    i.rt_tick_get       clock.o
    0x0800b2fc   0x0800b2fc   0x00000030   Code   RO         7956    i.rt_tick_increase  clock.o
    0x0800b32c   0x0800b32c   0x000000d0   Code   RO         9133    i.rt_timer_check    timer.o
    0x0800b3fc   0x0800b3fc   0x00000062   Code   RO         9134    i.rt_timer_control  timer.o
    0x0800b45e   0x0800b45e   0x00000028   Code   RO         9137    i.rt_timer_detach   timer.o
    0x0800b486   0x0800b486   0x0000002e   Code   RO         9140    i.rt_timer_init     timer.o
    0x0800b4b4   0x0800b4b4   0x0000002c   Code   RO         9141    i.rt_timer_list_next_timeout  timer.o
    0x0800b4e0   0x0800b4e0   0x00000140   Code   RO         9143    i.rt_timer_start    timer.o
    0x0800b620   0x0800b620   0x00000048   Code   RO         9144    i.rt_timer_stop     timer.o
    0x0800b668   0x0800b668   0x00000340   Code   RO         8455    i.rt_vsnprintf      kservice.o
    0x0800b9a8   0x0800b9a8   0x00000004   Code   RO         7996    i.rti_board_end     components.o
    0x0800b9ac   0x0800b9ac   0x00000004   Code   RO         7997    i.rti_board_start   components.o
    0x0800b9b0   0x0800b9b0   0x00000004   Code   RO         7998    i.rti_end           components.o
    0x0800b9b4   0x0800b9b4   0x00000004   Code   RO         7999    i.rti_start         components.o
    0x0800b9b8   0x0800b9b8   0x0000002a   Code   RO         8000    i.rtthread_startup  components.o
    0x0800b9e2   0x0800b9e2   0x00000026   Code   RO         8457    i.skip_atoi         kservice.o
    0x0800ba08   0x0800ba08   0x0000001c   Code   RO         9591    i.strtod            m_ws.l(strtod.o)
    0x0800ba24   0x0800ba24   0x00000022   Code   RO         9595    i.strtof            m_ws.l(strtof.o)
    0x0800ba46   0x0800ba46   0x00000002   PAD
    0x0800ba48   0x0800ba48   0x000000ac   Code   RO         7900    i.uart_init         board.o
    0x0800baf4   0x0800baf4   0x0000000f   Data   RO          977    .constdata          task_ad4111.o
    0x0800bb03   0x0800bb03   0x0000000f   Data   RO         1551    .constdata          ocd_jy901.o
    0x0800bb12   0x0800bb12   0x00000018   Data   RO         7853    .constdata          system_stm32f1xx.o
    0x0800bb2a   0x0800bb2a   0x00000122   Data   RO         8459    .constdata          kservice.o
    0x0800bc4c   0x0800bc4c   0x00000081   Data   RO        10053    .constdata          mc_w.l(ctype_o.o)
    0x0800bccd   0x0800bccd   0x00000003   PAD
    0x0800bcd0   0x0800bcd0   0x00000004   Data   RO        10054    .constdata          mc_w.l(ctype_o.o)
    0x0800bcd4   0x0800bcd4   0x00000004   Data   RO         8001    .rti_fn.0           components.o
    0x0800bcd8   0x0800bcd8   0x00000004   Data   RO         8002    .rti_fn.0.end       components.o
    0x0800bcdc   0x0800bcdc   0x00000004   Data   RO         7903    .rti_fn.1           board.o
    0x0800bce0   0x0800bce0   0x00000004   Data   RO         8003    .rti_fn.1.end       components.o
    0x0800bce4   0x0800bce4   0x00000004   Data   RO         8004    .rti_fn.6.end       components.o
    0x0800bce8   0x0800bce8   0x00000020   Data   RO        10089    Region$$Table       anon$$obj.o


    Execution Region RW_IRAM1 (Exec base: 0x20000000, Load base: 0x0800bd08, Size: 0x00006d30, Max: 0x0000c000, ABSOLUTE, COMPRESSED[0x00000350])

    Exec Addr    Load Addr    Size         Type   Attr      Idx    E Section Name        Object

    0x20000000   COMPRESSED   0x0000003c   Data   RW          241    .data               usercode.o
    0x2000003c   COMPRESSED   0x00000004   PAD
    0x20000040   COMPRESSED   0x00001080   Data   RW          512    .data               config.o
    0x200010c0   COMPRESSED   0x00000014   Data   RW          875    .data               task_reportdata.o
    0x200010d4   COMPRESSED   0x0000000f   Data   RW         1044    .data               task_imx6ull.o
    0x200010e3   COMPRESSED   0x00000001   PAD
    0x200010e4   COMPRESSED   0x0000000b   Data   RW         1075    .data               task_ds1337.o
    0x200010ef   COMPRESSED   0x00000001   PAD
    0x200010f0   COMPRESSED   0x00000048   Data   RW         1751    .data               ocd_ms5837.o
    0x20001138   COMPRESSED   0x00000008   Data   RW         2704    .data               drv_hal.o
    0x20001140   COMPRESSED   0x00000004   Data   RW         3298    .data               drv_hal_pwm.o
    0x20001144   COMPRESSED   0x00000009   Data   RW         3791    .data               stm32f1xx_hal.o
    0x2000114d   COMPRESSED   0x00000003   PAD
    0x20001150   COMPRESSED   0x00000004   Data   RW         7854    .data               system_stm32f1xx.o
    0x20001154   COMPRESSED   0x00000004   Data   RW         7958    .data               clock.o
    0x20001158   COMPRESSED   0x00000009   Data   RW         8396    .data               irq.o
    0x20001161   COMPRESSED   0x00000003   PAD
    0x20001164   COMPRESSED   0x00000020   Data   RW         8617    .data               mem.o
    0x20001184   COMPRESSED   0x000000a4   Data   RW         8792    .data               object.o
    0x20001228   COMPRESSED   0x0000001c   Data   RW         8903    .data               scheduler.o
    0x20001244   COMPRESSED   0x0000000c   Data   RW         8995    .data               thread.o
    0x20001250   COMPRESSED   0x00000020   Data   RW         9146    .data               timer.o
    0x20001270   COMPRESSED   0x00000010   Data   RW         9265    .data               cpuport.o
    0x20001280   COMPRESSED   0x00000294   Data   RW         9323    .data               ocd_ad24bit-1K_SYNC.lib(ocd_ad24bit.o)
    0x20001514   COMPRESSED   0x00000004   Data   RW         9620    .data               mc_w.l(strtok.o)
    0x20001518   COMPRESSED   0x00000004   Data   RW        10016    .data               mc_w.l(mvars.o)
    0x2000151c   COMPRESSED   0x00000004   Data   RW        10017    .data               mc_w.l(mvars.o)
    0x20001520   COMPRESSED   0x00000004   Data   RW        10021    .data               mc_w.l(errno.o)
    0x20001524        -       0x0000008a   Zero   RW          874    .bss                task_reportdata.o
    0x200015ae   COMPRESSED   0x00000002   PAD
    0x200015b0        -       0x00000090   Zero   RW         1043    .bss                task_imx6ull.o
    0x20001640        -       0x00000100   Zero   RW         2703    .bss                drv_hal.o
    0x20001740        -       0x00003c40   Zero   RW         7901    .bss                board.o
    0x20005380        -       0x00000190   Zero   RW         8071    .bss                idle.o
    0x20005510        -       0x00000080   Zero   RW         8458    .bss                kservice.o
    0x20005590        -       0x00000020   Zero   RW         8616    .bss                mem.o
    0x200055b0        -       0x00000100   Zero   RW         8902    .bss                scheduler.o
    0x200056b0        -       0x00000280   Zero   RW         9145    .bss                timer.o
    0x20005930        -       0x00001000   Zero   RW         7886    HEAP                startup_stm32f103xe.o
    0x20006930        -       0x00000400   Zero   RW         7885    STACK               startup_stm32f103xe.o


==============================================================================

Image component sizes


      Code (inc. data)   RO Data    RW Data    ZI Data      Debug   Object Name

       336         30          4          0      15424       4316   board.o
       116         12          0          4          0       1840   clock.o
       186         30         16          0          0       6196   components.o
         0          0          0       4224          0       7396   config.o
       244         28          0          0          0        816   context_rvds.o
       588        328          0         16          0       3454   cpuport.o
       572        112          0          8        256       8741   drv_hal.o
        92          0          0          0          0       1190   drv_hal_delay.o
       696         44          0          0          0       4032   drv_hal_gpio.o
       636          0          0          0          0       9330   drv_hal_iic_soft.o
      4136       1300          0          4          0       6539   drv_hal_pwm.o
       380         60          0          0          0       3972   drv_hal_spi.o
      2630        254          0          0          0      10843   drv_hal_uart.o
       196         30          0          0        400       5454   idle.o
      1360         24          0          0          0      13300   ipc.o
       104         20          0          9          0       1878   irq.o
      1872        164        290          0        128      10512   kservice.o
        36         16          0          0          0     502263   main.o
      1008        234          0         32         32       4180   mem.o
       418         24          0        164          0       9004   object.o
       526          0          0          0          0       4294   ocd_ds3231.o
      1370        104         15          0          0       9091   ocd_jy901.o
      1636         76          0         72          0       5128   ocd_ms5837.o
       550         94          0         28        256       8842   scheduler.o
        36          8        304          0       5120        932   startup_stm32f103xe.o
       128         24          0          9          0       5847   stm32f1xx_hal.o
       344         22          0          0          0      30357   stm32f1xx_hal_cortex.o
      1778         28          0          0          0       6289   stm32f1xx_hal_dma.o
       860         40          0          0          0       3635   stm32f1xx_hal_gpio.o
      1784        110          0          0          0       6500   stm32f1xx_hal_rcc.o
      1432          6          0          0          0       6522   stm32f1xx_hal_spi.o
      1230         80          0          0          0       8142   stm32f1xx_hal_tim.o
      2082         38          0          0          0      17920   stm32f1xx_hal_uart.o
       166         22         24          4          0       2343   system_stm32f1xx.o
       384         74         15          0          0       2201   task_ad4111.o
         2          0          0          0          0       1412   task_automode.o
       100         18          0         11          0       1772   task_ds1337.o
       328         24          0          0          0       1266   task_handlemode.o
       268        114          0         15        144       2032   task_imx6ull.o
      1676        202          0          0          0       1849   task_ipccmd.o
       194         42          0          0          0       7148   task_irq.o
       176         14          0          0          0        556   task_jy901.o
       144         26          0          0          0       1763   task_motorsys.o
        60         14          0          0          0        517   task_ms5837.o
       252         52          0         20        138       2164   task_reportdata.o
       192         30          0          0          0       1111   task_test.o
       208         94          0          0          0        612   task_userinit.o
       900         56          0         12          0      14153   thread.o
       428         72          0          0          0       5322   threadpool.o
      1388        102          0         32        640      14399   timer.o
       636        314          0         60          0     440795   usercode.o

    ----------------------------------------------------------------------
     36896       4610        700       4736      22540    1230170   Object Totals
         0          0         32          0          0          0   (incl. Generated)
        32          0          0         12          2          0   (incl. Padding)

    ----------------------------------------------------------------------

      Code (inc. data)   RO Data    RW Data    ZI Data      Debug   Library Member Name

        42          0          0          0          0         84   atof.o
        28          0          0          0          0         80   strtod.o
        34          0          0          0          0         84   strtof.o
        56          8          0          0          0         84   __0sscanf.o
        86          0          0          0          0          0   __dczerorl2.o
        28          0          0          0          0         68   _chval.o
       812          4          0          0          0        112   _scanf.o
       332          0          0          0          0         96   _scanf_int.o
       224          0          0          0          0         96   _scanf_str.o
        64          0          0          0          0         84   _sgetc.o
       158          0          0          0          0         92   _strtoul.o
        26          0          0          0          0         80   atoi.o
        28          0          0          0          0         76   calloc.o
         8          4        133          0          0         68   ctype_o.o
         0          0          0          0          0          0   entry.o
         0          0          0          0          0          0   entry10a.o
         0          0          0          0          0          0   entry11a.o
         8          4          0          0          0          0   entry2.o
         4          0          0          0          0          0   entry5.o
         0          0          0          0          0          0   entry7b.o
         0          0          0          0          0          0   entry8b.o
         8          4          0          0          0          0   entry9a.o
        32         16          0          4          0        204   errno.o
        30          0          0          0          0          0   handlers.o
        36          8          0          0          0         68   init.o
        18          0          0          0          0         76   isspace_o.o
         0          0          0          0          0          0   iusefp.o
        98          0          0          0          0         84   ldiv.o
        30          0          0          0          0         68   llshl.o
        36          0          0          0          0         68   llsshr.o
        32          0          0          0          0         68   llushr.o
       188         20          0          0          0        160   malloc.o
        36          0          0          0          0         68   memcpya.o
        36          0          0          0          0        108   memseta.o
         0          0          0          8          0          0   mvars.o
      2284         94          0          0          0        592   printfa.o
        40          8          0          0          0         84   scanf_char.o
       838         12          0          0          0        216   scanf_fp.o
        28          0          0          0          0         76   strcmp.o
        30          0          0          0          0         80   strncmp.o
       156         14          0          0          0        120   strtod.o
        68          6          0          4          0         80   strtok.o
       112          0          0          0          0         88   strtol.o
        44          0          0          0          0         80   uidiv.o
        98          0          0          0          0         92   uldiv.o
        48          0          0          0          0         68   cdcmple.o
        48          0          0          0          0         68   cdrcmple.o
        20          0          0          0          0         68   cfcmple.o
        56          0          0          0          0         88   d2f.o
       334          0          0          0          0        148   dadd.o
       222          0          0          0          0        100   ddiv.o
       186          0          0          0          0        176   depilogue.o
        50          0          0          0          0         76   dfixui.o
        48          0          0          0          0         68   dfixul.o
        26          0          0          0          0         76   dfltui.o
        24          0          0          0          0         76   dfltul.o
       228          0          0          0          0         96   dmul.o
        38          0          0          0          0         68   f2d.o
       176          0          0          0          0        140   fadd.o
       124          0          0          0          0         88   fdiv.o
       110          0          0          0          0        168   fepilogue.o
        40          0          0          0          0         68   ffixui.o
        18          0          0          0          0         68   fflti.o
        44          0          0          0          0         92   ffltl.o
        10          0          0          0          0         68   ffltui.o
       100          0          0          0          0         76   fmul.o
      2480         44          0        660          0     427279   ocd_ad24bit.o

    ----------------------------------------------------------------------
     10660        246        136        676          0     432807   Library Totals
        14          0          3          0          0          0   (incl. Padding)

    ----------------------------------------------------------------------

      Code (inc. data)   RO Data    RW Data    ZI Data      Debug   Library Name

       104          0          0          0          0        248   m_ws.l
      6112        202        133         16          0       3336   mc_w.l
      1950          0          0          0          0       1944   mf_w.l
      2480         44          0        660          0     427279   ocd_ad24bit-1K_SYNC.lib

    ----------------------------------------------------------------------
     10660        246        136        676          0     432807   Library Totals

    ----------------------------------------------------------------------

==============================================================================


      Code (inc. data)   RO Data    RW Data    ZI Data      Debug   

     47556       4856        836       5412      22540    1643397   Grand Totals
     47556       4856        836        848      22540    1643397   ELF Image Totals (compressed)
     47556       4856        836        848          0          0   ROM Totals

==============================================================================

    Total RO  Size (Code + RO Data)                48392 (  47.26kB)
    Total RW  Size (RW Data + ZI Data)             27952 (  27.30kB)
    Total ROM Size (Code + RO Data + RW Data)      49240 (  48.09kB)

==============================================================================

